This is pdfTeX, Version 3.141592653-2.6-1.40.26 (TeX Live 2024) (preloaded format=pdflatex 2024.4.18)  13 OCT 2025 11:06
entering extended mode
 restricted \write18 enabled.
 %&-line parsing enabled.
**interactcadsample.tex
(./interactcadsample.tex
LaTeX2e <2023-11-01> patch level 1
L3 programming layer <2024-02-20>
(./interact.cls
Document Class: interact 2016/10/17 v1.03 Interact LaTeX document class
(d:/texlive/2024/texmf-dist/tex/latex/base/article.cls
Document Class: article 2023/05/17 v1.4n Standard LaTeX document class
(d:/texlive/2024/texmf-dist/tex/latex/base/size11.clo
File: size11.clo 2023/05/17 v1.4n Standard LaTeX file (size option)
)
\c@part=\count188
\c@section=\count189
\c@subsection=\count190
\c@subsubsection=\count191
\c@paragraph=\count192
\c@subparagraph=\count193
\c@figure=\count194
\c@table=\count195
\abovecaptionskip=\skip48
\belowcaptionskip=\skip49
\bibindent=\dimen140
)
(d:/texlive/2024/texmf-dist/tex/latex/amsmath/amsmath.sty
Package: amsmath 2023/05/13 v2.17o AMS math features
\@mathmargin=\skip50

For additional information on amsmath, use the `?' option.
(d:/texlive/2024/texmf-dist/tex/latex/amsmath/amstext.sty
Package: amstext 2021/08/26 v2.01 AMS text

(d:/texlive/2024/texmf-dist/tex/latex/amsmath/amsgen.sty
File: amsgen.sty 1999/11/30 v2.0 generic functions
\@emptytoks=\toks17
\ex@=\dimen141
))
(d:/texlive/2024/texmf-dist/tex/latex/amsmath/amsbsy.sty
Package: amsbsy 1999/11/29 v1.2d Bold Symbols
\pmbraise@=\dimen142
)
(d:/texlive/2024/texmf-dist/tex/latex/amsmath/amsopn.sty
Package: amsopn 2022/04/08 v2.04 operator names
)
\inf@bad=\count196
LaTeX Info: Redefining \frac on input line 234.
\uproot@=\count197
\leftroot@=\count198
LaTeX Info: Redefining \overline on input line 399.
LaTeX Info: Redefining \colon on input line 410.
\classnum@=\count199
\DOTSCASE@=\count266
LaTeX Info: Redefining \ldots on input line 496.
LaTeX Info: Redefining \dots on input line 499.
LaTeX Info: Redefining \cdots on input line 620.
\Mathstrutbox@=\box51
\strutbox@=\box52
LaTeX Info: Redefining \big on input line 722.
LaTeX Info: Redefining \Big on input line 723.
LaTeX Info: Redefining \bigg on input line 724.
LaTeX Info: Redefining \Bigg on input line 725.
\big@size=\dimen143
LaTeX Font Info:    Redeclaring font encoding OML on input line 743.
LaTeX Font Info:    Redeclaring font encoding OMS on input line 744.
\macc@depth=\count267
LaTeX Info: Redefining \bmod on input line 905.
LaTeX Info: Redefining \pmod on input line 910.
LaTeX Info: Redefining \smash on input line 940.
LaTeX Info: Redefining \relbar on input line 970.
LaTeX Info: Redefining \Relbar on input line 971.
\c@MaxMatrixCols=\count268
\dotsspace@=\muskip16
\c@parentequation=\count269
\dspbrk@lvl=\count270
\tag@help=\toks18
\row@=\count271
\column@=\count272
\maxfields@=\count273
\andhelp@=\toks19
\eqnshift@=\dimen144
\alignsep@=\dimen145
\tagshift@=\dimen146
\tagwidth@=\dimen147
\totwidth@=\dimen148
\lineht@=\dimen149
\@envbody=\toks20
\multlinegap=\skip51
\multlinetaggap=\skip52
\mathdisplay@stack=\toks21
LaTeX Info: Redefining \[ on input line 2953.
LaTeX Info: Redefining \] on input line 2954.
)
(d:/texlive/2024/texmf-dist/tex/latex/amsfonts/amssymb.sty
Package: amssymb 2013/01/14 v3.01 AMS font symbols

(d:/texlive/2024/texmf-dist/tex/latex/amsfonts/amsfonts.sty
Package: amsfonts 2013/01/14 v3.01 Basic AMSFonts support
\symAMSa=\mathgroup4
\symAMSb=\mathgroup5
LaTeX Font Info:    Redeclaring math symbol \hbar on input line 98.
LaTeX Font Info:    Overwriting math alphabet `\mathfrak' in version `bold'
(Font)                  U/euf/m/n --> U/euf/b/n on input line 106.
))
(d:/texlive/2024/texmf-dist/tex/latex/amscls/amsthm.sty
Package: amsthm 2020/05/29 v2.20.6
\thm@style=\toks22
\thm@bodyfont=\toks23
\thm@headfont=\toks24
\thm@notefont=\toks25
\thm@headpunct=\toks26
\thm@preskip=\skip53
\thm@postskip=\skip54
\thm@headsep=\skip55
\dth@everypar=\toks27
) (./booktabs.sty
Package: booktabs 2005/04/14 v1.61803 publication quality tables
\heavyrulewidth=\dimen150
\lightrulewidth=\dimen151
\cmidrulewidth=\dimen152
\belowrulesep=\dimen153
\belowbottomsep=\dimen154
\aboverulesep=\dimen155
\abovetopsep=\dimen156
\cmidrulesep=\dimen157
\cmidrulekern=\dimen158
\defaultaddspace=\dimen159
\@cmidla=\count274
\@cmidlb=\count275
\@aboverulesep=\dimen160
\@belowrulesep=\dimen161
\@thisruleclass=\count276
\@lastruleclass=\count277
\@thisrulewidth=\dimen162
)
(./epsfig.sty
Package: epsfig 1999/02/16 v1.7a (e)psfig emulation (SPQR)
 (d:/texlive/2024/texmf-dist/tex/latex/graphics/graphicx.sty
Package: graphicx 2021/09/16 v1.2d Enhanced LaTeX Graphics (DPC,SPQR)

(d:/texlive/2024/texmf-dist/tex/latex/graphics/keyval.sty
Package: keyval 2022/05/29 v1.15 key=value parser (DPC)
\KV@toks@=\toks28
)
(d:/texlive/2024/texmf-dist/tex/latex/graphics/graphics.sty
Package: graphics 2022/03/10 v1.4e Standard LaTeX Graphics (DPC,SPQR)

(d:/texlive/2024/texmf-dist/tex/latex/graphics/trig.sty
Package: trig 2021/08/11 v1.11 sin cos tan (DPC)
)
(d:/texlive/2024/texmf-dist/tex/latex/graphics-cfg/graphics.cfg
File: graphics.cfg 2016/06/04 v1.11 sample graphics configuration
)
Package graphics Info: Driver file: pdftex.def on input line 107.

(d:/texlive/2024/texmf-dist/tex/latex/graphics-def/pdftex.def
File: pdftex.def 2022/09/22 v1.2b Graphics/color driver for pdftex
))
\Gin@req@height=\dimen163
\Gin@req@width=\dimen164
)
\epsfxsize=\dimen165
\epsfysize=\dimen166
)
(./rotating.sty
Package: rotating 1997/09/26, v2.13 Rotation package
 (d:/texlive/2024/texmf-dist/tex/latex/base/ifthen.sty
Package: ifthen 2022/04/13 v1.1d Standard LaTeX ifthen package (DPC)
)
\c@r@tfl@t=\count278
\rot@float@box=\box53
)
(d:/texlive/2024/texmf-dist/tex/latex/geometry/geometry.sty
Package: geometry 2020/01/02 v5.9 Page Geometry

(d:/texlive/2024/texmf-dist/tex/generic/iftex/ifvtex.sty
Package: ifvtex 2019/10/25 v1.7 ifvtex legacy package. Use iftex instead.

(d:/texlive/2024/texmf-dist/tex/generic/iftex/iftex.sty
Package: iftex 2022/02/03 v1.0f TeX engine tests
))
\Gm@cnth=\count279
\Gm@cntv=\count280
\c@Gm@tempcnt=\count281
\Gm@bindingoffset=\dimen167
\Gm@wd@mp=\dimen168
\Gm@odd@mp=\dimen169
\Gm@even@mp=\dimen170
\Gm@layoutwidth=\dimen171
\Gm@layoutheight=\dimen172
\Gm@layouthoffset=\dimen173
\Gm@layoutvoffset=\dimen174
\Gm@dimlist=\toks29
)
\c@mv@upright=\count282
\c@mv@boldupright=\count283
LaTeX Font Info:    Overwriting symbol font `letters' in version `upright'
(Font)                  OML/cmm/m/it --> OML/eur/m/n on input line 163.
LaTeX Font Info:    Overwriting symbol font `letters' in version `boldupright'
(Font)                  OML/cmm/m/it --> OML/eur/b/n on input line 164.
\figheight=\dimen175
\figwidth=\dimen176
\tabledim=\dimen177
\LabelSep=\dimen178
\TopSep=\skip56
)
(d:/texlive/2024/texmf-dist/tex/latex/epstopdf-pkg/epstopdf.sty
Package: epstopdf 2020-01-24 v2.11 Conversion with epstopdf on the fly (HO)

(d:/texlive/2024/texmf-dist/tex/generic/infwarerr/infwarerr.sty
Package: infwarerr 2019/12/03 v1.5 Providing info/warning/error messages (HO)
)
(d:/texlive/2024/texmf-dist/tex/latex/grfext/grfext.sty
Package: grfext 2019/12/03 v1.3 Manage graphics extensions (HO)

(d:/texlive/2024/texmf-dist/tex/generic/kvdefinekeys/kvdefinekeys.sty
Package: kvdefinekeys 2019-12-19 v1.6 Define keys (HO)
))
(d:/texlive/2024/texmf-dist/tex/latex/kvoptions/kvoptions.sty
Package: kvoptions 2022-06-15 v3.15 Key value format for package options (HO)

(d:/texlive/2024/texmf-dist/tex/generic/ltxcmds/ltxcmds.sty
Package: ltxcmds 2023-12-04 v1.26 LaTeX kernel commands for general use (HO)
)
(d:/texlive/2024/texmf-dist/tex/latex/kvsetkeys/kvsetkeys.sty
Package: kvsetkeys 2022-10-05 v1.19 Key value parser (HO)
))
(d:/texlive/2024/texmf-dist/tex/generic/pdftexcmds/pdftexcmds.sty
Package: pdftexcmds 2020-06-27 v0.33 Utility functions of pdfTeX for LuaTeX (HO
)
Package pdftexcmds Info: \pdf@primitive is available.
Package pdftexcmds Info: \pdf@ifprimitive is available.
Package pdftexcmds Info: \pdfdraftmode found.
)
(d:/texlive/2024/texmf-dist/tex/latex/epstopdf-pkg/epstopdf-base.sty
Package: epstopdf-base 2020-01-24 v2.11 Base part for package epstopdf
Package epstopdf-base Info: Redefining graphics rule for `.eps' on input line 4
85.
Package grfext Info: Graphics extension search list:
(grfext)             [.pdf,.png,.jpg,.mps,.jpeg,.jbig2,.jb2,.PDF,.PNG,.JPG,.JPE
G,.JBIG2,.JB2,.eps]
(grfext)             \AppendGraphicsExtensions on input line 504.

(d:/texlive/2024/texmf-dist/tex/latex/latexconfig/epstopdf-sys.cfg
File: epstopdf-sys.cfg 2010/07/13 v1.3 Configuration of (r)epstopdf for TeX Liv
e
)))
(./subfigure.sty
Package: subfigure 2002/07/30 v2.1.4 subfigure package
\subfigtopskip=\skip57
\subfigcapskip=\skip58
\subfigcaptopadj=\dimen179
\subfigbottomskip=\skip59
\subfigcapmargin=\dimen180
\subfiglabelskip=\skip60
\c@subfigure=\count284
\c@lofdepth=\count285
\c@subtable=\count286
\c@lotdepth=\count287

****************************************
* Local config file subfigure.cfg used *
****************************************
(d:/texlive/2024/texmf-dist/tex/latex/subfigure/subfigure.cfg)
\subfig@top=\skip61
\subfig@bottom=\skip62
)
(d:/texlive/2024/texmf-dist/tex/latex/enumitem/enumitem.sty
Package: enumitem 2019/06/20 v3.9 Customized lists
\labelindent=\skip63
\enit@outerparindent=\dimen181
\enit@toks=\toks30
\enit@inbox=\box54
\enit@count@id=\count288
\enitdp@description=\count289
) (./natbib.sty
Package: natbib 2010/09/13 8.31b (PWD, AO)
\bibhang=\skip64
\bibsep=\skip65
LaTeX Info: Redefining \cite on input line 694.
\c@NAT@ctr=\count290
)
(d:/texlive/2024/texmf-dist/tex/latex/multirow/multirow.sty
Package: multirow 2021/03/15 v2.8 Span multiple rows of a table
\multirow@colwidth=\skip66
\multirow@cntb=\count291
\multirow@dima=\skip67
\bigstrutjot=\dimen182
)
(d:/texlive/2024/texmf-dist/tex/latex/algorithms/algorithm.sty
Package: algorithm 2009/08/24 v0.1 Document Style `algorithm' - floating enviro
nment

(d:/texlive/2024/texmf-dist/tex/latex/float/float.sty
Package: float 2001/11/08 v1.3d Float enhancements (AL)
\c@float@type=\count292
\float@exts=\toks31
\float@box=\box55
\@float@everytoks=\toks32
\@floatcapt=\box56
)
\@float@every@algorithm=\toks33
\c@algorithm=\count293
)
(d:/texlive/2024/texmf-dist/tex/latex/algorithmicx/algorithmicx.sty
Package: algorithmicx 2005/04/27 v1.2 Algorithmicx

Document Style algorithmicx 1.2 - a greatly improved `algorithmic' style
\c@ALG@line=\count294
\c@ALG@rem=\count295
\c@ALG@nested=\count296
\ALG@tlm=\skip68
\ALG@thistlm=\skip69
\c@ALG@Lnr=\count297
\c@ALG@blocknr=\count298
\c@ALG@storecount=\count299
\c@ALG@tmpcounter=\count300
\ALG@tmplength=\skip70
) (d:/texlive/2024/texmf-dist/tex/latex/algorithmicx/algpseudocode.sty
Package: algpseudocode 

Document Style - pseudocode environments for use with the `algorithmicx' style
) (d:/texlive/2024/texmf-dist/tex/latex/setspace/setspace.sty
Package: setspace 2022/12/04 v6.7b set line spacing
)
\c@theorem=\count301
\c@remark=\count302
\c@notation=\count303

(d:/texlive/2024/texmf-dist/tex/latex/l3backend/l3backend-pdftex.def
File: l3backend-pdftex.def 2024-02-20 L3 backend support: PDF output (pdfTeX)
\l__color_backend_stack_int=\count304
\l__pdf_internal_box=\box57
)
(./interactcadsample.aux)
\openout1 = `interactcadsample.aux'.

LaTeX Font Info:    Checking defaults for OML/cmm/m/it on input line 35.
LaTeX Font Info:    ... okay on input line 35.
LaTeX Font Info:    Checking defaults for OMS/cmsy/m/n on input line 35.
LaTeX Font Info:    ... okay on input line 35.
LaTeX Font Info:    Checking defaults for OT1/cmr/m/n on input line 35.
LaTeX Font Info:    ... okay on input line 35.
LaTeX Font Info:    Checking defaults for T1/cmr/m/n on input line 35.
LaTeX Font Info:    ... okay on input line 35.
LaTeX Font Info:    Checking defaults for TS1/cmr/m/n on input line 35.
LaTeX Font Info:    ... okay on input line 35.
LaTeX Font Info:    Checking defaults for OMX/cmex/m/n on input line 35.
LaTeX Font Info:    ... okay on input line 35.
LaTeX Font Info:    Checking defaults for U/cmr/m/n on input line 35.
LaTeX Font Info:    ... okay on input line 35.

(d:/texlive/2024/texmf-dist/tex/context/base/mkii/supp-pdf.mkii
[Loading MPS to PDF converter (version 2006.09.02).]
\scratchcounter=\count305
\scratchdimen=\dimen183
\scratchbox=\box58
\nofMPsegments=\count306
\nofMParguments=\count307
\everyMPshowfont=\toks34
\MPscratchCnt=\count308
\MPscratchDim=\dimen184
\MPnumerator=\count309
\makeMPintoPDFobject=\count310
\everyMPtoPDFconversion=\toks35
)
*geometry* driver: auto-detecting
*geometry* detected driver: pdftex
*geometry* verbose mode - [ preamble ] result:
* driver: pdftex
* paper: <default>
* layout: <same size as paper>
* layoutoffset:(h,v)=(0.0pt,0.0pt)
* modes: 
* h-part:(L,W,R)=(94.75394pt, 408.0pt, 94.75394pt)
* v-part:(T,H,B)=(78.01874pt, 650.0pt, 117.0281pt)
* \paperwidth=597.50787pt
* \paperheight=845.04684pt
* \textwidth=408.0pt
* \textheight=650.0pt
* \oddsidemargin=22.48395pt
* \evensidemargin=22.48395pt
* \topmargin=-31.25125pt
* \headheight=12.0pt
* \headsep=25.0pt
* \topskip=11.0pt
* \footskip=30.0pt
* \marginparwidth=50.0pt
* \marginparsep=10.0pt
* \columnsep=12.0pt
* \skip\footins=10.0pt plus 4.0pt minus 2.0pt
* \hoffset=0.0pt
* \voffset=0.0pt
* \mag=1000
* \@twocolumnfalse
* \@twosidefalse
* \@mparswitchfalse
* \@reversemarginfalse
* (1in=72.27pt=25.4mm, 1cm=28.453pt)


LaTeX Font Warning: Font shape `OT1/cmr/m/n' in size <13> not available
(Font)              size <12> substituted on input line 46.


LaTeX Font Warning: Font shape `OT1/cmr/bx/n' in size <13> not available
(Font)              size <12> substituted on input line 46.

LaTeX Font Info:    Calculating math sizes for size <11> on input line 46.

LaTeX Font Warning: Font shape `OT1/cmr/m/n' in size <5.5> not available
(Font)              size <5> substituted on input line 46.


LaTeX Font Warning: Font shape `OML/cmm/m/it' in size <5.5> not available
(Font)              size <5> substituted on input line 46.


LaTeX Font Warning: Font shape `OMS/cmsy/m/n' in size <5.5> not available
(Font)              size <5> substituted on input line 46.

LaTeX Font Info:    Trying to load font information for U+msa on input line 46.

(d:/texlive/2024/texmf-dist/tex/latex/amsfonts/umsa.fd
File: umsa.fd 2013/01/14 v3.01 AMS symbols A
)
LaTeX Font Info:    Trying to load font information for U+msb on input line 46.


(d:/texlive/2024/texmf-dist/tex/latex/amsfonts/umsb.fd
File: umsb.fd 2013/01/14 v3.01 AMS symbols B
) [1



{d:/texlive/2024/texmf-var/fonts/map/pdftex/updmap/pdftex.map}] [2] [3]

LaTeX Font Warning: Font shape `OT1/cmr/bx/n' in size <5.5> not available
(Font)              size <5> substituted on input line 81.

[4] [5]

LaTeX Font Warning: Font shape `OML/cmm/b/it' in size <5.5> not available
(Font)              size <5> substituted on input line 109.


LaTeX Font Warning: Font shape `OMS/cmsy/b/n' in size <5.5> not available
(Font)              size <5> substituted on input line 109.


Underfull \hbox (badness 10000) in paragraph at lines 109--110
[]\OT1/cmr/m/n/10.95 The model is pa-ram-e-ter-ized by nine hy-per-pa-ram-e-ter
s $[] =
 []

[6] [7] [8] [9]

LaTeX Warning: `h' float specifier changed to `ht'.



pdfTeX warning: pdflatex.exe (file ./FIG1.pdf): PDF inclusion: found PDF versio
n <1.7>, but at most version <1.5> allowed
<FIG1.pdf, id=51, 379.49377pt x 188.04955pt>
File: FIG1.pdf Graphic file (type pdf)
<use FIG1.pdf>
Package pdftex.def Info: FIG1.pdf  used on input line 311.
(pdftex.def)             Requested size: 367.19751pt x 181.96593pt.

LaTeX Warning: `!h' float specifier changed to `!ht'.

[10]

pdfTeX warning: pdflatex.exe (file ./FIG2.pdf): PDF inclusion: found PDF versio
n <1.7>, but at most version <1.5> allowed
<FIG2.pdf, id=56, 251.62608pt x 178.30113pt>
File: FIG2.pdf Graphic file (type pdf)
<use FIG2.pdf>
Package pdftex.def Info: FIG2.pdf  used on input line 336.
(pdftex.def)             Requested size: 326.40125pt x 231.28539pt.

LaTeX Warning: `!h' float specifier changed to `!ht'.

[11 <./FIG1.pdf>] [12 <./FIG2.pdf>]

pdfTeX warning: pdflatex.exe (file ./FIG3.pdf): PDF inclusion: found PDF versio
n <1.6>, but at most version <1.5> allowed
<FIG3.pdf, id=907, 460.82663pt x 296.37694pt>
File: FIG3.pdf Graphic file (type pdf)
<use FIG3.pdf>
Package pdftex.def Info: FIG3.pdf  used on input line 362.
(pdftex.def)             Requested size: 285.59875pt x 183.68396pt.
[13 <./FIG3.pdf>]

LaTeX Warning: `!h' float specifier changed to `!ht'.



pdfTeX warning: pdflatex.exe (file ./FIG4a.pdf): PDF inclusion: found PDF versi
on <1.6>, but at most version <1.5> allowed
<FIG4a.pdf, id=984, 421.52654pt x 350.18692pt>
File: FIG4a.pdf Graphic file (type pdf)
<use FIG4a.pdf>
Package pdftex.def Info: FIG4a.pdf  used on input line 445.
(pdftex.def)             Requested size: 421.5255pt x 350.18607pt.


pdfTeX warning: pdflatex.exe (file ./FIG4b.pdf): PDF inclusion: found PDF versi
on <1.6>, but at most version <1.5> allowed
<FIG4b.pdf, id=985, 424.31801pt x 346.46492pt>
File: FIG4b.pdf Graphic file (type pdf)
<use FIG4b.pdf>
Package pdftex.def Info: FIG4b.pdf  used on input line 447.
(pdftex.def)             Requested size: 424.31697pt x 346.46407pt.


pdfTeX warning: pdflatex.exe (file ./FIG5a.pdf): PDF inclusion: found PDF versi
on <1.6>, but at most version <1.5> allowed
<FIG5a.pdf, id=986, 422.45702pt x 348.32594pt>
File: FIG5a.pdf Graphic file (type pdf)
<use FIG5a.pdf>
Package pdftex.def Info: FIG5a.pdf  used on input line 451.
(pdftex.def)             Requested size: 422.45598pt x 348.32509pt.


pdfTeX warning: pdflatex.exe (file ./FIG5b.pdf): PDF inclusion: found PDF versi
on <1.6>, but at most version <1.5> allowed
<FIG5b.pdf, id=987, 422.14684pt x 347.70558pt>
File: FIG5b.pdf Graphic file (type pdf)
<use FIG5b.pdf>
Package pdftex.def Info: FIG5b.pdf  used on input line 453.
(pdftex.def)             Requested size: 422.1458pt x 347.70473pt.

LaTeX Warning: `!h' float specifier changed to `!ht'.

[14] [15 <./FIG4a.pdf> <./FIG4b.pdf> <./FIG5a.pdf> <./FIG5b.pdf>] [16]

LaTeX Warning: `h' float specifier changed to `ht'.



pdfTeX warning: pdflatex.exe (file ./FIG6.pdf): PDF inclusion: found PDF versio
n <1.6>, but at most version <1.5> allowed
<FIG6.pdf, id=1033, 419.35526pt x 343.05304pt>
File: FIG6.pdf Graphic file (type pdf)
<use FIG6.pdf>
Package pdftex.def Info: FIG6.pdf  used on input line 501.
(pdftex.def)             Requested size: 195.83826pt x 160.20897pt.

LaTeX Warning: `h' float specifier changed to `ht'.

[17] [18 <./FIG6.pdf>]

pdfTeX warning: pdflatex.exe (file ./FIG7.pdf): PDF inclusion: found PDF versio
n <1.6>, but at most version <1.5> allowed
<FIG7.pdf, id=1050, 418.73502pt x 340.2616pt>
File: FIG7.pdf Graphic file (type pdf)
<use FIG7.pdf>
Package pdftex.def Info: FIG7.pdf  used on input line 530.
(pdftex.def)             Requested size: 195.83826pt x 159.13898pt.
[19{d:/texlive/2024/texmf-dist/fonts/enc/dvips/cm-super/cm-super-ts1.enc} <./FI
G7.pdf>]

pdfTeX warning: pdflatex.exe (file ./FIG8.pdf): PDF inclusion: found PDF versio
n <1.7>, but at most version <1.5> allowed
<FIG8.pdf, id=1066, 370.66881pt x 185.68672pt>
File: FIG8.pdf Graphic file (type pdf)
<use FIG8.pdf>
Package pdftex.def Info: FIG8.pdf  used on input line 544.
(pdftex.def)             Requested size: 285.59875pt x 143.0727pt.


pdfTeX warning: pdflatex.exe (file ./FIG9a.pdf): PDF inclusion: found PDF versi
on <1.7>, but at most version <1.5> allowed
<FIG9a.pdf, id=1067, 428.34703pt x 321.96046pt>
File: FIG9a.pdf Graphic file (type pdf)
<use FIG9a.pdf>
Package pdftex.def Info: FIG9a.pdf  used on input line 553.
(pdftex.def)             Requested size: 428.34598pt x 321.95967pt.


pdfTeX warning: pdflatex.exe (file ./FIG9b.pdf): PDF inclusion: found PDF versi
on <1.7>, but at most version <1.5> allowed
<FIG9b.pdf, id=1068, 428.34703pt x 330.9563pt>
File: FIG9b.pdf Graphic file (type pdf)
<use FIG9b.pdf>
Package pdftex.def Info: FIG9b.pdf  used on input line 556.
(pdftex.def)             Requested size: 428.34598pt x 330.95547pt.
[20 <./FIG8.pdf>]

LaTeX Warning: `!h' float specifier changed to `!ht'.

[21 <./FIG9a.pdf> <./FIG9b.pdf

pdfTeX warning: pdflatex.exe (file ./FIG9b.pdf): PDF inclusion: multiple pdfs w
ith page group included in a single page
>]

LaTeX Warning: `!h' float specifier changed to `!ht'.



pdfTeX warning: pdflatex.exe (file ./FIG10a.pdf): PDF inclusion: found PDF vers
ion <1.6>, but at most version <1.5> allowed
<fig10a.pdf, id=1145, 415.6333pt x 343.05304pt>
File: fig10a.pdf Graphic file (type pdf)
<use fig10a.pdf>
Package pdftex.def Info: fig10a.pdf  used on input line 636.
(pdftex.def)             Requested size: 183.59875pt x 151.53531pt.


pdfTeX warning: pdflatex.exe (file ./FIG10b.pdf): PDF inclusion: found PDF vers
ion <1.6>, but at most version <1.5> allowed
<fig10b.pdf, id=1146, 418.11472pt x 343.05304pt>
File: fig10b.pdf Graphic file (type pdf)
<use fig10b.pdf>
Package pdftex.def Info: fig10b.pdf  used on input line 639.
(pdftex.def)             Requested size: 183.59875pt x 150.63496pt.


pdfTeX warning: pdflatex.exe (file ./FIG11.pdf): PDF inclusion: found PDF versi
on <1.7>, but at most version <1.5> allowed
<Fig11.pdf, id=1147, 709.4296pt x 545.4485pt>
File: Fig11.pdf Graphic file (type pdf)
<use Fig11.pdf>
Package pdftex.def Info: Fig11.pdf  used on input line 644.
(pdftex.def)             Requested size: 183.59875pt x 141.15576pt.

LaTeX Warning: `!h' float specifier changed to `!ht'.

[22] [23 <./FIG10a.pdf> <./FIG10b.pdf> <./FIG11.pdf>] [24] [25] [26] [27]
[28] [29]

LaTeX Warning: `!h' float specifier changed to `!ht'.


LaTeX Warning: `!h' float specifier changed to `!ht'.

[30] [31] [32] [33] [34] (./interactcadsample.aux)
 ***********
LaTeX2e <2023-11-01> patch level 1
L3 programming layer <2024-02-20>
 ***********


LaTeX Font Warning: Size substitutions with differences
(Font)              up to 1.0pt have occurred.

 ) 
Here is how much of TeX's memory you used:
 6139 strings out of 474116
 93124 string characters out of 5747717
 1981190 words of memory out of 5000000
 28388 multiletter control sequences out of 15000+600000
 571681 words of font info for 87 fonts, out of 8000000 for 9000
 1141 hyphenation exceptions out of 8191
 87i,13n,93p,2232b,324s stack positions out of 10000i,1000n,20000p,200000b,200000s
<d:/texlive/2024/texmf-dist/fonts/type1/public/amsfonts/cm/cmbx10.pfb><d:/tex
live/2024/texmf-dist/fonts/type1/public/amsfonts/cm/cmbx12.pfb><d:/texlive/2024
/texmf-dist/fonts/type1/public/amsfonts/cm/cmbx8.pfb><d:/texlive/2024/texmf-dis
t/fonts/type1/public/amsfonts/cm/cmbx9.pfb><d:/texlive/2024/texmf-dist/fonts/ty
pe1/public/amsfonts/cm/cmbxti10.pfb><d:/texlive/2024/texmf-dist/fonts/type1/pub
lic/amsfonts/cm/cmcsc10.pfb><d:/texlive/2024/texmf-dist/fonts/type1/public/amsf
onts/cm/cmex10.pfb><d:/texlive/2024/texmf-dist/fonts/type1/public/amsfonts/cm/c
mmi10.pfb><d:/texlive/2024/texmf-dist/fonts/type1/public/amsfonts/cm/cmmi5.pfb>
<d:/texlive/2024/texmf-dist/fonts/type1/public/amsfonts/cm/cmmi8.pfb><d:/texliv
e/2024/texmf-dist/fonts/type1/public/amsfonts/cm/cmmib10.pfb><d:/texlive/2024/t
exmf-dist/fonts/type1/public/amsfonts/cm/cmr10.pfb><d:/texlive/2024/texmf-dist/
fonts/type1/public/amsfonts/cm/cmr12.pfb><d:/texlive/2024/texmf-dist/fonts/type
1/public/amsfonts/cm/cmr5.pfb><d:/texlive/2024/texmf-dist/fonts/type1/public/am
sfonts/cm/cmr7.pfb><d:/texlive/2024/texmf-dist/fonts/type1/public/amsfonts/cm/c
mr8.pfb><d:/texlive/2024/texmf-dist/fonts/type1/public/amsfonts/cm/cmr9.pfb><d:
/texlive/2024/texmf-dist/fonts/type1/public/amsfonts/cm/cmsy10.pfb><d:/texlive/
2024/texmf-dist/fonts/type1/public/amsfonts/cm/cmsy5.pfb><d:/texlive/2024/texmf
-dist/fonts/type1/public/amsfonts/cm/cmsy8.pfb><d:/texlive/2024/texmf-dist/font
s/type1/public/amsfonts/cm/cmti10.pfb><d:/texlive/2024/texmf-dist/fonts/type1/p
ublic/amsfonts/symbols/msbm10.pfb><d:/texlive/2024/texmf-dist/fonts/type1/publi
c/cm-super/sfrm1095.pfb>
Output written on interactcadsample.pdf (34 pages, 1932676 bytes).
PDF statistics:
 1308 PDF objects out of 1440 (max. 8388607)
 1043 compressed objects within 11 object streams
 0 named destinations out of 1000 (max. 500000)
 76 words of extra memory for PDF output out of 10000 (max. 10000000)

