nohup: 忽略输入
battery shared data already exists: /home/kkkk24/桌面/attention-GP/py project/battery/generated_data/shared_data.xlsx
battery: run 240 pending tasks with 4 workers
R callback write-console: 此外:   
R callback write-console: 警告信息:
  
R callback write-console: 程序包‘tgp’是用R版本4.4.3 来建造的 
  
R callback write-console: 此外:   
R callback write-console: 警告信息:
  
R callback write-console: 程序包‘tgp’是用R版本4.4.3 来建造的 
  
R callback write-console: 此外:   
R callback write-console: 警告信息:
  
R callback write-console: 程序包‘tgp’是用R版本4.4.3 来建造的 
  
R callback write-console: 此外:   
R callback write-console: 警告信息:
  
R callback write-console: 程序包‘tgp’是用R版本4.4.3 来建造的 
  
Saved battery: method=LHS, n_initial=180, repeat=1/30, RMSE_all=15.4550, RMSE_target=7.5573, MAE_all=10.3194
Saved battery: method=K_means, n_initial=180, repeat=1/30, RMSE_all=13.7702, RMSE_target=7.4262, MAE_all=9.6524
Saved battery: method=D_opt, n_initial=180, repeat=1/30, RMSE_all=13.6676, RMSE_target=7.4065, MAE_all=10.1759
Saved battery: method=EI, n_initial=180, repeat=1/30, RMSE_all=13.8527, RMSE_target=4.9143, MAE_all=9.6335
Saved battery: method=PM, n_initial=180, repeat=1/30, RMSE_all=16.9140, RMSE_target=4.8082, MAE_all=10.5361
Saved battery: method=UCB, n_initial=180, repeat=1/30, RMSE_all=13.0488, RMSE_target=5.7591, MAE_all=9.4060
Saved battery: method=G_opt, n_initial=180, repeat=1/30, RMSE_all=13.1240, RMSE_target=5.9924, MAE_all=9.8043
Saved battery: method=LHS, n_initial=180, repeat=2/30, RMSE_all=14.7289, RMSE_target=7.3712, MAE_all=10.5930
Saved battery: method=D_opt, n_initial=180, repeat=2/30, RMSE_all=15.3262, RMSE_target=7.1583, MAE_all=10.3458
Saved battery: method=K_means, n_initial=180, repeat=2/30, RMSE_all=15.7422, RMSE_target=7.0809, MAE_all=10.3571
Saved battery: method=PM, n_initial=180, repeat=2/30, RMSE_all=13.3009, RMSE_target=6.3399, MAE_all=9.9427
Saved battery: method=IMSE, n_initial=180, repeat=1/30, RMSE_all=13.5498, RMSE_target=3.4723, MAE_all=9.4969
Saved battery: method=EI, n_initial=180, repeat=2/30, RMSE_all=13.3536, RMSE_target=7.2932, MAE_all=9.8406
Saved battery: method=G_opt, n_initial=180, repeat=2/30, RMSE_all=13.3156, RMSE_target=6.2190, MAE_all=9.4355
Saved battery: method=LHS, n_initial=180, repeat=3/30, RMSE_all=14.8689, RMSE_target=6.2541, MAE_all=9.8367
Saved battery: method=PM, n_initial=180, repeat=3/30, RMSE_all=18.8920, RMSE_target=10.3561, MAE_all=11.1967
Saved battery: method=D_opt, n_initial=180, repeat=3/30, RMSE_all=15.5772, RMSE_target=7.0241, MAE_all=9.7699
Saved battery: method=UCB, n_initial=180, repeat=2/30, RMSE_all=13.3885, RMSE_target=6.9664, MAE_all=9.9535
Saved battery: method=K_means, n_initial=180, repeat=3/30, RMSE_all=16.7485, RMSE_target=10.8466, MAE_all=10.2739
Saved battery: method=IMSE, n_initial=180, repeat=2/30, RMSE_all=13.4888, RMSE_target=8.3299, MAE_all=10.1330
Saved battery: method=G_opt, n_initial=180, repeat=3/30, RMSE_all=13.2514, RMSE_target=5.4999, MAE_all=9.3027
Saved battery: method=EI, n_initial=180, repeat=3/30, RMSE_all=13.2204, RMSE_target=5.3527, MAE_all=9.6049
Saved battery: method=LHS, n_initial=180, repeat=4/30, RMSE_all=14.0715, RMSE_target=11.9196, MAE_all=10.1407
Saved battery: method=UCB, n_initial=180, repeat=3/30, RMSE_all=13.3017, RMSE_target=5.2048, MAE_all=9.0226
Saved battery: method=D_opt, n_initial=180, repeat=4/30, RMSE_all=14.0068, RMSE_target=14.3546, MAE_all=10.2308
Saved battery: method=K_means, n_initial=180, repeat=4/30, RMSE_all=21.8611, RMSE_target=27.1756, MAE_all=11.4198
Saved battery: method=PM, n_initial=180, repeat=4/30, RMSE_all=13.6195, RMSE_target=8.6419, MAE_all=9.8838
Saved battery: method=IMSE, n_initial=180, repeat=3/30, RMSE_all=13.7418, RMSE_target=5.6631, MAE_all=9.3577
Saved battery: method=EI, n_initial=180, repeat=4/30, RMSE_all=13.3712, RMSE_target=4.6872, MAE_all=9.5576
Saved battery: method=UCB, n_initial=180, repeat=4/30, RMSE_all=13.4260, RMSE_target=7.7137, MAE_all=10.0464
Saved battery: method=LHS, n_initial=180, repeat=5/30, RMSE_all=23.8725, RMSE_target=27.3276, MAE_all=12.3084
Saved battery: method=G_opt, n_initial=180, repeat=4/30, RMSE_all=13.8876, RMSE_target=6.3061, MAE_all=10.0334
Saved battery: method=D_opt, n_initial=180, repeat=5/30, RMSE_all=13.7125, RMSE_target=8.4308, MAE_all=10.3498
Saved battery: method=K_means, n_initial=180, repeat=5/30, RMSE_all=13.6296, RMSE_target=6.1201, MAE_all=10.2432
Saved battery: method=IMSE, n_initial=180, repeat=4/30, RMSE_all=13.7244, RMSE_target=7.4290, MAE_all=10.6956
Saved battery: method=PM, n_initial=180, repeat=5/30, RMSE_all=16.2930, RMSE_target=5.5385, MAE_all=10.2901
Saved battery: method=G_opt, n_initial=180, repeat=5/30, RMSE_all=13.4030, RMSE_target=6.1088, MAE_all=9.8765
Saved battery: method=EI, n_initial=180, repeat=5/30, RMSE_all=12.9433, RMSE_target=4.9888, MAE_all=9.0195
Saved battery: method=UCB, n_initial=180, repeat=5/30, RMSE_all=13.0653, RMSE_target=5.1222, MAE_all=9.4090
Saved battery: method=LHS, n_initial=180, repeat=6/30, RMSE_all=13.6608, RMSE_target=5.8215, MAE_all=10.1372
Saved battery: method=D_opt, n_initial=180, repeat=6/30, RMSE_all=13.3737, RMSE_target=8.2088, MAE_all=10.0159
Saved battery: method=K_means, n_initial=180, repeat=6/30, RMSE_all=13.6052, RMSE_target=6.9529, MAE_all=9.7653
Saved battery: method=PM, n_initial=180, repeat=6/30, RMSE_all=14.6596, RMSE_target=4.3658, MAE_all=10.2335
Saved battery: method=IMSE, n_initial=180, repeat=5/30, RMSE_all=13.9742, RMSE_target=5.5580, MAE_all=10.5362
Saved battery: method=G_opt, n_initial=180, repeat=6/30, RMSE_all=12.9085, RMSE_target=5.8235, MAE_all=8.9358
Saved battery: method=EI, n_initial=180, repeat=6/30, RMSE_all=21.1759, RMSE_target=4.4506, MAE_all=9.9648
Saved battery: method=LHS, n_initial=180, repeat=7/30, RMSE_all=15.4749, RMSE_target=17.8909, MAE_all=10.2915
Saved battery: method=UCB, n_initial=180, repeat=6/30, RMSE_all=15.5676, RMSE_target=5.1783, MAE_all=9.7670
Saved battery: method=D_opt, n_initial=180, repeat=7/30, RMSE_all=14.1182, RMSE_target=14.2918, MAE_all=9.9216
Saved battery: method=K_means, n_initial=180, repeat=7/30, RMSE_all=13.4677, RMSE_target=6.1456, MAE_all=10.0002
Saved battery: method=IMSE, n_initial=180, repeat=6/30, RMSE_all=13.3441, RMSE_target=5.9208, MAE_all=9.5873
Saved battery: method=PM, n_initial=180, repeat=7/30, RMSE_all=19.7591, RMSE_target=11.4956, MAE_all=11.2110
Saved battery: method=G_opt, n_initial=180, repeat=7/30, RMSE_all=13.2381, RMSE_target=5.3565, MAE_all=9.7236
Saved battery: method=EI, n_initial=180, repeat=7/30, RMSE_all=13.4793, RMSE_target=6.4779, MAE_all=9.9207
Saved battery: method=LHS, n_initial=180, repeat=8/30, RMSE_all=25.4848, RMSE_target=9.1323, MAE_all=11.2031
Saved battery: method=UCB, n_initial=180, repeat=7/30, RMSE_all=13.2359, RMSE_target=5.4040, MAE_all=9.6305
Saved battery: method=D_opt, n_initial=180, repeat=8/30, RMSE_all=13.5544, RMSE_target=7.2137, MAE_all=9.7023
Saved battery: method=K_means, n_initial=180, repeat=8/30, RMSE_all=15.9758, RMSE_target=6.6551, MAE_all=10.3382
Saved battery: method=IMSE, n_initial=180, repeat=7/30, RMSE_all=13.4113, RMSE_target=8.2063, MAE_all=10.1568
Saved battery: method=PM, n_initial=180, repeat=8/30, RMSE_all=13.8072, RMSE_target=7.4238, MAE_all=10.7543
Saved battery: method=EI, n_initial=180, repeat=8/30, RMSE_all=13.8821, RMSE_target=5.6844, MAE_all=9.7929
Saved battery: method=G_opt, n_initial=180, repeat=8/30, RMSE_all=13.4935, RMSE_target=5.9401, MAE_all=9.5003
Saved battery: method=LHS, n_initial=180, repeat=9/30, RMSE_all=13.6308, RMSE_target=6.9941, MAE_all=9.8276
Saved battery: method=UCB, n_initial=180, repeat=8/30, RMSE_all=14.2361, RMSE_target=6.4297, MAE_all=9.7117
Saved battery: method=D_opt, n_initial=180, repeat=9/30, RMSE_all=14.2774, RMSE_target=18.2068, MAE_all=10.2657
Saved battery: method=K_means, n_initial=180, repeat=9/30, RMSE_all=13.3794, RMSE_target=5.8148, MAE_all=9.2062
Saved battery: method=IMSE, n_initial=180, repeat=8/30, RMSE_all=13.5492, RMSE_target=7.4558, MAE_all=9.7448
Saved battery: method=PM, n_initial=180, repeat=9/30, RMSE_all=15.7148, RMSE_target=7.1235, MAE_all=9.9925
Saved battery: method=G_opt, n_initial=180, repeat=9/30, RMSE_all=13.1666, RMSE_target=6.8031, MAE_all=9.7454
Saved battery: method=EI, n_initial=180, repeat=9/30, RMSE_all=13.4124, RMSE_target=6.0061, MAE_all=9.8729
Saved battery: method=LHS, n_initial=180, repeat=10/30, RMSE_all=16.2442, RMSE_target=7.5927, MAE_all=11.3966
Saved battery: method=UCB, n_initial=180, repeat=9/30, RMSE_all=13.3674, RMSE_target=5.8450, MAE_all=9.9043
Saved battery: method=D_opt, n_initial=180, repeat=10/30, RMSE_all=13.6556, RMSE_target=6.8704, MAE_all=9.8840
Saved battery: method=K_means, n_initial=180, repeat=10/30, RMSE_all=25.4645, RMSE_target=5.7460, MAE_all=10.4759
Saved battery: method=IMSE, n_initial=180, repeat=9/30, RMSE_all=13.7367, RMSE_target=6.8231, MAE_all=10.3131
Saved battery: method=PM, n_initial=180, repeat=10/30, RMSE_all=13.6800, RMSE_target=7.1339, MAE_all=10.2713
Saved battery: method=EI, n_initial=180, repeat=10/30, RMSE_all=13.4490, RMSE_target=6.1308, MAE_all=9.8396
Saved battery: method=G_opt, n_initial=180, repeat=10/30, RMSE_all=12.8473, RMSE_target=6.2300, MAE_all=9.3727
Saved battery: method=LHS, n_initial=180, repeat=11/30, RMSE_all=13.8162, RMSE_target=7.1307, MAE_all=10.3691
Saved battery: method=UCB, n_initial=180, repeat=10/30, RMSE_all=13.2207, RMSE_target=3.8189, MAE_all=9.4763
Saved battery: method=D_opt, n_initial=180, repeat=11/30, RMSE_all=13.8208, RMSE_target=10.2816, MAE_all=10.3769
Saved battery: method=K_means, n_initial=180, repeat=11/30, RMSE_all=16.6701, RMSE_target=6.6557, MAE_all=10.8488
Saved battery: method=IMSE, n_initial=180, repeat=10/30, RMSE_all=15.6675, RMSE_target=5.9571, MAE_all=10.2534
Saved battery: method=PM, n_initial=180, repeat=11/30, RMSE_all=16.0632, RMSE_target=8.0223, MAE_all=10.5437
Saved battery: method=G_opt, n_initial=180, repeat=11/30, RMSE_all=13.4607, RMSE_target=5.4591, MAE_all=9.0771
Saved battery: method=UCB, n_initial=180, repeat=11/30, RMSE_all=16.2250, RMSE_target=5.2434, MAE_all=9.6367
Saved battery: method=LHS, n_initial=180, repeat=12/30, RMSE_all=13.3678, RMSE_target=7.1111, MAE_all=9.9904
Saved battery: method=EI, n_initial=180, repeat=11/30, RMSE_all=13.1767, RMSE_target=5.0825, MAE_all=9.5928
Saved battery: method=D_opt, n_initial=180, repeat=12/30, RMSE_all=14.2333, RMSE_target=18.8940, MAE_all=10.4597
Saved battery: method=K_means, n_initial=180, repeat=12/30, RMSE_all=13.6506, RMSE_target=6.8104, MAE_all=9.6543
Saved battery: method=IMSE, n_initial=180, repeat=11/30, RMSE_all=13.7252, RMSE_target=5.6290, MAE_all=10.0926
Saved battery: method=PM, n_initial=180, repeat=12/30, RMSE_all=31.5139, RMSE_target=7.5073, MAE_all=12.6126
Saved battery: method=EI, n_initial=180, repeat=12/30, RMSE_all=13.3426, RMSE_target=6.1348, MAE_all=9.9096
Saved battery: method=UCB, n_initial=180, repeat=12/30, RMSE_all=13.6346, RMSE_target=6.1650, MAE_all=9.9991
Saved battery: method=G_opt, n_initial=180, repeat=12/30, RMSE_all=13.6735, RMSE_target=5.5741, MAE_all=10.0807
Saved battery: method=LHS, n_initial=180, repeat=13/30, RMSE_all=13.2627, RMSE_target=7.2215, MAE_all=9.5184
Saved battery: method=D_opt, n_initial=180, repeat=13/30, RMSE_all=13.5352, RMSE_target=9.2814, MAE_all=10.2089
Saved battery: method=K_means, n_initial=180, repeat=13/30, RMSE_all=17.6454, RMSE_target=7.7596, MAE_all=10.2839
Saved battery: method=IMSE, n_initial=180, repeat=12/30, RMSE_all=13.3125, RMSE_target=5.3887, MAE_all=9.1567
Saved battery: method=PM, n_initial=180, repeat=13/30, RMSE_all=16.8963, RMSE_target=9.8301, MAE_all=11.1499
Saved battery: method=EI, n_initial=180, repeat=13/30, RMSE_all=36.7154, RMSE_target=5.3474, MAE_all=11.2627
Saved battery: method=G_opt, n_initial=180, repeat=13/30, RMSE_all=13.1730, RMSE_target=6.5162, MAE_all=9.7597
Saved battery: method=LHS, n_initial=180, repeat=14/30, RMSE_all=16.0662, RMSE_target=23.1615, MAE_all=11.5780
Saved battery: method=UCB, n_initial=180, repeat=13/30, RMSE_all=13.4460, RMSE_target=6.4373, MAE_all=9.3144
Saved battery: method=D_opt, n_initial=180, repeat=14/30, RMSE_all=13.5518, RMSE_target=9.1951, MAE_all=10.1565
Saved battery: method=K_means, n_initial=180, repeat=14/30, RMSE_all=13.5516, RMSE_target=6.3963, MAE_all=10.0611
Saved battery: method=PM, n_initial=180, repeat=14/30, RMSE_all=13.4016, RMSE_target=8.1256, MAE_all=10.2060
Saved battery: method=IMSE, n_initial=180, repeat=13/30, RMSE_all=14.0523, RMSE_target=7.9025, MAE_all=10.5595
Saved battery: method=G_opt, n_initial=180, repeat=14/30, RMSE_all=13.3388, RMSE_target=7.7397, MAE_all=9.7076
Saved battery: method=EI, n_initial=180, repeat=14/30, RMSE_all=17.1975, RMSE_target=5.0962, MAE_all=10.2732
Saved battery: method=LHS, n_initial=180, repeat=15/30, RMSE_all=13.5746, RMSE_target=7.1564, MAE_all=10.2426
Saved battery: method=UCB, n_initial=180, repeat=14/30, RMSE_all=13.4118, RMSE_target=5.1566, MAE_all=9.3118
Saved battery: method=IMSE, n_initial=180, repeat=14/30, RMSE_all=13.6988, RMSE_target=6.5472, MAE_all=9.9708
Saved battery: method=D_opt, n_initial=180, repeat=15/30, RMSE_all=13.6746, RMSE_target=7.8256, MAE_all=10.1832
Saved battery: method=K_means, n_initial=180, repeat=15/30, RMSE_all=13.9544, RMSE_target=6.9343, MAE_all=10.5228
Saved battery: method=PM, n_initial=180, repeat=15/30, RMSE_all=26.0672, RMSE_target=26.0494, MAE_all=12.1258
Saved battery: method=G_opt, n_initial=180, repeat=15/30, RMSE_all=13.2507, RMSE_target=5.8262, MAE_all=9.7027
Saved battery: method=UCB, n_initial=180, repeat=15/30, RMSE_all=18.1572, RMSE_target=5.1600, MAE_all=10.6492
Saved battery: method=LHS, n_initial=180, repeat=16/30, RMSE_all=14.8347, RMSE_target=20.2734, MAE_all=10.4299
Saved battery: method=EI, n_initial=180, repeat=15/30, RMSE_all=13.2488, RMSE_target=5.4157, MAE_all=9.7780
Saved battery: method=D_opt, n_initial=180, repeat=16/30, RMSE_all=13.2238, RMSE_target=6.9410, MAE_all=9.5710
Saved battery: method=K_means, n_initial=180, repeat=16/30, RMSE_all=13.6085, RMSE_target=6.2995, MAE_all=9.4944
Saved battery: method=IMSE, n_initial=180, repeat=15/30, RMSE_all=14.3586, RMSE_target=9.7225, MAE_all=10.8623
Saved battery: method=PM, n_initial=180, repeat=16/30, RMSE_all=16.4644, RMSE_target=7.0492, MAE_all=11.0302
Saved battery: method=EI, n_initial=180, repeat=16/30, RMSE_all=13.0822, RMSE_target=5.5289, MAE_all=9.3247
Saved battery: method=G_opt, n_initial=180, repeat=16/30, RMSE_all=13.2865, RMSE_target=5.5755, MAE_all=9.6166
Saved battery: method=LHS, n_initial=180, repeat=17/30, RMSE_all=13.4802, RMSE_target=6.8375, MAE_all=10.0199
Saved battery: method=UCB, n_initial=180, repeat=16/30, RMSE_all=13.6161, RMSE_target=8.7777, MAE_all=10.2249
Saved battery: method=D_opt, n_initial=180, repeat=17/30, RMSE_all=16.4173, RMSE_target=11.3724, MAE_all=10.1647
Saved battery: method=K_means, n_initial=180, repeat=17/30, RMSE_all=16.4941, RMSE_target=8.8732, MAE_all=10.3706
Saved battery: method=IMSE, n_initial=180, repeat=16/30, RMSE_all=13.7537, RMSE_target=9.7004, MAE_all=10.3595
Saved battery: method=PM, n_initial=180, repeat=17/30, RMSE_all=16.0232, RMSE_target=7.4686, MAE_all=10.4172
Saved battery: method=G_opt, n_initial=180, repeat=17/30, RMSE_all=13.0982, RMSE_target=6.0035, MAE_all=9.4846
Saved battery: method=EI, n_initial=180, repeat=17/30, RMSE_all=12.9600, RMSE_target=5.3677, MAE_all=9.1345
Saved battery: method=LHS, n_initial=180, repeat=18/30, RMSE_all=13.5616, RMSE_target=9.0920, MAE_all=9.5325
Saved battery: method=UCB, n_initial=180, repeat=17/30, RMSE_all=21.2689, RMSE_target=4.8236, MAE_all=10.5091
Saved battery: method=D_opt, n_initial=180, repeat=18/30, RMSE_all=14.4565, RMSE_target=11.5554, MAE_all=10.8381
Saved battery: method=K_means, n_initial=180, repeat=18/30, RMSE_all=14.6701, RMSE_target=17.6312, MAE_all=10.6431
Saved battery: method=PM, n_initial=180, repeat=18/30, RMSE_all=15.3643, RMSE_target=5.9610, MAE_all=9.6536
Saved battery: method=IMSE, n_initial=180, repeat=17/30, RMSE_all=13.4841, RMSE_target=9.0811, MAE_all=10.2717
Saved battery: method=G_opt, n_initial=180, repeat=18/30, RMSE_all=13.2360, RMSE_target=6.1489, MAE_all=9.7590
Saved battery: method=EI, n_initial=180, repeat=18/30, RMSE_all=13.2724, RMSE_target=6.5772, MAE_all=9.6427
Saved battery: method=LHS, n_initial=180, repeat=19/30, RMSE_all=38.1582, RMSE_target=7.3723, MAE_all=12.4670
Saved battery: method=UCB, n_initial=180, repeat=18/30, RMSE_all=13.3500, RMSE_target=4.9789, MAE_all=9.7176
Saved battery: method=D_opt, n_initial=180, repeat=19/30, RMSE_all=13.6830, RMSE_target=9.0057, MAE_all=10.6269
Saved battery: method=K_means, n_initial=180, repeat=19/30, RMSE_all=13.5891, RMSE_target=6.1312, MAE_all=10.1679
Saved battery: method=IMSE, n_initial=180, repeat=18/30, RMSE_all=13.7076, RMSE_target=10.0794, MAE_all=10.6526
Saved battery: method=PM, n_initial=180, repeat=19/30, RMSE_all=16.5298, RMSE_target=8.9834, MAE_all=10.3347
Saved battery: method=G_opt, n_initial=180, repeat=19/30, RMSE_all=12.8209, RMSE_target=5.7654, MAE_all=8.9917
Saved battery: method=UCB, n_initial=180, repeat=19/30, RMSE_all=13.3072, RMSE_target=5.1891, MAE_all=9.4171
Saved battery: method=EI, n_initial=180, repeat=19/30, RMSE_all=13.7703, RMSE_target=4.5847, MAE_all=9.9959
Saved battery: method=LHS, n_initial=180, repeat=20/30, RMSE_all=17.0323, RMSE_target=16.9544, MAE_all=11.2398
Saved battery: method=D_opt, n_initial=180, repeat=20/30, RMSE_all=13.6253, RMSE_target=6.9871, MAE_all=10.1139
Saved battery: method=K_means, n_initial=180, repeat=20/30, RMSE_all=20.4345, RMSE_target=21.4754, MAE_all=11.2096
Saved battery: method=IMSE, n_initial=180, repeat=19/30, RMSE_all=13.8746, RMSE_target=4.6296, MAE_all=10.3285
Saved battery: method=PM, n_initial=180, repeat=20/30, RMSE_all=15.2277, RMSE_target=9.7045, MAE_all=10.9477
Saved battery: method=EI, n_initial=180, repeat=20/30, RMSE_all=13.2263, RMSE_target=5.6148, MAE_all=9.4632
Saved battery: method=G_opt, n_initial=180, repeat=20/30, RMSE_all=13.1935, RMSE_target=6.2559, MAE_all=9.9255
Saved battery: method=LHS, n_initial=180, repeat=21/30, RMSE_all=17.7415, RMSE_target=11.3251, MAE_all=11.0143
Saved battery: method=UCB, n_initial=180, repeat=20/30, RMSE_all=14.5748, RMSE_target=5.7146, MAE_all=9.5076
Saved battery: method=D_opt, n_initial=180, repeat=21/30, RMSE_all=13.9101, RMSE_target=6.5721, MAE_all=10.3894
Saved battery: method=IMSE, n_initial=180, repeat=20/30, RMSE_all=14.0603, RMSE_target=5.9754, MAE_all=10.3937
Saved battery: method=K_means, n_initial=180, repeat=21/30, RMSE_all=13.2549, RMSE_target=6.7857, MAE_all=9.4976
Saved battery: method=PM, n_initial=180, repeat=21/30, RMSE_all=15.0944, RMSE_target=4.2510, MAE_all=9.5576
Saved battery: method=G_opt, n_initial=180, repeat=21/30, RMSE_all=13.3442, RMSE_target=5.5275, MAE_all=9.6430
Saved battery: method=UCB, n_initial=180, repeat=21/30, RMSE_all=13.7153, RMSE_target=5.9672, MAE_all=9.3579
Saved battery: method=LHS, n_initial=180, repeat=22/30, RMSE_all=34.1253, RMSE_target=9.3577, MAE_all=12.7873
Saved battery: method=EI, n_initial=180, repeat=21/30, RMSE_all=13.1097, RMSE_target=5.9871, MAE_all=9.1088
Saved battery: method=D_opt, n_initial=180, repeat=22/30, RMSE_all=13.5951, RMSE_target=9.8633, MAE_all=10.1373
Saved battery: method=K_means, n_initial=180, repeat=22/30, RMSE_all=26.7874, RMSE_target=35.3055, MAE_all=12.1156
Saved battery: method=IMSE, n_initial=180, repeat=21/30, RMSE_all=14.2130, RMSE_target=9.0181, MAE_all=9.8308
Saved battery: method=PM, n_initial=180, repeat=22/30, RMSE_all=32.5771, RMSE_target=5.5670, MAE_all=12.0532
Saved battery: method=EI, n_initial=180, repeat=22/30, RMSE_all=13.1770, RMSE_target=5.6779, MAE_all=9.3507
Saved battery: method=G_opt, n_initial=180, repeat=22/30, RMSE_all=12.9238, RMSE_target=5.7012, MAE_all=8.9084
Saved battery: method=LHS, n_initial=180, repeat=23/30, RMSE_all=13.4562, RMSE_target=7.2245, MAE_all=9.8906
Saved battery: method=UCB, n_initial=180, repeat=22/30, RMSE_all=13.4996, RMSE_target=5.8299, MAE_all=10.0990
Saved battery: method=D_opt, n_initial=180, repeat=23/30, RMSE_all=13.5946, RMSE_target=6.6113, MAE_all=10.2370
Saved battery: method=K_means, n_initial=180, repeat=23/30, RMSE_all=13.7246, RMSE_target=6.2863, MAE_all=9.8536
Saved battery: method=IMSE, n_initial=180, repeat=22/30, RMSE_all=13.1661, RMSE_target=5.4743, MAE_all=9.3765
Saved battery: method=PM, n_initial=180, repeat=23/30, RMSE_all=14.1555, RMSE_target=9.1499, MAE_all=10.7494
Saved battery: method=G_opt, n_initial=180, repeat=23/30, RMSE_all=13.0577, RMSE_target=4.3923, MAE_all=9.0916
Saved battery: method=EI, n_initial=180, repeat=23/30, RMSE_all=13.3942, RMSE_target=5.1225, MAE_all=9.6809
Saved battery: method=LHS, n_initial=180, repeat=24/30, RMSE_all=14.0494, RMSE_target=7.7074, MAE_all=10.2014
Saved battery: method=UCB, n_initial=180, repeat=23/30, RMSE_all=16.8950, RMSE_target=5.2151, MAE_all=10.0858
Saved battery: method=D_opt, n_initial=180, repeat=24/30, RMSE_all=15.3184, RMSE_target=14.8411, MAE_all=10.1751
Saved battery: method=K_means, n_initial=180, repeat=24/30, RMSE_all=15.7109, RMSE_target=5.9102, MAE_all=9.6863
Saved battery: method=IMSE, n_initial=180, repeat=23/30, RMSE_all=13.5357, RMSE_target=4.7854, MAE_all=9.4299
Saved battery: method=PM, n_initial=180, repeat=24/30, RMSE_all=45.2380, RMSE_target=3.9320, MAE_all=13.1457
Saved battery: method=G_opt, n_initial=180, repeat=24/30, RMSE_all=13.2545, RMSE_target=5.8815, MAE_all=9.8530
Saved battery: method=EI, n_initial=180, repeat=24/30, RMSE_all=13.3338, RMSE_target=7.9883, MAE_all=9.8256
Saved battery: method=LHS, n_initial=180, repeat=25/30, RMSE_all=18.2959, RMSE_target=9.1972, MAE_all=10.9415
Saved battery: method=UCB, n_initial=180, repeat=24/30, RMSE_all=13.8477, RMSE_target=5.2487, MAE_all=9.1136
Saved battery: method=D_opt, n_initial=180, repeat=25/30, RMSE_all=15.9349, RMSE_target=7.0363, MAE_all=10.6457
Saved battery: method=K_means, n_initial=180, repeat=25/30, RMSE_all=16.6600, RMSE_target=7.4179, MAE_all=10.2727
Saved battery: method=IMSE, n_initial=180, repeat=24/30, RMSE_all=13.2243, RMSE_target=5.3963, MAE_all=9.6257
Saved battery: method=PM, n_initial=180, repeat=25/30, RMSE_all=16.2258, RMSE_target=7.8384, MAE_all=10.8303
Saved battery: method=G_opt, n_initial=180, repeat=25/30, RMSE_all=13.9173, RMSE_target=6.1956, MAE_all=10.1083
Saved battery: method=EI, n_initial=180, repeat=25/30, RMSE_all=13.6947, RMSE_target=5.9650, MAE_all=10.0304
Saved battery: method=LHS, n_initial=180, repeat=26/30, RMSE_all=40.4736, RMSE_target=8.3360, MAE_all=13.2753
Saved battery: method=UCB, n_initial=180, repeat=25/30, RMSE_all=13.0160, RMSE_target=4.7248, MAE_all=9.0745
Saved battery: method=D_opt, n_initial=180, repeat=26/30, RMSE_all=43.2321, RMSE_target=7.0272, MAE_all=13.8905
Saved battery: method=K_means, n_initial=180, repeat=26/30, RMSE_all=16.1659, RMSE_target=5.8590, MAE_all=9.9059
Saved battery: method=IMSE, n_initial=180, repeat=25/30, RMSE_all=13.7826, RMSE_target=5.4969, MAE_all=10.3722
Saved battery: method=PM, n_initial=180, repeat=26/30, RMSE_all=16.5849, RMSE_target=8.3759, MAE_all=10.8257
Saved battery: method=EI, n_initial=180, repeat=26/30, RMSE_all=13.8542, RMSE_target=4.9555, MAE_all=9.4730
Saved battery: method=G_opt, n_initial=180, repeat=26/30, RMSE_all=13.0843, RMSE_target=6.1122, MAE_all=9.5687
Saved battery: method=LHS, n_initial=180, repeat=27/30, RMSE_all=14.6624, RMSE_target=17.4576, MAE_all=10.2575
Saved battery: method=UCB, n_initial=180, repeat=26/30, RMSE_all=13.5926, RMSE_target=7.4603, MAE_all=10.1780
Saved battery: method=IMSE, n_initial=180, repeat=26/30, RMSE_all=23.7328, RMSE_target=26.0442, MAE_all=10.8367
Saved battery: method=K_means, n_initial=180, repeat=27/30, RMSE_all=16.3443, RMSE_target=7.6669, MAE_all=10.1590
Saved battery: method=D_opt, n_initial=180, repeat=27/30, RMSE_all=13.5329, RMSE_target=8.3631, MAE_all=10.1396
Saved battery: method=PM, n_initial=180, repeat=27/30, RMSE_all=26.6784, RMSE_target=5.4094, MAE_all=12.1888
Saved battery: method=G_opt, n_initial=180, repeat=27/30, RMSE_all=13.5131, RMSE_target=5.7493, MAE_all=9.9958
Saved battery: method=UCB, n_initial=180, repeat=27/30, RMSE_all=13.2206, RMSE_target=5.1406, MAE_all=9.0622
Saved battery: method=EI, n_initial=180, repeat=27/30, RMSE_all=13.4294, RMSE_target=7.8358, MAE_all=10.0195
Saved battery: method=LHS, n_initial=180, repeat=28/30, RMSE_all=14.6502, RMSE_target=20.5637, MAE_all=10.2131
Saved battery: method=D_opt, n_initial=180, repeat=28/30, RMSE_all=14.5285, RMSE_target=20.8008, MAE_all=10.3910
Saved battery: method=K_means, n_initial=180, repeat=28/30, RMSE_all=15.8941, RMSE_target=6.5317, MAE_all=10.5281
Saved battery: method=PM, n_initial=180, repeat=28/30, RMSE_all=13.1812, RMSE_target=4.3458, MAE_all=9.3938
Saved battery: method=IMSE, n_initial=180, repeat=27/30, RMSE_all=15.3771, RMSE_target=6.3419, MAE_all=9.7016
Saved battery: method=EI, n_initial=180, repeat=28/30, RMSE_all=13.2325, RMSE_target=5.3943, MAE_all=9.0372
Saved battery: method=G_opt, n_initial=180, repeat=28/30, RMSE_all=13.2851, RMSE_target=6.2807, MAE_all=9.7694
Saved battery: method=LHS, n_initial=180, repeat=29/30, RMSE_all=26.6992, RMSE_target=7.1051, MAE_all=11.3587
Saved battery: method=UCB, n_initial=180, repeat=28/30, RMSE_all=13.5289, RMSE_target=6.4363, MAE_all=10.1120
Saved battery: method=D_opt, n_initial=180, repeat=29/30, RMSE_all=13.2981, RMSE_target=6.9069, MAE_all=9.1895
Saved battery: method=K_means, n_initial=180, repeat=29/30, RMSE_all=27.9083, RMSE_target=5.9453, MAE_all=11.2863
Saved battery: method=IMSE, n_initial=180, repeat=28/30, RMSE_all=13.3528, RMSE_target=4.5991, MAE_all=9.6348
Saved battery: method=PM, n_initial=180, repeat=29/30, RMSE_all=16.9003, RMSE_target=18.4917, MAE_all=10.3274
Saved battery: method=EI, n_initial=180, repeat=29/30, RMSE_all=14.1397, RMSE_target=6.5558, MAE_all=10.5125
Saved battery: method=G_opt, n_initial=180, repeat=29/30, RMSE_all=13.5999, RMSE_target=10.3669, MAE_all=10.4761
Saved battery: method=LHS, n_initial=180, repeat=30/30, RMSE_all=13.5600, RMSE_target=7.8218, MAE_all=10.0989
Saved battery: method=UCB, n_initial=180, repeat=29/30, RMSE_all=13.4215, RMSE_target=5.3500, MAE_all=9.7325
Saved battery: method=D_opt, n_initial=180, repeat=30/30, RMSE_all=13.5910, RMSE_target=7.1673, MAE_all=10.2420
Saved battery: method=K_means, n_initial=180, repeat=30/30, RMSE_all=13.6008, RMSE_target=6.0953, MAE_all=10.1232
Saved battery: method=IMSE, n_initial=180, repeat=29/30, RMSE_all=13.4933, RMSE_target=6.5108, MAE_all=9.8584
Saved battery: method=PM, n_initial=180, repeat=30/30, RMSE_all=15.5194, RMSE_target=5.4693, MAE_all=10.2817
Saved battery: method=G_opt, n_initial=180, repeat=30/30, RMSE_all=13.3113, RMSE_target=6.6380, MAE_all=9.9838
Saved battery: method=EI, n_initial=180, repeat=30/30, RMSE_all=13.0708, RMSE_target=5.6419, MAE_all=9.2650
Saved battery: method=UCB, n_initial=180, repeat=30/30, RMSE_all=13.3472, RMSE_target=5.4371, MAE_all=10.0906
Saved battery: method=IMSE, n_initial=180, repeat=30/30, RMSE_all=13.6541, RMSE_target=9.4588, MAE_all=10.6221
battery summary saved to /home/kkkk24/桌面/attention-GP/py project/battery/refactored_results/summary_statistics.xlsx
battery: results saved to /home/kkkk24/桌面/attention-GP/py project/battery/refactored_results/all_methods_results.xlsx
