nohup: 忽略输入
R callback write-console: 此外:   
R callback write-console: 警告信息:
  
R callback write-console: 程序包‘tgp’是用R版本4.4.3 来建造的 
  
Run 2d+10: method=EI, n_initial=30, repeat=1/30

burn in:
**GROW** @depth 0: [1,0.501875], n=(15,15)
r=1000 d=[0.941601 1.78321] [1.30061 0.0740206]; n=(15,15)
r=2000 d=[1.21563 0.113329] [0.727303 0.0189373]; n=(15,15)

Sampling @ nn=2000 pred locs:
**PRUNE** @depth 0: [1,0.505717]
r=1000 d=[0.0962066 0.641673]; mh=2 n=30
r=2000 d=[0.0858214 0.644247]; mh=1 n=30
r=3000 d=[0.0800544 0.781384]; mh=1 n=30
r=4000 d=[0.0947907 0.820114]; mh=1 n=30
r=5000 d=[0.0697912 0.784766]; mh=1 n=30
Grow: 0.2825%, Prune: 0.7752%, Change: 100%, 


burn in:
r=1000 d=[0.0922294 0.811625]; n=31
r=2000 d=[0.0625573 0.624103]; n=31

Sampling @ nn=1999 pred locs:
r=1000 d=[0.0834701 0.92097]; mh=1 n=31
r=2000 d=[0.100133 1.30929]; mh=1 n=31
r=3000 d=[0.0829352 0.694278]; mh=1 n=31
r=4000 d=[0.0936556 0.787078]; mh=1 n=31
r=5000 d=[0.0992149 0.569719]; mh=1 n=31
Grow: 0%, 


burn in:
r=1000 d=[0.0857815 0.694252]; n=32
r=2000 d=[0.0799871 0.664225]; n=32

Sampling @ nn=1998 pred locs:
r=1000 d=[0.0899046 0.912778]; mh=1 n=32
r=2000 d=[0.091273 0.661473]; mh=1 n=32
r=3000 d=[0.0945052 0.990006]; mh=1 n=32
r=4000 d=[0.0940829 0.731003]; mh=1 n=32
r=5000 d=[0.0814767 1.20802]; mh=1 n=32
Grow: 0%, 


burn in:
r=1000 d=[0.0928097 0.47925]; n=33
r=2000 d=[0.0792808 0.858017]; n=33

Sampling @ nn=1997 pred locs:
r=1000 d=[0.0936636 0.83801]; mh=1 n=33
r=2000 d=[0.0685477 0.756772]; mh=1 n=33
r=3000 d=[0.118773 0.820747]; mh=1 n=33
r=4000 d=[0.0597783 0.46338]; mh=1 n=33
r=5000 d=[0.0707878 0.697465]; mh=1 n=33
Grow: 0%, 


burn in:
r=1000 d=[0.0702786 0.636022]; n=34
r=2000 d=[0.111316 0.599828]; n=34

Sampling @ nn=1996 pred locs:
r=1000 d=[0.0854737 0.732079]; mh=1 n=34
r=2000 d=[0.091776 0.658687]; mh=1 n=34
r=3000 d=[0.0747956 1.03619]; mh=1 n=34
r=4000 d=[0.0744871 0.829384]; mh=1 n=34
r=5000 d=[0.0669397 0.371034]; mh=1 n=34
Grow: 0%, 


burn in:
r=1000 d=[0.0887333 0.593374]; n=35
r=2000 d=[0.0827327 0.496049]; n=35

Sampling @ nn=1995 pred locs:
r=1000 d=[0.0846514 0.985397]; mh=1 n=35
r=2000 d=[0.0922974 0.468699]; mh=1 n=35
r=3000 d=[0.08602 0.632752]; mh=1 n=35
r=4000 d=[0.0789193 1.07807]; mh=1 n=35
r=5000 d=[0.10636 0.741]; mh=1 n=35
Grow: 0%, 


burn in:
r=1000 d=[0.0869871 0.630505]; n=36
r=2000 d=[0.0909135 0.627411]; n=36

Sampling @ nn=1994 pred locs:
r=1000 d=[0.0635486 0.513403]; mh=1 n=36
r=2000 d=[0.0802594 0.858861]; mh=1 n=36
r=3000 d=[0.0760281 0.557079]; mh=1 n=36
r=4000 d=[0.0704515 0.721677]; mh=1 n=36
r=5000 d=[0.106978 0.928449]; mh=1 n=36
Grow: 0%, 


burn in:
r=1000 d=[0.0518526 0.432371]; n=37
r=2000 d=[0.088432 1.05829]; n=37

Sampling @ nn=1993 pred locs:
r=1000 d=[0.0835829 1.06151]; mh=1 n=37
r=2000 d=[0.0939141 0.784393]; mh=1 n=37
r=3000 d=[0.0934734 0.701926]; mh=1 n=37
r=4000 d=[0.0654858 0.801052]; mh=1 n=37
r=5000 d=[0.113768 1.11184]; mh=1 n=37
Grow: 0%, 


burn in:
**GROW** @depth 0: [1,0.358228], n=(11,27)
**PRUNE** @depth 0: [1,0.358918]
r=1000 d=[0.0862838 0.757044]; n=38
r=2000 d=[0.0822451 0.807902]; n=38

Sampling @ nn=1992 pred locs:
r=1000 d=[0.0842436 0.96816]; mh=1 n=38
r=2000 d=[0.101461 0.930041]; mh=1 n=38
r=3000 d=[0.0679353 0.694566]; mh=1 n=38
r=4000 d=[0.0566304 0.492181]; mh=1 n=38
r=5000 d=[0.0653966 0.767783]; mh=1 n=38
Grow: 0.295%, Prune: 100%, Change: 100%, 


burn in:
**GROW** @depth 0: [1,0.524077], n=(20,19)
**PRUNE** @depth 0: [1,0.52218]
r=1000 d=[0.0739441 0.761496]; n=39
r=2000 d=[0.0822482 0.915254]; n=39

Sampling @ nn=1991 pred locs:
r=1000 d=[0.0919087 0.630386]; mh=1 n=39
r=2000 d=[0.0865025 0.958096]; mh=1 n=39
r=3000 d=[0.0738804 0.681456]; mh=1 n=39
r=4000 d=[0.0904001 1.00341]; mh=1 n=39
r=5000 d=[0.0537592 0.550081]; mh=1 n=39
Grow: 0.2833%, Prune: 14.29%, Change: 100%, 


burn in:
**GROW** @depth 0: [1,0.480675], n=(18,22)
**PRUNE** @depth 0: [1,0.477556]
r=1000 d=[0.116958 0.769854]; n=40
r=2000 d=[0.0761727 0.572254]; n=40

Sampling @ nn=300 pred locs:
r=1000 d=[0.0679373 0.905634]; mh=1 n=40
r=2000 d=[0.0733522 0.651866]; mh=1 n=40
r=3000 d=[0.0685127 0.744591]; mh=1 n=40
r=4000 d=[0.0657306 0.750772]; mh=1 n=40
r=5000 d=[0.0893666 0.826378]; mh=1 n=40
Grow: 0.3086%, Prune: 6.667%, Change: 91.49%, 

Saved to active_learning_baselines_results.xlsx: RMSE_all=0.1223, RMSE_target=0.0462
Run 2d+10: method=UCB, n_initial=30, repeat=1/30

burn in:
r=1000 d=[0.0798423 0.703744]; n=30
r=2000 d=[0.0721214 0.588469]; n=30

Sampling @ nn=2000 pred locs:
r=1000 d=[0.0779984 0.785712]; mh=1 n=30
r=2000 d=[0.0741427 0.76539]; mh=1 n=30
r=3000 d=[0.0680951 0.708145]; mh=1 n=30
r=4000 d=[0.0763354 0.698985]; mh=1 n=30
r=5000 d=[0.0815269 0.390378]; mh=1 n=30
Grow: 0%, 


burn in:
**GROW** @depth 0: [1,0.498038], n=(15,16)
r=1000 d=[0.00520777 1.14666] [0.859537 0.0472736]; n=(15,16)
**PRUNE** @depth 0: [1,0.488654]
r=2000 d=[0.07715 0.886721]; n=31

Sampling @ nn=1999 pred locs:
r=1000 d=[0.0754619 0.432831]; mh=1 n=31
r=2000 d=[0.0757296 0.857408]; mh=1 n=31
r=3000 d=[0.0770652 0.524459]; mh=1 n=31
r=4000 d=[0.0903851 1.01939]; mh=1 n=31
r=5000 d=[0.0833392 0.648237]; mh=1 n=31
Grow: 0.277%, Prune: 1.587%, Change: 100%, 


burn in:
r=1000 d=[0.0630855 0.436315]; n=32
r=2000 d=[0.0716769 0.640843]; n=32

Sampling @ nn=1998 pred locs:
r=1000 d=[0.071112 0.542502]; mh=1 n=32
r=2000 d=[0.0629528 0.735565]; mh=1 n=32
r=3000 d=[0.0646348 0.477326]; mh=1 n=32
r=4000 d=[0.0806348 0.718475]; mh=1 n=32
r=5000 d=[0.0825326 0.943845]; mh=1 n=32
Grow: 0%, 


burn in:
r=1000 d=[0.0802094 1.01199]; n=33
r=2000 d=[0.08807 0.713763]; n=33

Sampling @ nn=1997 pred locs:
r=1000 d=[0.0744149 0.708824]; mh=1 n=33
r=2000 d=[0.0740584 0.931626]; mh=1 n=33
r=3000 d=[0.0741923 0.575791]; mh=1 n=33
r=4000 d=[0.0687854 0.413836]; mh=1 n=33
r=5000 d=[0.0808014 0.61059]; mh=1 n=33
Grow: 0%, 


burn in:
r=1000 d=[0.0841856 0.704965]; n=34
r=2000 d=[0.081596 0.821992]; n=34

Sampling @ nn=1996 pred locs:
r=1000 d=[0.0604317 0.798611]; mh=1 n=34
r=2000 d=[0.0723659 0.998062]; mh=1 n=34
r=3000 d=[0.0808322 0.879908]; mh=1 n=34
r=4000 d=[0.0852116 1.0601]; mh=1 n=34
r=5000 d=[0.0969073 1.02214]; mh=1 n=34
Grow: 0%, 


burn in:
r=1000 d=[0.0781953 1.15139]; n=35
r=2000 d=[0.0706921 0.798113]; n=35

Sampling @ nn=1995 pred locs:
r=1000 d=[0.0696348 0.911753]; mh=1 n=35
r=2000 d=[0.0615862 0.878841]; mh=1 n=35
r=3000 d=[0.0579243 0.694612]; mh=1 n=35
r=4000 d=[0.0734412 0.786941]; mh=1 n=35
r=5000 d=[0.0720731 0.583589]; mh=1 n=35
Grow: 0%, 


burn in:
**GROW** @depth 0: [1,0.347919], n=(11,25)
**PRUNE** @depth 0: [1,0.349397]
r=1000 d=[0.0921854 0.7774]; n=36
r=2000 d=[0.0601127 0.806785]; n=36

Sampling @ nn=1994 pred locs:
r=1000 d=[0.0762536 0.654022]; mh=1 n=36
r=2000 d=[0.0811275 0.66544]; mh=1 n=36
r=3000 d=[0.0802087 0.790265]; mh=1 n=36
r=4000 d=[0.0612395 0.485789]; mh=1 n=36
r=5000 d=[0.0758462 0.80878]; mh=1 n=36
Grow: 0.2604%, Prune: 16.67%, Change: 100%, 


burn in:
r=1000 d=[0.0900675 0.751974]; n=37
r=2000 d=[0.0625908 0.583372]; n=37

Sampling @ nn=1993 pred locs:
r=1000 d=[0.0566281 0.633437]; mh=1 n=37
r=2000 d=[0.101543 1.4897]; mh=1 n=37
r=3000 d=[0.0924983 0.924648]; mh=1 n=37
r=4000 d=[0.0940599 1.06415]; mh=1 n=37
r=5000 d=[0.0755154 0.960161]; mh=1 n=37
Grow: 0%, 


burn in:
r=1000 d=[0.0874379 0.549911]; n=38
r=2000 d=[0.0620191 0.874574]; n=38

Sampling @ nn=1992 pred locs:
r=1000 d=[0.078657 0.962704]; mh=1 n=38
r=2000 d=[0.0797686 0.7892]; mh=1 n=38
r=3000 d=[0.0709958 0.824736]; mh=1 n=38
r=4000 d=[0.0679117 0.915612]; mh=1 n=38
r=5000 d=[0.0944643 0.615875]; mh=1 n=38
Grow: 0%, 


burn in:
r=1000 d=[0.077626 0.859256]; n=39
r=2000 d=[0.0625875 0.648857]; n=39

Sampling @ nn=1991 pred locs:
r=1000 d=[0.10243 0.877495]; mh=1 n=39
r=2000 d=[0.0629634 0.494705]; mh=1 n=39
r=3000 d=[0.0522332 0.543476]; mh=1 n=39
r=4000 d=[0.0918442 0.831252]; mh=1 n=39
r=5000 d=[0.0699871 0.607125]; mh=1 n=39
Grow: 0%, 


burn in:
r=1000 d=[0.076767 1.05962]; n=40
r=2000 d=[0.0755067 0.662544]; n=40

Sampling @ nn=300 pred locs:
r=1000 d=[0.0584501 0.685128]; mh=1 n=40
r=2000 d=[0.0731609 0.564914]; mh=1 n=40
r=3000 d=[0.0775744 0.665211]; mh=1 n=40
r=4000 d=[0.0803745 0.793955]; mh=1 n=40
r=5000 d=[0.0735737 0.97849]; mh=1 n=40
Grow: 0%, 

Saved to active_learning_baselines_results.xlsx: RMSE_all=0.1709, RMSE_target=0.0376
Run 2d+10: method=IMSE, n_initial=30, repeat=1/30

burn in:
r=1000 d=[0.0981011 0.75427]; n=30
r=2000 d=[0.0721502 0.468646]; n=30

Sampling @ nn=2000 pred locs:
r=1000 d=[0.0865637 0.735777]; mh=1 n=30
r=2000 d=[0.100454 0.496291]; mh=1 n=30
r=3000 d=[0.141803 1.09867]; mh=1 n=30
r=4000 d=[0.090672 0.530114]; mh=1 n=30
r=5000 d=[0.101616 0.604938]; mh=1 n=30
Grow: 0%, 


burn in:
r=1000 d=[0.0847576 0.573083]; n=31
r=2000 d=[0.133249 0.845115]; n=31

Sampling @ nn=1999 pred locs:
r=1000 d=[0.113712 0.577323]; mh=1 n=31
r=2000 d=[0.0872092 0.636796]; mh=1 n=31
r=3000 d=[0.0964313 1.03185]; mh=1 n=31
r=4000 d=[0.100353 0.927315]; mh=1 n=31
r=5000 d=[0.0943809 0.896663]; mh=1 n=31
Grow: 0%, 


burn in:
r=1000 d=[0.0981132 0.749735]; n=32
r=2000 d=[0.117002 0.880695]; n=32

Sampling @ nn=1998 pred locs:
r=1000 d=[0.094584 0.683367]; mh=1 n=32
r=2000 d=[0.0863184 0.44078]; mh=1 n=32
r=3000 d=[0.119887 0.804212]; mh=1 n=32
r=4000 d=[0.0833189 0.57048]; mh=1 n=32
r=5000 d=[0.0941246 0.328343]; mh=1 n=32
Grow: 0%, 


burn in:
r=1000 d=[0.124062 0.657741]; n=33
r=2000 d=[0.110501 0.720247]; n=33

Sampling @ nn=1997 pred locs:
r=1000 d=[0.110024 0.622512]; mh=1 n=33
r=2000 d=[0.116015 0.713346]; mh=1 n=33
r=3000 d=[0.0943808 1.09256]; mh=1 n=33
r=4000 d=[0.121546 0.760426]; mh=1 n=33
r=5000 d=[0.104413 0.543196]; mh=1 n=33
Grow: 0%, 


burn in:
**GROW** @depth 0: [1,0.498768], n=(17,17)
**PRUNE** @depth 0: [1,0.495787]
r=1000 d=[0.105157 1.02598]; n=34
r=2000 d=[0.097047 0.967945]; n=34

Sampling @ nn=1996 pred locs:
r=1000 d=[0.104606 0.625175]; mh=1 n=34
r=2000 d=[0.106852 0.790076]; mh=1 n=34
r=3000 d=[0.102269 0.906224]; mh=1 n=34
r=4000 d=[0.0970155 0.863027]; mh=1 n=34
r=5000 d=[0.0847309 0.645857]; mh=1 n=34
Grow: 0.2857%, Prune: 3.704%, Change: 100%, 


burn in:
r=1000 d=[0.074152 0.890327]; n=35
r=2000 d=[0.108009 0.612316]; n=35

Sampling @ nn=1995 pred locs:
r=1000 d=[0.116915 0.520135]; mh=1 n=35
r=2000 d=[0.0640547 0.699429]; mh=1 n=35
r=3000 d=[0.0806232 0.751796]; mh=1 n=35
r=4000 d=[0.0863554 0.652516]; mh=1 n=35
r=5000 d=[0.0876808 0.609068]; mh=1 n=35
Grow: 0%, 


burn in:
r=1000 d=[0.102237 1.11311]; n=36
r=2000 d=[0.0804004 1.02941]; n=36

Sampling @ nn=1994 pred locs:
r=1000 d=[0.0933941 0.652159]; mh=1 n=36
r=2000 d=[0.064637 0.516598]; mh=1 n=36
r=3000 d=[0.115731 0.950946]; mh=1 n=36
r=4000 d=[0.117091 1.13049]; mh=1 n=36
r=5000 d=[0.100955 0.657001]; mh=1 n=36
Grow: 0%, 


burn in:
r=1000 d=[0.109967 0.931226]; n=37
r=2000 d=[0.0794506 0.927565]; n=37

Sampling @ nn=1993 pred locs:
r=1000 d=[0.096798 0.753865]; mh=1 n=37
r=2000 d=[0.0957683 1.26275]; mh=1 n=37
r=3000 d=[0.0800188 0.7491]; mh=1 n=37
r=4000 d=[0.0845882 0.812523]; mh=1 n=37
r=5000 d=[0.0956692 0.977991]; mh=1 n=37
Grow: 0%, 


burn in:
r=1000 d=[0.0882372 1.01769]; n=38
r=2000 d=[0.101922 0.785977]; n=38

Sampling @ nn=1992 pred locs:
r=1000 d=[0.108527 0.793218]; mh=1 n=38
r=2000 d=[0.108539 0.73488]; mh=1 n=38
r=3000 d=[0.105435 0.871789]; mh=1 n=38
r=4000 d=[0.119198 0.679556]; mh=1 n=38
r=5000 d=[0.0941849 0.845609]; mh=1 n=38
Grow: 0%, 


burn in:
r=1000 d=[0.130915 0.717603]; n=39
r=2000 d=[0.0899504 1.07595]; n=39

Sampling @ nn=1991 pred locs:
r=1000 d=[0.0899154 0.65675]; mh=1 n=39
r=2000 d=[0.108375 0.883679]; mh=1 n=39
r=3000 d=[0.0745515 1.10657]; mh=1 n=39
r=4000 d=[0.107286 0.740957]; mh=1 n=39
r=5000 d=[0.0929149 0.978712]; mh=1 n=39
Grow: 0%, 


burn in:
r=1000 d=[0.0845796 0.523868]; n=40
r=2000 d=[0.0744018 1.09772]; n=40

Sampling @ nn=300 pred locs:
r=1000 d=[0.0837035 1.17489]; mh=1 n=40
r=2000 d=[0.0983574 0.917679]; mh=1 n=40
r=3000 d=[0.0945111 0.888968]; mh=1 n=40
r=4000 d=[0.10407 0.983423]; mh=1 n=40
r=5000 d=[0.0899253 0.618233]; mh=1 n=40
Grow: 0%, 

Saved to active_learning_baselines_results.xlsx: RMSE_all=0.0748, RMSE_target=0.0621
Run 2d+10: method=EI, n_initial=30, repeat=2/30

burn in:
r=1000 d=[0.053497 0.602852]; n=30
r=2000 d=[0.0504779 0.687759]; n=30

Sampling @ nn=2000 pred locs:
r=1000 d=[0.0642568 0.821715]; mh=1 n=30
r=2000 d=[0.0708237 0.268108]; mh=1 n=30
r=3000 d=[0.0593353 0.616255]; mh=1 n=30
r=4000 d=[0.0636018 0.659907]; mh=1 n=30
r=5000 d=[0.0843377 0.750601]; mh=1 n=30
Grow: 0%, 


burn in:
r=1000 d=[0.0864046 0.557647]; n=31
r=2000 d=[0.0381511 0.605791]; n=31

Sampling @ nn=1999 pred locs:
r=1000 d=[0.0773751 0.735148]; mh=1 n=31
r=2000 d=[0.0874322 0.682134]; mh=1 n=31
r=3000 d=[0.0585103 0.907103]; mh=1 n=31
r=4000 d=[0.0873727 0.860808]; mh=1 n=31
r=5000 d=[0.0606624 0.941222]; mh=1 n=31
Grow: 0%, 


burn in:
r=1000 d=[0.095945 0.56461]; n=32
r=2000 d=[0.0684412 0.735302]; n=32

Sampling @ nn=1998 pred locs:
r=1000 d=[0.0852245 0.397465]; mh=1 n=32
r=2000 d=[0.0463949 0.289528]; mh=1 n=32
r=3000 d=[0.0736763 0.623987]; mh=1 n=32
r=4000 d=[0.0783797 0.868942]; mh=1 n=32
r=5000 d=[0.066014 0.667024]; mh=1 n=32
Grow: 0%, 


burn in:
r=1000 d=[0.0455015 0.48806]; n=33
r=2000 d=[0.101937 0.949239]; n=33

Sampling @ nn=1997 pred locs:
r=1000 d=[0.0867104 0.772609]; mh=1 n=33
r=2000 d=[0.0897637 0.658522]; mh=1 n=33
r=3000 d=[0.0872583 0.678245]; mh=1 n=33
r=4000 d=[0.0490444 0.6508]; mh=1 n=33
r=5000 d=[0.055518 0.526314]; mh=1 n=33
Grow: 0%, 


burn in:
r=1000 d=[0.0498955 0.85009]; n=34
r=2000 d=[0.0906411 0.735486]; n=34

Sampling @ nn=1996 pred locs:
r=1000 d=[0.0835991 0.806792]; mh=1 n=34
r=2000 d=[0.071472 0.885916]; mh=1 n=34
r=3000 d=[0.055658 0.74306]; mh=1 n=34
r=4000 d=[0.0797916 0.445248]; mh=1 n=34
r=5000 d=[0.0748455 0.756253]; mh=1 n=34
Grow: 0%, 


burn in:
r=1000 d=[0.0712895 0.700048]; n=35
r=2000 d=[0.0564378 0.609652]; n=35

Sampling @ nn=1995 pred locs:
r=1000 d=[0.0725585 0.81227]; mh=1 n=35
r=2000 d=[0.0625728 0.644089]; mh=1 n=35
r=3000 d=[0.0641999 0.960585]; mh=1 n=35
r=4000 d=[0.0500602 0.764297]; mh=1 n=35
r=5000 d=[0.094111 0.664637]; mh=1 n=35
Grow: 0%, 


burn in:
**GROW** @depth 0: [1,0.501948], n=(17,19)
r=1000 d=[1.10715 0.434271] [0.490865 0.0192296]; n=(17,19)
**PRUNE** @depth 0: [1,0.502836]
r=2000 d=[0.0485364 0.771807]; n=36

Sampling @ nn=1994 pred locs:
r=1000 d=[0.0422784 0.262483]; mh=1 n=36
r=2000 d=[0.0896508 0.67123]; mh=1 n=36
r=3000 d=[0.0794448 0.777614]; mh=1 n=36
r=4000 d=[0.0605016 0.624555]; mh=1 n=36
r=5000 d=[0.0554924 0.903735]; mh=1 n=36
Grow: 0.2924%, Prune: 1.22%, Change: 100%, 


burn in:
r=1000 d=[0.0674688 0.553979]; n=37
r=2000 d=[0.0895424 0.967612]; n=37

Sampling @ nn=1993 pred locs:
r=1000 d=[0.0800079 1.0137]; mh=1 n=37
r=2000 d=[0.0758673 0.603522]; mh=1 n=37
r=3000 d=[0.0833237 0.80581]; mh=1 n=37
r=4000 d=[0.0668781 0.668117]; mh=1 n=37
r=5000 d=[0.0787094 1.0499]; mh=1 n=37
Grow: 0%, 


burn in:
**GROW** @depth 0: [1,0.496104], n=(17,21)
**PRUNE** @depth 0: [1,0.494697]
r=1000 d=[0.0641664 1.12753]; n=38
r=2000 d=[0.0931236 0.886785]; n=38

Sampling @ nn=1992 pred locs:
r=1000 d=[0.0645496 0.73825]; mh=1 n=38
r=2000 d=[0.069319 0.672512]; mh=1 n=38
r=3000 d=[0.0562803 0.571827]; mh=1 n=38
r=4000 d=[0.0769498 0.443544]; mh=1 n=38
r=5000 d=[0.0568559 0.839034]; mh=1 n=38
Grow: 0.3049%, Prune: 100%, Change: 100%, 


burn in:
r=1000 d=[0.0724095 1.24951]; n=39
r=2000 d=[0.0848994 0.646485]; n=39

Sampling @ nn=1991 pred locs:
r=1000 d=[0.0590759 0.613319]; mh=1 n=39
r=2000 d=[0.068714 0.594709]; mh=1 n=39
r=3000 d=[0.0436558 0.465903]; mh=1 n=39
r=4000 d=[0.0411705 0.641941]; mh=1 n=39
r=5000 d=[0.0627784 0.668667]; mh=1 n=39
Grow: 0%, 


burn in:
r=1000 d=[0.0742589 0.570093]; n=40
r=2000 d=[0.0595432 0.535159]; n=40

Sampling @ nn=300 pred locs:
r=1000 d=[0.0411901 0.717434]; mh=1 n=40
r=2000 d=[0.0711991 0.874379]; mh=1 n=40
r=3000 d=[0.0570138 0.808935]; mh=1 n=40
r=4000 d=[0.0566702 0.625056]; mh=1 n=40
r=5000 d=[0.0683665 0.598385]; mh=1 n=40
Grow: 0%, 

Saved to active_learning_baselines_results.xlsx: RMSE_all=0.1744, RMSE_target=0.0357
Run 2d+10: method=UCB, n_initial=30, repeat=2/30

burn in:
r=1000 d=[0.114067 0.819184]; n=30
r=2000 d=[0.0835016 0.510302]; n=30

Sampling @ nn=2000 pred locs:
r=1000 d=[0.064582 0.788953]; mh=1 n=30
r=2000 d=[0.0739075 0.769071]; mh=1 n=30
r=3000 d=[0.0802357 0.458728]; mh=1 n=30
r=4000 d=[0.110441 0.714653]; mh=1 n=30
r=5000 d=[0.0865178 0.609908]; mh=1 n=30
Grow: 0%, 


burn in:
r=1000 d=[0.0697932 0.591165]; n=31
r=2000 d=[0.0730856 0.85064]; n=31

Sampling @ nn=1999 pred locs:
r=1000 d=[0.0658768 0.595105]; mh=1 n=31
r=2000 d=[0.105776 0.773377]; mh=1 n=31
r=3000 d=[0.112298 1.02225]; mh=1 n=31
r=4000 d=[0.0920574 0.718948]; mh=1 n=31
r=5000 d=[0.0610036 0.490855]; mh=1 n=31
Grow: 0%, 


burn in:
r=1000 d=[0.0866601 0.532205]; n=32
r=2000 d=[0.0849365 0.906809]; n=32

Sampling @ nn=1998 pred locs:
r=1000 d=[0.0807474 0.936847]; mh=1 n=32
r=2000 d=[0.0818913 0.750116]; mh=1 n=32
r=3000 d=[0.0847869 0.686595]; mh=1 n=32
r=4000 d=[0.118945 0.945786]; mh=1 n=32
r=5000 d=[0.109611 1.07864]; mh=1 n=32
Grow: 0%, 


burn in:
r=1000 d=[0.0773868 0.86622]; n=33
r=2000 d=[0.0732608 0.729763]; n=33

Sampling @ nn=1997 pred locs:
r=1000 d=[0.0952017 0.671638]; mh=1 n=33
r=2000 d=[0.0601113 0.62834]; mh=1 n=33
r=3000 d=[0.0771921 0.512585]; mh=1 n=33
r=4000 d=[0.0971674 0.782243]; mh=1 n=33
r=5000 d=[0.0515284 0.57321]; mh=1 n=33
Grow: 0%, 


burn in:
r=1000 d=[0.0821623 1.07291]; n=34
r=2000 d=[0.0596767 0.7695]; n=34

Sampling @ nn=1996 pred locs:
r=1000 d=[0.0680409 0.574653]; mh=1 n=34
r=2000 d=[0.0817501 0.818207]; mh=1 n=34
r=3000 d=[0.0554025 0.692031]; mh=1 n=34
r=4000 d=[0.0928572 0.91305]; mh=1 n=34
r=5000 d=[0.0984446 0.813242]; mh=1 n=34
Grow: 0%, 


burn in:
r=1000 d=[0.0816701 0.947884]; n=35
r=2000 d=[0.0580463 0.694134]; n=35

Sampling @ nn=1995 pred locs:
r=1000 d=[0.0606625 0.700856]; mh=1 n=35
r=2000 d=[0.0559981 0.591615]; mh=1 n=35
r=3000 d=[0.0898652 0.960579]; mh=1 n=35
r=4000 d=[0.0546652 0.579495]; mh=1 n=35
r=5000 d=[0.0835173 1.17]; mh=1 n=35
Grow: 0%, 


burn in:
**GROW** @depth 0: [2,0.634076], n=(22,14)
**PRUNE** @depth 0: [2,0.634698]
r=1000 d=[0.0738736 1.03914]; n=36
r=2000 d=[0.0545489 0.71162]; n=36

Sampling @ nn=1994 pred locs:
r=1000 d=[0.0821754 0.793891]; mh=1 n=36
r=2000 d=[0.0565442 0.596635]; mh=1 n=36
r=3000 d=[0.0615063 0.694109]; mh=1 n=36
r=4000 d=[0.0835591 1.49989]; mh=1 n=36
r=5000 d=[0.0650624 1.11347]; mh=1 n=36
Grow: 0.2786%, Prune: 100%, Change: 100%, 


burn in:
r=1000 d=[0.0828811 0.74556]; n=37
r=2000 d=[0.0616096 0.632039]; n=37

Sampling @ nn=1993 pred locs:
r=1000 d=[0.0506763 0.675648]; mh=1 n=37
r=2000 d=[0.0773143 0.973121]; mh=1 n=37
r=3000 d=[0.0607787 0.677703]; mh=1 n=37
r=4000 d=[0.077897 0.736308]; mh=1 n=37
r=5000 d=[0.0815871 0.710494]; mh=1 n=37
Grow: 0%, 


burn in:
r=1000 d=[0.0768808 1.35613]; n=38
r=2000 d=[0.0609562 0.86779]; n=38

Sampling @ nn=1992 pred locs:
r=1000 d=[0.0764476 1.13296]; mh=1 n=38
r=2000 d=[0.0514766 1.24428]; mh=1 n=38
r=3000 d=[0.0803245 1.07749]; mh=1 n=38
r=4000 d=[0.095775 1.0386]; mh=1 n=38
r=5000 d=[0.0784969 0.806899]; mh=1 n=38
Grow: 0%, 


burn in:
r=1000 d=[0.0711649 0.696209]; n=39
r=2000 d=[0.0654576 0.920781]; n=39

Sampling @ nn=1991 pred locs:
r=1000 d=[0.048631 0.970433]; mh=1 n=39
r=2000 d=[0.0688107 1.03911]; mh=1 n=39
r=3000 d=[0.0579975 0.781058]; mh=1 n=39
r=4000 d=[0.0693991 0.64407]; mh=1 n=39
r=5000 d=[0.0822048 0.914156]; mh=1 n=39
Grow: 0%, 


burn in:
r=1000 d=[0.0743 1.18347]; n=40
r=2000 d=[0.0725269 0.771948]; n=40

Sampling @ nn=300 pred locs:
r=1000 d=[0.0936107 0.98707]; mh=1 n=40
r=2000 d=[0.0585174 0.992904]; mh=1 n=40
r=3000 d=[0.0521929 0.799095]; mh=1 n=40
r=4000 d=[0.0630051 0.968806]; mh=1 n=40
r=5000 d=[0.0659352 0.704048]; mh=1 n=40
Grow: 0%, 

Saved to active_learning_baselines_results.xlsx: RMSE_all=0.1295, RMSE_target=0.0311
Run 2d+10: method=IMSE, n_initial=30, repeat=2/30

burn in:
r=1000 d=[0.0799385 0.557464]; n=30
r=2000 d=[0.0486789 0.688477]; n=30

Sampling @ nn=2000 pred locs:
r=1000 d=[0.0923112 0.717359]; mh=1 n=30
r=2000 d=[0.134297 0.860586]; mh=1 n=30
r=3000 d=[0.0762511 0.679462]; mh=1 n=30
r=4000 d=[0.0876868 0.828465]; mh=1 n=30
r=5000 d=[0.0982348 0.574985]; mh=1 n=30
Grow: 0%, 


burn in:
**GROW** @depth 0: [1,0.585679], n=(17,14)
**PRUNE** @depth 0: [1,0.585205]
r=1000 d=[0.0720864 0.564762]; n=31
r=2000 d=[0.054396 0.616957]; n=31

Sampling @ nn=1999 pred locs:
r=1000 d=[0.112419 0.459493]; mh=1 n=31
r=2000 d=[0.0743996 0.811801]; mh=1 n=31
r=3000 d=[0.0886313 0.783196]; mh=1 n=31
r=4000 d=[0.0701829 0.437178]; mh=1 n=31
r=5000 d=[0.0929376 0.732803]; mh=1 n=31
Grow: 0.2857%, Prune: 100%, Change: 100%, 


burn in:
**GROW** @depth 0: [1,0.511578], n=(17,15)
**PRUNE** @depth 0: [1,0.510267]
r=1000 d=[0.0768057 0.569886]; n=32
r=2000 d=[0.126345 0.457377]; n=32

Sampling @ nn=1998 pred locs:
r=1000 d=[0.0974138 0.626423]; mh=1 n=32
r=2000 d=[0.0857211 0.572459]; mh=1 n=32
r=3000 d=[0.0784268 0.407805]; mh=1 n=32
r=4000 d=[0.0893461 0.718576]; mh=1 n=32
r=5000 d=[0.0995917 0.751496]; mh=1 n=32
Grow: 0.2841%, Prune: 11.11%, Change: 100%, 


burn in:
r=1000 d=[0.1104 0.409479]; n=33
r=2000 d=[0.0941642 0.791281]; n=33

Sampling @ nn=1997 pred locs:
r=1000 d=[0.106893 0.690092]; mh=1 n=33
r=2000 d=[0.0816758 0.714355]; mh=1 n=33
r=3000 d=[0.0975959 0.655196]; mh=1 n=33
r=4000 d=[0.0944158 0.872053]; mh=1 n=33
r=5000 d=[0.116242 0.846637]; mh=1 n=33
Grow: 0%, 


burn in:
r=1000 d=[0.120574 0.601259]; n=34
r=2000 d=[0.129269 1.11734]; n=34

Sampling @ nn=1996 pred locs:
r=1000 d=[0.0994642 0.862112]; mh=1 n=34
r=2000 d=[0.116493 0.737217]; mh=1 n=34
r=3000 d=[0.0787298 0.641696]; mh=1 n=34
r=4000 d=[0.087245 1.04821]; mh=1 n=34
r=5000 d=[0.111989 0.802493]; mh=1 n=34
Grow: 0%, 


burn in:
r=1000 d=[0.092245 0.558811]; n=35
r=2000 d=[0.113455 0.587908]; n=35

Sampling @ nn=1995 pred locs:
r=1000 d=[0.0823328 0.613522]; mh=1 n=35
r=2000 d=[0.0977675 0.721477]; mh=1 n=35
r=3000 d=[0.10245 0.79465]; mh=1 n=35
r=4000 d=[0.0981574 0.56757]; mh=1 n=35
r=5000 d=[0.0814415 0.6096]; mh=1 n=35
Grow: 0%, 


burn in:
r=1000 d=[0.142354 0.76826]; n=36
r=2000 d=[0.116205 0.936588]; n=36

Sampling @ nn=1994 pred locs:
r=1000 d=[0.076683 0.554748]; mh=1 n=36
r=2000 d=[0.121324 0.751958]; mh=1 n=36
r=3000 d=[0.0953452 0.789512]; mh=1 n=36
r=4000 d=[0.0801453 0.751934]; mh=1 n=36
r=5000 d=[0.0980216 0.650447]; mh=1 n=36
Grow: 0%, 


burn in:
r=1000 d=[0.0753747 0.941783]; n=37
r=2000 d=[0.080826 1.10962]; n=37

Sampling @ nn=1993 pred locs:
r=1000 d=[0.0675544 0.881839]; mh=1 n=37
r=2000 d=[0.0600377 0.894049]; mh=1 n=37
r=3000 d=[0.108043 1.0915]; mh=1 n=37
r=4000 d=[0.0584225 0.753769]; mh=1 n=37
r=5000 d=[0.0876149 1.66966]; mh=1 n=37
Grow: 0%, 


burn in:
**GROW** @depth 0: [1,0.438389], n=(16,22)
**PRUNE** @depth 0: [1,0.442796]
r=1000 d=[0.0901346 0.625968]; n=38
r=2000 d=[0.0654817 0.845029]; n=38

Sampling @ nn=1992 pred locs:
r=1000 d=[0.0736067 0.704059]; mh=1 n=38
r=2000 d=[0.0604586 0.705883]; mh=1 n=38
r=3000 d=[0.101299 1.06]; mh=1 n=38
r=4000 d=[0.0760664 1.1917]; mh=1 n=38
r=5000 d=[0.0855462 0.7716]; mh=1 n=38
Grow: 0.2874%, Prune: 25%, Change: 100%, 


burn in:
r=1000 d=[0.0682823 0.951726]; n=39
r=2000 d=[0.0942532 0.822716]; n=39

Sampling @ nn=1991 pred locs:
r=1000 d=[0.0634319 1.14541]; mh=1 n=39
r=2000 d=[0.15681 1.04604]; mh=1 n=39
r=3000 d=[0.096418 0.705359]; mh=1 n=39
r=4000 d=[0.0717611 1.37649]; mh=1 n=39
r=5000 d=[0.0649494 0.786215]; mh=1 n=39
Grow: 0%, 


burn in:
r=1000 d=[0.108159 0.80256]; n=40
r=2000 d=[0.0767153 1.22082]; n=40

Sampling @ nn=300 pred locs:
r=1000 d=[0.0785642 1.62321]; mh=1 n=40
r=2000 d=[0.0844218 0.943791]; mh=1 n=40
r=3000 d=[0.0746741 0.807909]; mh=1 n=40
r=4000 d=[0.0813049 0.963984]; mh=1 n=40
r=5000 d=[0.0939614 0.750925]; mh=1 n=40
Grow: 0%, 

Saved to active_learning_baselines_results.xlsx: RMSE_all=0.0649, RMSE_target=0.0538
Run 2d+10: method=EI, n_initial=30, repeat=3/30

burn in:
r=1000 d=[0.0861959 0.571792]; n=30
r=2000 d=[0.0567753 0.483016]; n=30

Sampling @ nn=2000 pred locs:
r=1000 d=[0.0873295 1.11625]; mh=1 n=30
r=2000 d=[0.0757109 0.672337]; mh=1 n=30
r=3000 d=[0.0860356 0.725907]; mh=1 n=30
r=4000 d=[0.0631296 0.494898]; mh=1 n=30
r=5000 d=[0.0759385 0.79015]; mh=1 n=30
Grow: 0%, 


burn in:
**GROW** @depth 0: [1,0.484611], n=(15,16)
r=1000 d=[0.550925 0.0424715] [1.10604 0.494332]; n=(15,16)
r=2000 d=[0.0400914 0.0382849] [1.49826 1.16269]; n=(16,15)

Sampling @ nn=1999 pred locs:
**PRUNE** @depth 0: [1,0.485242]
r=1000 d=[0.061421 0.58071]; mh=1 n=31
r=2000 d=[0.0981389 0.776171]; mh=1 n=31
r=3000 d=[0.0963212 0.972824]; mh=1 n=31
r=4000 d=[0.0772841 0.262612]; mh=1 n=31
r=5000 d=[0.0655088 0.638075]; mh=1 n=31
Grow: 0.2577%, Prune: 0.885%, Change: 98.13%, 


burn in:
r=1000 d=[0.0771028 0.806493]; n=32
r=2000 d=[0.0679254 0.428106]; n=32

Sampling @ nn=1998 pred locs:
r=1000 d=[0.0917468 0.882202]; mh=1 n=32
r=2000 d=[0.0927053 0.865785]; mh=1 n=32
r=3000 d=[0.0842748 0.651513]; mh=1 n=32
r=4000 d=[0.0889837 0.94576]; mh=1 n=32
r=5000 d=[0.0812496 0.818291]; mh=1 n=32
Grow: 0%, 


burn in:
r=1000 d=[0.0589476 0.59735]; n=33
r=2000 d=[0.0474773 0.633392]; n=33

Sampling @ nn=1997 pred locs:
r=1000 d=[0.079007 0.971429]; mh=1 n=33
r=2000 d=[0.0779817 0.745459]; mh=1 n=33
r=3000 d=[0.0685345 0.84623]; mh=1 n=33
r=4000 d=[0.0841257 0.802838]; mh=1 n=33
r=5000 d=[0.0701404 0.834683]; mh=1 n=33
Grow: 0%, 


burn in:
r=1000 d=[0.086279 1.02646]; n=34
r=2000 d=[0.0815046 0.900577]; n=34

Sampling @ nn=1996 pred locs:
r=1000 d=[0.087129 0.801242]; mh=1 n=34
r=2000 d=[0.0865049 1.28812]; mh=1 n=34
r=3000 d=[0.0987207 0.796355]; mh=1 n=34
r=4000 d=[0.0837498 0.74078]; mh=1 n=34
r=5000 d=[0.0620584 0.873514]; mh=1 n=34
Grow: 0%, 


burn in:
r=1000 d=[0.0642415 1.36831]; n=35
r=2000 d=[0.0603397 0.829525]; n=35

Sampling @ nn=1995 pred locs:
r=1000 d=[0.0821096 0.49377]; mh=1 n=35
r=2000 d=[0.0885873 0.647644]; mh=1 n=35
r=3000 d=[0.0551879 0.762822]; mh=1 n=35
r=4000 d=[0.0729978 1.33847]; mh=1 n=35
r=5000 d=[0.101377 0.737512]; mh=1 n=35
Grow: 0%, 


burn in:
r=1000 d=[0.0873541 0.97251]; n=36
r=2000 d=[0.0581096 0.89583]; n=36

Sampling @ nn=1994 pred locs:
r=1000 d=[0.105784 0.904908]; mh=1 n=36
r=2000 d=[0.0656533 1.06039]; mh=1 n=36
r=3000 d=[0.0957395 0.883878]; mh=1 n=36
r=4000 d=[0.0505219 0.700274]; mh=1 n=36
r=5000 d=[0.0787093 1.06019]; mh=1 n=36
Grow: 0%, 


burn in:
r=1000 d=[0.0629522 1.19701]; n=37
r=2000 d=[0.0600961 0.703838]; n=37

Sampling @ nn=1993 pred locs:
r=1000 d=[0.071217 1.0175]; mh=1 n=37
r=2000 d=[0.0746233 1.07286]; mh=1 n=37
r=3000 d=[0.0920705 0.907108]; mh=1 n=37
r=4000 d=[0.0683239 0.580086]; mh=1 n=37
r=5000 d=[0.064181 1.21474]; mh=1 n=37
Grow: 0%, 


burn in:
r=1000 d=[0.0707022 0.763483]; n=38
r=2000 d=[0.0867436 1.19371]; n=38

Sampling @ nn=1992 pred locs:
r=1000 d=[0.0581346 0.673451]; mh=1 n=38
r=2000 d=[0.0700069 0.863578]; mh=1 n=38
r=3000 d=[0.0656215 0.664079]; mh=1 n=38
r=4000 d=[0.0630102 0.617951]; mh=1 n=38
r=5000 d=[0.0594533 0.737355]; mh=1 n=38
Grow: 0%, 


burn in:
r=1000 d=[0.0580831 1.00498]; n=39
r=2000 d=[0.0560203 0.85227]; n=39

Sampling @ nn=1991 pred locs:
r=1000 d=[0.0680554 0.97065]; mh=1 n=39
r=2000 d=[0.0615919 0.671434]; mh=1 n=39
r=3000 d=[0.081856 0.984429]; mh=1 n=39
r=4000 d=[0.0552985 0.892194]; mh=1 n=39
r=5000 d=[0.05971 0.7811]; mh=1 n=39
Grow: 0%, 


burn in:
r=1000 d=[0.0631406 1.27553]; n=40
r=2000 d=[0.0646489 0.946546]; n=40

Sampling @ nn=300 pred locs:
r=1000 d=[0.062153 1.05131]; mh=1 n=40
r=2000 d=[0.0704415 0.908874]; mh=1 n=40
r=3000 d=[0.0772048 0.897018]; mh=1 n=40
r=4000 d=[0.0790522 1.39986]; mh=1 n=40
r=5000 d=[0.0749518 0.868568]; mh=1 n=40
Grow: 0%, 

Saved to active_learning_baselines_results.xlsx: RMSE_all=0.2084, RMSE_target=0.0295
Run 2d+10: method=UCB, n_initial=30, repeat=3/30

burn in:
r=1000 d=[0.126513 1.16445]; n=30
r=2000 d=[0.0880076 0.783929]; n=30

Sampling @ nn=2000 pred locs:
r=1000 d=[0.0911266 0.673417]; mh=1 n=30
r=2000 d=[0.0798644 1.12034]; mh=1 n=30
r=3000 d=[0.119911 1.00752]; mh=1 n=30
r=4000 d=[0.0854407 0.84042]; mh=1 n=30
r=5000 d=[0.104148 0.915037]; mh=1 n=30
Grow: 0%, 


burn in:
**GROW** @depth 0: [1,0.48547], n=(14,17)
**PRUNE** @depth 0: [1,0.488452]
r=1000 d=[0.1177 0.84461]; n=31
r=2000 d=[0.100512 0.784698]; n=31

Sampling @ nn=1999 pred locs:
r=1000 d=[0.134426 0.860324]; mh=1 n=31
r=2000 d=[0.103306 0.782757]; mh=1 n=31
r=3000 d=[0.0957254 0.569485]; mh=1 n=31
r=4000 d=[0.0775251 0.655508]; mh=1 n=31
r=5000 d=[0.0839065 1.13991]; mh=1 n=31
Grow: 0.289%, Prune: 3.846%, Change: 100%, 


burn in:
r=1000 d=[0.0864031 0.972332]; n=32
r=2000 d=[0.0974946 0.632778]; n=32

Sampling @ nn=1998 pred locs:
r=1000 d=[0.0730561 0.790011]; mh=1 n=32
r=2000 d=[0.0824261 0.840246]; mh=1 n=32
r=3000 d=[0.119691 0.605142]; mh=1 n=32
r=4000 d=[0.0781412 1.04094]; mh=1 n=32
r=5000 d=[0.112253 1.20127]; mh=1 n=32
Grow: 0%, 


burn in:
r=1000 d=[0.0739622 1.31458]; n=33
r=2000 d=[0.0827615 0.964198]; n=33

Sampling @ nn=1997 pred locs:
r=1000 d=[0.0948902 0.625202]; mh=1 n=33
r=2000 d=[0.0697133 0.558898]; mh=1 n=33
r=3000 d=[0.0860549 0.570572]; mh=1 n=33
r=4000 d=[0.069987 0.687035]; mh=1 n=33
r=5000 d=[0.102786 0.99557]; mh=1 n=33
Grow: 0%, 


burn in:
r=1000 d=[0.0734121 0.915359]; n=34
r=2000 d=[0.0726899 0.599103]; n=34

Sampling @ nn=1996 pred locs:
r=1000 d=[0.10597 0.985178]; mh=1 n=34
r=2000 d=[0.0702683 0.58657]; mh=1 n=34
r=3000 d=[0.0782986 0.760641]; mh=1 n=34
r=4000 d=[0.0922203 1.04142]; mh=1 n=34
r=5000 d=[0.112275 0.740867]; mh=1 n=34
Grow: 0%, 


burn in:
**GROW** @depth 0: [1,0.499452], n=(16,19)
**PRUNE** @depth 0: [1,0.498683]
r=1000 d=[0.0528807 0.842993]; n=35
r=2000 d=[0.0716087 0.553778]; n=35

Sampling @ nn=1995 pred locs:
r=1000 d=[0.0714299 0.671483]; mh=1 n=35
r=2000 d=[0.0600976 0.607086]; mh=1 n=35
r=3000 d=[0.0709561 0.482774]; mh=1 n=35
r=4000 d=[0.0654641 0.935044]; mh=1 n=35
r=5000 d=[0.0782414 0.472865]; mh=1 n=35
Grow: 0.2933%, Prune: 12.5%, Change: 100%, 


burn in:
**GROW** @depth 0: [1,0.52123], n=(17,19)
**PRUNE** @depth 0: [1,0.519847]
r=1000 d=[0.0396339 0.603021]; n=36
r=2000 d=[0.0873317 0.699042]; n=36

Sampling @ nn=1994 pred locs:
r=1000 d=[0.0764779 0.831499]; mh=1 n=36
r=2000 d=[0.0956806 0.940763]; mh=1 n=36
r=3000 d=[0.0883879 0.633345]; mh=1 n=36
r=4000 d=[0.0580196 0.508923]; mh=1 n=36
r=5000 d=[0.0674321 0.813834]; mh=1 n=36
Grow: 0.2597%, Prune: 100%, Change: 100%, 


burn in:
**GROW** @depth 0: [1,0.465781], n=(15,22)
**PRUNE** @depth 0: [1,0.467852]
r=1000 d=[0.0985709 1.25946]; n=37
r=2000 d=[0.0836907 0.754568]; n=37

Sampling @ nn=1993 pred locs:
r=1000 d=[0.084523 0.775703]; mh=1 n=37
r=2000 d=[0.0812411 0.60081]; mh=1 n=37
r=3000 d=[0.0809862 1.28616]; mh=1 n=37
r=4000 d=[0.0748529 0.774502]; mh=1 n=37
r=5000 d=[0.0643027 0.62433]; mh=1 n=37
Grow: 0.2817%, Prune: 4.762%, Change: 100%, 


burn in:
r=1000 d=[0.086591 0.663706]; n=38
r=2000 d=[0.11098 1.5074]; n=38

Sampling @ nn=1992 pred locs:
r=1000 d=[0.085422 0.558468]; mh=1 n=38
r=2000 d=[0.0654273 0.735208]; mh=1 n=38
r=3000 d=[0.0773542 1.07081]; mh=1 n=38
r=4000 d=[0.0770532 0.626481]; mh=1 n=38
r=5000 d=[0.0605005 0.836157]; mh=1 n=38
Grow: 0%, 


burn in:
**GROW** @depth 0: [1,0.59393], n=(20,19)
**PRUNE** @depth 0: [1,0.591287]
r=1000 d=[0.0883776 0.89061]; n=39
r=2000 d=[0.0775781 0.908963]; n=39

Sampling @ nn=1991 pred locs:
r=1000 d=[0.0480808 0.456429]; mh=1 n=39
r=2000 d=[0.129839 1.31755]; mh=1 n=39
r=3000 d=[0.0735233 0.80869]; mh=1 n=39
r=4000 d=[0.1082 1.13037]; mh=1 n=39
r=5000 d=[0.0866744 0.929783]; mh=1 n=39
Grow: 0.2817%, Prune: 14.29%, Change: 100%, 


burn in:
r=1000 d=[0.0843993 0.641374]; n=40
r=2000 d=[0.0760079 0.760366]; n=40

Sampling @ nn=300 pred locs:
r=1000 d=[0.0682871 0.59642]; mh=1 n=40
r=2000 d=[0.0718411 0.758884]; mh=1 n=40
r=3000 d=[0.0540178 0.48123]; mh=1 n=40
r=4000 d=[0.047716 0.62185]; mh=1 n=40
r=5000 d=[0.0823486 0.955592]; mh=1 n=40
Grow: 0%, 

Saved to active_learning_baselines_results.xlsx: RMSE_all=0.1415, RMSE_target=0.0616
Run 2d+10: method=IMSE, n_initial=30, repeat=3/30

burn in:
r=1000 d=[0.118124 0.662596]; n=30
r=2000 d=[0.0628159 0.503153]; n=30

Sampling @ nn=2000 pred locs:
r=1000 d=[0.0653322 0.624224]; mh=1 n=30
r=2000 d=[0.119596 0.836763]; mh=1 n=30
r=3000 d=[0.0845153 0.878132]; mh=1 n=30
r=4000 d=[0.0776083 0.771848]; mh=1 n=30
r=5000 d=[0.0876697 0.715818]; mh=1 n=30
Grow: 0%, 


burn in:
r=1000 d=[0.0897729 0.746511]; n=31
r=2000 d=[0.0763411 0.709817]; n=31

Sampling @ nn=1999 pred locs:
r=1000 d=[0.0937571 0.887907]; mh=1 n=31
r=2000 d=[0.0863399 0.765755]; mh=1 n=31
r=3000 d=[0.082901 0.741513]; mh=1 n=31
r=4000 d=[0.0743533 0.604012]; mh=1 n=31
r=5000 d=[0.0797233 1.16644]; mh=1 n=31
Grow: 0%, 


burn in:
r=1000 d=[0.0853336 0.748737]; n=32
r=2000 d=[0.0872027 0.905791]; n=32

Sampling @ nn=1998 pred locs:
r=1000 d=[0.0927246 0.928587]; mh=1 n=32
r=2000 d=[0.0887281 0.840386]; mh=1 n=32
r=3000 d=[0.0706678 0.713039]; mh=1 n=32
r=4000 d=[0.0868912 0.950937]; mh=1 n=32
r=5000 d=[0.0734138 0.682816]; mh=1 n=32
Grow: 0%, 


burn in:
**GROW** @depth 0: [1,0.552828], n=(19,14)
**PRUNE** @depth 0: [1,0.551847]
r=1000 d=[0.0673811 0.126587]; n=33
r=2000 d=[0.122906 1.04418]; n=33

Sampling @ nn=1997 pred locs:
r=1000 d=[0.0727859 0.657627]; mh=1 n=33
r=2000 d=[0.0787779 0.690304]; mh=1 n=33
r=3000 d=[0.0918264 1.30713]; mh=1 n=33
r=4000 d=[0.0729113 1.17002]; mh=1 n=33
r=5000 d=[0.0666449 0.836948]; mh=1 n=33
Grow: 0.295%, Prune: 2.778%, Change: 100%, 


burn in:
r=1000 d=[0.0662528 0.714718]; n=34
r=2000 d=[0.0673954 0.576151]; n=34

Sampling @ nn=1996 pred locs:
r=1000 d=[0.0950174 1.22611]; mh=1 n=34
r=2000 d=[0.0580225 0.623737]; mh=1 n=34
r=3000 d=[0.103194 0.544233]; mh=1 n=34
r=4000 d=[0.0647898 0.681183]; mh=1 n=34
r=5000 d=[0.0801262 0.694378]; mh=1 n=34
Grow: 0%, 


burn in:
r=1000 d=[0.0981692 1.12889]; n=35
r=2000 d=[0.0755388 0.501021]; n=35

Sampling @ nn=1995 pred locs:
r=1000 d=[0.0685827 0.742368]; mh=1 n=35
r=2000 d=[0.105796 0.925722]; mh=1 n=35
r=3000 d=[0.068988 0.6561]; mh=1 n=35
r=4000 d=[0.0651627 0.567494]; mh=1 n=35
r=5000 d=[0.0747871 0.698274]; mh=1 n=35
Grow: 0%, 


burn in:
r=1000 d=[0.0954096 0.651284]; n=36
r=2000 d=[0.0733533 0.879215]; n=36

Sampling @ nn=1994 pred locs:
r=1000 d=[0.0639831 0.691927]; mh=1 n=36
r=2000 d=[0.0947862 0.985951]; mh=1 n=36
r=3000 d=[0.0792162 0.883025]; mh=1 n=36
r=4000 d=[0.0855757 1.1435]; mh=1 n=36
r=5000 d=[0.0603587 0.577145]; mh=1 n=36
Grow: 0%, 


burn in:
**GROW** @depth 0: [1,0.586542], n=(23,14)
r=1000 d=[0.200282 0.0188615] [0.972871 0.0286468]; n=(23,14)
**PRUNE** @depth 0: [1,0.589961]
r=2000 d=[0.0969387 0.716528]; n=37

Sampling @ nn=1993 pred locs:
r=1000 d=[0.092114 0.836596]; mh=1 n=37
r=2000 d=[0.0905477 0.660889]; mh=1 n=37
r=3000 d=[0.0955839 0.726896]; mh=1 n=37
r=4000 d=[0.0854481 0.901548]; mh=1 n=37
r=5000 d=[0.0839903 1.00373]; mh=1 n=37
Grow: 0.2833%, Prune: 1.587%, Change: 100%, 


burn in:
r=1000 d=[0.0867954 0.913976]; n=38
r=2000 d=[0.0821096 0.836628]; n=38

Sampling @ nn=1992 pred locs:
r=1000 d=[0.0842775 0.814373]; mh=1 n=38
r=2000 d=[0.100443 0.715145]; mh=1 n=38
r=3000 d=[0.107928 0.908124]; mh=1 n=38
r=4000 d=[0.0952455 0.887073]; mh=1 n=38
r=5000 d=[0.0674478 1.14948]; mh=1 n=38
Grow: 0%, 


burn in:
r=1000 d=[0.0748953 0.895459]; n=39
r=2000 d=[0.105098 1.19556]; n=39

Sampling @ nn=1991 pred locs:
r=1000 d=[0.0925841 0.72241]; mh=1 n=39
r=2000 d=[0.0983556 1.17805]; mh=1 n=39
r=3000 d=[0.115886 1.15733]; mh=1 n=39
r=4000 d=[0.0704112 0.671306]; mh=1 n=39
r=5000 d=[0.11164 1.37616]; mh=1 n=39
Grow: 0%, 


burn in:
r=1000 d=[0.0946601 0.845782]; n=40
r=2000 d=[0.10577 1.00491]; n=40

Sampling @ nn=300 pred locs:
r=1000 d=[0.0718777 0.31333]; mh=1 n=40
r=2000 d=[0.128173 0.959164]; mh=1 n=40
r=3000 d=[0.093183 0.666526]; mh=1 n=40
r=4000 d=[0.0917726 0.755276]; mh=1 n=40
r=5000 d=[0.113249 0.912856]; mh=1 n=40
Grow: 0%, 

Saved to active_learning_baselines_results.xlsx: RMSE_all=0.0920, RMSE_target=0.0490
Run 2d+10: method=EI, n_initial=30, repeat=4/30

burn in:
r=1000 d=[0.166913 0.999531]; n=30
r=2000 d=[0.121814 0.746494]; n=30

Sampling @ nn=2000 pred locs:
r=1000 d=[0.0729597 0.228055]; mh=1 n=30
r=2000 d=[0.106862 0.396051]; mh=1 n=30
r=3000 d=[0.116786 0.52766]; mh=1 n=30
r=4000 d=[0.153881 1.3021]; mh=1 n=30
r=5000 d=[0.0897934 0.555994]; mh=1 n=30
Grow: 0%, 


burn in:
r=1000 d=[0.0975899 1.084]; n=31
r=2000 d=[0.0965087 0.644564]; n=31

Sampling @ nn=1999 pred locs:
r=1000 d=[0.125034 0.772692]; mh=1 n=31
r=2000 d=[0.10636 0.625678]; mh=1 n=31
r=3000 d=[0.120893 0.782033]; mh=1 n=31
r=4000 d=[0.0810006 0.637075]; mh=1 n=31
r=5000 d=[0.0964632 0.609681]; mh=1 n=31
Grow: 0%, 


burn in:
r=1000 d=[0.0826308 0.961835]; n=32
r=2000 d=[0.149369 1.30102]; n=32

Sampling @ nn=1998 pred locs:
r=1000 d=[0.0834231 0.658802]; mh=1 n=32
r=2000 d=[0.126408 0.651357]; mh=1 n=32
r=3000 d=[0.125891 0.890151]; mh=1 n=32
r=4000 d=[0.0813262 0.669622]; mh=1 n=32
r=5000 d=[0.110017 0.722551]; mh=1 n=32
Grow: 0%, 


burn in:
r=1000 d=[0.106685 0.834753]; n=33
r=2000 d=[0.0817238 0.569443]; n=33

Sampling @ nn=1997 pred locs:
r=1000 d=[0.0875235 1.09861]; mh=1 n=33
r=2000 d=[0.0860798 0.588217]; mh=1 n=33
r=3000 d=[0.0734857 0.3149]; mh=1 n=33
r=4000 d=[0.0818549 0.434154]; mh=1 n=33
r=5000 d=[0.0925965 0.761857]; mh=1 n=33
Grow: 0%, 


burn in:
r=1000 d=[0.0798386 0.632629]; n=34
r=2000 d=[0.0859384 0.895284]; n=34

Sampling @ nn=1996 pred locs:
r=1000 d=[0.0543613 0.631672]; mh=1 n=34
r=2000 d=[0.129299 1.41621]; mh=1 n=34
r=3000 d=[0.0965655 1.21653]; mh=1 n=34
r=4000 d=[0.0999617 0.661711]; mh=1 n=34
r=5000 d=[0.093562 0.564028]; mh=1 n=34
Grow: 0%, 


burn in:
r=1000 d=[0.0949738 0.860977]; n=35
r=2000 d=[0.118555 0.925795]; n=35

Sampling @ nn=1995 pred locs:
r=1000 d=[0.107233 0.723808]; mh=1 n=35
r=2000 d=[0.114482 1.02969]; mh=1 n=35
r=3000 d=[0.0734429 0.172941]; mh=1 n=35
r=4000 d=[0.102033 0.924324]; mh=1 n=35
r=5000 d=[0.108376 1.09409]; mh=1 n=35
Grow: 0%, 


burn in:
r=1000 d=[0.0805151 1.35191]; n=36
r=2000 d=[0.0934017 1.4814]; n=36

Sampling @ nn=1994 pred locs:
r=1000 d=[0.0871384 0.773587]; mh=1 n=36
r=2000 d=[0.0483129 0.588967]; mh=1 n=36
r=3000 d=[0.0836872 0.661038]; mh=1 n=36
r=4000 d=[0.0816762 0.705228]; mh=1 n=36
r=5000 d=[0.0811602 1.02586]; mh=1 n=36
Grow: 0%, 


burn in:
r=1000 d=[0.0828465 0.742084]; n=37
r=2000 d=[0.0872699 0.497403]; n=37

Sampling @ nn=1993 pred locs:
r=1000 d=[0.0803358 0.648009]; mh=1 n=37
r=2000 d=[0.100831 0.571854]; mh=1 n=37
r=3000 d=[0.0863096 0.479768]; mh=1 n=37
r=4000 d=[0.114803 1.11121]; mh=1 n=37
r=5000 d=[0.0756786 0.986399]; mh=1 n=37
Grow: 0%, 


burn in:
r=1000 d=[0.102025 0.773186]; n=38
r=2000 d=[0.0813961 0.528117]; n=38

Sampling @ nn=1992 pred locs:
r=1000 d=[0.0700227 0.743091]; mh=1 n=38
r=2000 d=[0.0742088 0.781404]; mh=1 n=38
r=3000 d=[0.0826597 0.99827]; mh=1 n=38
r=4000 d=[0.0652105 0.995702]; mh=1 n=38
r=5000 d=[0.0887552 1.06753]; mh=1 n=38
Grow: 0%, 


burn in:
**GROW** @depth 0: [1,0.5126], n=(18,21)
**PRUNE** @depth 0: [1,0.513209]
r=1000 d=[0.107123 1.32173]; n=39
r=2000 d=[0.0822983 0.897849]; n=39

Sampling @ nn=1991 pred locs:
r=1000 d=[0.0703717 0.965861]; mh=1 n=39
r=2000 d=[0.0771684 0.540401]; mh=1 n=39
r=3000 d=[0.0686193 0.680311]; mh=1 n=39
r=4000 d=[0.089797 0.844414]; mh=1 n=39
r=5000 d=[0.0852841 1.0752]; mh=1 n=39
Grow: 0.2907%, Prune: 100%, Change: 100%, 


burn in:
r=1000 d=[0.100402 0.885741]; n=40
r=2000 d=[0.0515038 0.417622]; n=40

Sampling @ nn=300 pred locs:
r=1000 d=[0.0867872 0.815185]; mh=1 n=40
r=2000 d=[0.067434 1.17225]; mh=1 n=40
r=3000 d=[0.0765786 1.37704]; mh=1 n=40
r=4000 d=[0.0854265 0.84809]; mh=1 n=40
r=5000 d=[0.08269 0.665675]; mh=1 n=40
Grow: 0%, 

Saved to active_learning_baselines_results.xlsx: RMSE_all=0.0884, RMSE_target=0.0783
Run 2d+10: method=UCB, n_initial=30, repeat=4/30

burn in:
**GROW** @depth 0: [1,0.36288], n=(11,19)
**PRUNE** @depth 0: [1,0.364062]
**GROW** @depth 0: [1,0.524434], n=(15,15)
**PRUNE** @depth 0: [1,0.52527]
r=1000 d=[0.0917086 0.829212]; n=30
r=2000 d=[0.0722126 0.587153]; n=30

Sampling @ nn=2000 pred locs:
r=1000 d=[0.0852753 0.811601]; mh=1 n=30
r=2000 d=[0.0857417 0.727849]; mh=1 n=30
r=3000 d=[0.0982653 0.934946]; mh=1 n=30
r=4000 d=[0.0808181 0.365783]; mh=1 n=30
r=5000 d=[0.100572 0.791785]; mh=1 n=30
Grow: 0.578%, Prune: 100%, Change: 100%, 


burn in:
r=1000 d=[0.0991258 0.779026]; n=31
r=2000 d=[0.0748685 0.650538]; n=31

Sampling @ nn=1999 pred locs:
r=1000 d=[0.0768828 0.561304]; mh=1 n=31
r=2000 d=[0.0845397 0.885116]; mh=1 n=31
r=3000 d=[0.078689 0.452111]; mh=1 n=31
r=4000 d=[0.0782181 0.627017]; mh=1 n=31
r=5000 d=[0.0760718 0.694482]; mh=1 n=31
Grow: 0%, 


burn in:
r=1000 d=[0.164247 1.08601]; n=32
r=2000 d=[0.0773384 0.779592]; n=32

Sampling @ nn=1998 pred locs:
r=1000 d=[0.0862473 0.528149]; mh=1 n=32
r=2000 d=[0.0871305 0.441541]; mh=1 n=32
r=3000 d=[0.0893165 0.899385]; mh=1 n=32
r=4000 d=[0.0713254 0.601957]; mh=1 n=32
r=5000 d=[0.0968412 1.01532]; mh=1 n=32
Grow: 0%, 


burn in:
**GROW** @depth 0: [1,0.499183], n=(16,17)
**PRUNE** @depth 0: [1,0.498714]
r=1000 d=[0.0848542 1.36677]; n=33
r=2000 d=[0.075948 0.672424]; n=33

Sampling @ nn=1997 pred locs:
r=1000 d=[0.10248 1.08269]; mh=1 n=33
r=2000 d=[0.0848659 0.992325]; mh=1 n=33
r=3000 d=[0.105192 0.708223]; mh=1 n=33
r=4000 d=[0.123794 0.989036]; mh=1 n=33
r=5000 d=[0.0801133 0.853076]; mh=1 n=33
Grow: 0.2933%, Prune: 100%, Change: 100%, 


burn in:
r=1000 d=[0.111766 0.745572]; n=34
r=2000 d=[0.0830677 0.8393]; n=34

Sampling @ nn=1996 pred locs:
r=1000 d=[0.11074 1.17492]; mh=1 n=34
r=2000 d=[0.0822856 0.567817]; mh=1 n=34
r=3000 d=[0.0706619 0.654802]; mh=1 n=34
r=4000 d=[0.0864498 0.580196]; mh=1 n=34
r=5000 d=[0.102855 1.13032]; mh=1 n=34
Grow: 0%, 


burn in:
r=1000 d=[0.0979425 0.600351]; n=35
r=2000 d=[0.0886688 0.7909]; n=35

Sampling @ nn=1995 pred locs:
r=1000 d=[0.0942994 1.04819]; mh=1 n=35
r=2000 d=[0.095133 0.822871]; mh=1 n=35
r=3000 d=[0.0811682 0.7117]; mh=1 n=35
r=4000 d=[0.109708 0.874756]; mh=1 n=35
r=5000 d=[0.122869 0.811973]; mh=1 n=35
Grow: 0%, 


burn in:
r=1000 d=[0.110336 1.26369]; n=36
r=2000 d=[0.0726424 0.668317]; n=36

Sampling @ nn=1994 pred locs:
r=1000 d=[0.0915837 0.689416]; mh=1 n=36
r=2000 d=[0.0985919 1.25916]; mh=1 n=36
r=3000 d=[0.0920513 0.770213]; mh=1 n=36
r=4000 d=[0.0705895 0.277908]; mh=1 n=36
r=5000 d=[0.114914 1.03099]; mh=1 n=36
Grow: 0%, 


burn in:
r=1000 d=[0.101529 1.04346]; n=37
r=2000 d=[0.0943224 0.599657]; n=37

Sampling @ nn=1993 pred locs:
r=1000 d=[0.0968223 0.755224]; mh=1 n=37
r=2000 d=[0.0846478 1.3695]; mh=1 n=37
r=3000 d=[0.0863736 1.04372]; mh=1 n=37
r=4000 d=[0.0720788 0.680228]; mh=1 n=37
r=5000 d=[0.0921858 1.00821]; mh=1 n=37
Grow: 0%, 


burn in:
r=1000 d=[0.0891424 0.616474]; n=38
r=2000 d=[0.0904564 0.950625]; n=38

Sampling @ nn=1992 pred locs:
r=1000 d=[0.0807869 0.909111]; mh=1 n=38
r=2000 d=[0.0693036 0.551931]; mh=1 n=38
r=3000 d=[0.0939965 0.477409]; mh=1 n=38
r=4000 d=[0.0763752 0.824211]; mh=1 n=38
r=5000 d=[0.0909735 0.604244]; mh=1 n=38
Grow: 0%, 


burn in:
r=1000 d=[0.0848261 1.10513]; n=39
r=2000 d=[0.08377 0.819046]; n=39

Sampling @ nn=1991 pred locs:
r=1000 d=[0.108739 1.70105]; mh=1 n=39
r=2000 d=[0.0733444 0.835212]; mh=1 n=39
r=3000 d=[0.0796572 0.858896]; mh=1 n=39
r=4000 d=[0.0846447 0.718883]; mh=1 n=39
r=5000 d=[0.0667608 0.742072]; mh=1 n=39
Grow: 0%, 


burn in:
**GROW** @depth 0: [1,0.497205], n=(19,21)
**PRUNE** @depth 0: [1,0.500674]
r=1000 d=[0.0724829 1.36285]; n=40
r=2000 d=[0.128329 0.861915]; n=40

Sampling @ nn=300 pred locs:
r=1000 d=[0.0639679 0.508419]; mh=1 n=40
r=2000 d=[0.0815714 0.60405]; mh=1 n=40
r=3000 d=[0.0739822 0.630999]; mh=1 n=40
r=4000 d=[0.089021 0.696258]; mh=1 n=40
r=5000 d=[0.0695838 0.887523]; mh=1 n=40
Grow: 0.2924%, Prune: 33.33%, Change: 100%, 

Saved to active_learning_baselines_results.xlsx: RMSE_all=0.1009, RMSE_target=0.0471
Run 2d+10: method=IMSE, n_initial=30, repeat=4/30

burn in:
r=1000 d=[0.073914 0.60123]; n=30
r=2000 d=[0.0754267 0.637474]; n=30

Sampling @ nn=2000 pred locs:
r=1000 d=[0.0720998 1.12234]; mh=1 n=30
r=2000 d=[0.0957735 0.846578]; mh=1 n=30
r=3000 d=[0.0729949 0.90064]; mh=1 n=30
r=4000 d=[0.116829 0.503956]; mh=1 n=30
r=5000 d=[0.0670357 0.654088]; mh=1 n=30
Grow: 0%, 


burn in:
**GROW** @depth 0: [1,0.448231], n=(14,17)
r=1000 d=[0.0153635 0.0375834] [0.622387 0.0289705]; n=(14,17)
**PRUNE** @depth 0: [1,0.450267]
r=2000 d=[0.10191 1.18389]; n=31

Sampling @ nn=1999 pred locs:
r=1000 d=[0.0800643 1.09179]; mh=1 n=31
r=2000 d=[0.080651 1.08609]; mh=1 n=31
r=3000 d=[0.109316 0.82061]; mh=1 n=31
r=4000 d=[0.079464 0.570471]; mh=1 n=31
r=5000 d=[0.0803795 0.672843]; mh=1 n=31
Grow: 0.2849%, Prune: 1.818%, Change: 100%, 


burn in:
r=1000 d=[0.0783345 0.762598]; n=32
r=2000 d=[0.0675532 0.588946]; n=32

Sampling @ nn=1998 pred locs:
r=1000 d=[0.086277 0.700547]; mh=1 n=32
r=2000 d=[0.125739 1.11738]; mh=1 n=32
r=3000 d=[0.0975668 0.655424]; mh=1 n=32
r=4000 d=[0.0782309 0.676574]; mh=1 n=32
r=5000 d=[0.09981 1.03131]; mh=1 n=32
Grow: 0%, 


burn in:
r=1000 d=[0.0741052 0.769725]; n=33
r=2000 d=[0.0770184 0.615669]; n=33

Sampling @ nn=1997 pred locs:
r=1000 d=[0.0740678 0.497033]; mh=1 n=33
r=2000 d=[0.0540905 0.652957]; mh=1 n=33
r=3000 d=[0.0588281 0.903637]; mh=1 n=33
r=4000 d=[0.0524508 0.659117]; mh=1 n=33
r=5000 d=[0.080149 0.687908]; mh=1 n=33
Grow: 0%, 


burn in:
r=1000 d=[0.0684471 0.988783]; n=34
r=2000 d=[0.0657213 0.947524]; n=34

Sampling @ nn=1996 pred locs:
r=1000 d=[0.0737877 0.718149]; mh=1 n=34
r=2000 d=[0.0780184 0.609393]; mh=1 n=34
r=3000 d=[0.0784943 1.1008]; mh=1 n=34
r=4000 d=[0.0731923 0.543676]; mh=1 n=34
r=5000 d=[0.0847098 0.916184]; mh=1 n=34
Grow: 0%, 


burn in:
**GROW** @depth 0: [1,0.509437], n=(17,18)
**PRUNE** @depth 0: [1,0.510829]
r=1000 d=[0.109306 1.13211]; n=35
r=2000 d=[0.0979179 0.58844]; n=35

Sampling @ nn=1995 pred locs:
r=1000 d=[0.0948258 0.928376]; mh=1 n=35
r=2000 d=[0.09739 0.844605]; mh=1 n=35
r=3000 d=[0.078835 0.680092]; mh=1 n=35
r=4000 d=[0.0870502 0.503463]; mh=1 n=35
r=5000 d=[0.117422 1.16727]; mh=1 n=35
Grow: 0.277%, Prune: 14.29%, Change: 100%, 


burn in:
r=1000 d=[0.0891185 0.674439]; n=36
r=2000 d=[0.103037 0.57062]; n=36

Sampling @ nn=1994 pred locs:
r=1000 d=[0.112531 1.00177]; mh=1 n=36
r=2000 d=[0.0747857 1.02077]; mh=1 n=36
r=3000 d=[0.0757585 0.952693]; mh=1 n=36
r=4000 d=[0.0934872 1.12474]; mh=1 n=36
r=5000 d=[0.0798372 0.768112]; mh=1 n=36
Grow: 0%, 


burn in:
**GROW** @depth 0: [1,0.496995], n=(18,19)
**PRUNE** @depth 0: [1,0.495837]
r=1000 d=[0.074141 0.61164]; n=37
r=2000 d=[0.0787619 0.87776]; n=37

Sampling @ nn=1993 pred locs:
r=1000 d=[0.0594 0.568035]; mh=1 n=37
r=2000 d=[0.0595242 1.01356]; mh=1 n=37
r=3000 d=[0.0639612 0.955463]; mh=1 n=37
r=4000 d=[0.0876177 1.21868]; mh=1 n=37
r=5000 d=[0.127031 1.1146]; mh=1 n=37
Grow: 0.277%, Prune: 9.091%, Change: 100%, 


burn in:
r=1000 d=[0.0927278 1.22224]; n=38
r=2000 d=[0.0604498 0.925566]; n=38

Sampling @ nn=1992 pred locs:
r=1000 d=[0.0983833 1.06931]; mh=1 n=38
r=2000 d=[0.0769239 0.931989]; mh=1 n=38
r=3000 d=[0.0517418 0.930539]; mh=1 n=38
r=4000 d=[0.0763273 0.900354]; mh=1 n=38
r=5000 d=[0.102326 1.18754]; mh=1 n=38
Grow: 0%, 


burn in:
r=1000 d=[0.0715594 0.601872]; n=39
r=2000 d=[0.127363 0.953695]; n=39

Sampling @ nn=1991 pred locs:
r=1000 d=[0.065142 0.826826]; mh=1 n=39
r=2000 d=[0.0728228 1.05595]; mh=1 n=39
r=3000 d=[0.0663787 1.09504]; mh=1 n=39
r=4000 d=[0.123626 1.1995]; mh=1 n=39
r=5000 d=[0.068932 0.645299]; mh=1 n=39
Grow: 0%, 


burn in:
r=1000 d=[0.0753015 1.19484]; n=40
r=2000 d=[0.0804806 1.22463]; n=40

Sampling @ nn=300 pred locs:
r=1000 d=[0.0781292 0.73059]; mh=1 n=40
r=2000 d=[0.0607588 0.766532]; mh=1 n=40
r=3000 d=[0.0874479 0.855183]; mh=1 n=40
r=4000 d=[0.0852196 1.17828]; mh=1 n=40
r=5000 d=[0.0854707 1.24328]; mh=1 n=40
Grow: 0%, 

Saved to active_learning_baselines_results.xlsx: RMSE_all=0.0722, RMSE_target=0.0688
Run 2d+10: method=EI, n_initial=30, repeat=5/30

burn in:
r=1000 d=[0.0922224 1.41735]; n=30
r=2000 d=[0.104597 1.01629]; n=30

Sampling @ nn=2000 pred locs:
r=1000 d=[0.110996 0.607808]; mh=1 n=30
r=2000 d=[0.0678117 0.798522]; mh=1 n=30
r=3000 d=[0.084076 0.762904]; mh=1 n=30
r=4000 d=[0.121422 1.01437]; mh=1 n=30
r=5000 d=[0.0760539 0.614588]; mh=1 n=30
Grow: 0%, 


burn in:
r=1000 d=[0.091366 0.539458]; n=31
r=2000 d=[0.0747226 0.220498]; n=31

Sampling @ nn=1999 pred locs:
r=1000 d=[0.14032 1.54822]; mh=1 n=31
r=2000 d=[0.0749197 0.546017]; mh=1 n=31
r=3000 d=[0.0992952 0.655899]; mh=1 n=31
r=4000 d=[0.132959 1.38343]; mh=1 n=31
r=5000 d=[0.0720951 0.831185]; mh=1 n=31
Grow: 0%, 


burn in:
r=1000 d=[0.0562817 0.899277]; n=32
r=2000 d=[0.0860736 0.456135]; n=32

Sampling @ nn=1998 pred locs:
r=1000 d=[0.0695734 0.721806]; mh=1 n=32
r=2000 d=[0.0759406 0.745953]; mh=1 n=32
r=3000 d=[0.0609952 0.950831]; mh=1 n=32
r=4000 d=[0.11482 1.10169]; mh=1 n=32
r=5000 d=[0.0628629 0.177608]; mh=1 n=32
Grow: 0%, 


burn in:
r=1000 d=[0.0736807 0.985119]; n=33
r=2000 d=[0.0668615 0.64995]; n=33

Sampling @ nn=1997 pred locs:
r=1000 d=[0.06572 1.19745]; mh=1 n=33
r=2000 d=[0.0835741 0.654187]; mh=1 n=33
r=3000 d=[0.0825171 0.358141]; mh=1 n=33
r=4000 d=[0.0706038 0.983777]; mh=1 n=33
r=5000 d=[0.0658255 0.496005]; mh=1 n=33
Grow: 0%, 


burn in:
r=1000 d=[0.0724677 0.716209]; n=34
r=2000 d=[0.0739775 0.952532]; n=34

Sampling @ nn=1996 pred locs:
r=1000 d=[0.0723503 0.93512]; mh=1 n=34
r=2000 d=[0.0637495 0.963383]; mh=1 n=34
r=3000 d=[0.0951821 0.647059]; mh=1 n=34
r=4000 d=[0.0983035 0.693361]; mh=1 n=34
r=5000 d=[0.0893625 0.879415]; mh=1 n=34
Grow: 0%, 


burn in:
r=1000 d=[0.0523073 0.548934]; n=35
r=2000 d=[0.0897589 0.876237]; n=35

Sampling @ nn=1995 pred locs:
r=1000 d=[0.0714506 1.49709]; mh=1 n=35
r=2000 d=[0.0982217 1.13139]; mh=1 n=35
r=3000 d=[0.077756 0.342037]; mh=1 n=35
r=4000 d=[0.0912367 1.04941]; mh=1 n=35
r=5000 d=[0.0808462 0.773953]; mh=1 n=35
Grow: 0%, 


burn in:
r=1000 d=[0.0588747 0.448316]; n=36
r=2000 d=[0.0916611 0.848108]; n=36

Sampling @ nn=1994 pred locs:
r=1000 d=[0.103101 0.509706]; mh=1 n=36
r=2000 d=[0.0541848 1.21231]; mh=1 n=36
r=3000 d=[0.0823351 0.787047]; mh=1 n=36
r=4000 d=[0.0833492 0.940334]; mh=1 n=36
r=5000 d=[0.0723961 0.695694]; mh=1 n=36
Grow: 0%, 


burn in:
r=1000 d=[0.0812967 1.05515]; n=37
r=2000 d=[0.0625963 0.167585]; n=37

Sampling @ nn=1993 pred locs:
r=1000 d=[0.0680697 0.825629]; mh=1 n=37
r=2000 d=[0.0476587 0.982782]; mh=1 n=37
r=3000 d=[0.0958851 0.795606]; mh=1 n=37
r=4000 d=[0.112252 1.25417]; mh=1 n=37
r=5000 d=[0.102763 1.05559]; mh=1 n=37
Grow: 0%, 


burn in:
r=1000 d=[0.0966874 0.620729]; n=38
r=2000 d=[0.106389 0.966976]; n=38

Sampling @ nn=1992 pred locs:
r=1000 d=[0.0896462 0.717283]; mh=1 n=38
r=2000 d=[0.0871984 0.819076]; mh=1 n=38
r=3000 d=[0.0820656 0.847215]; mh=1 n=38
r=4000 d=[0.103485 1.28725]; mh=1 n=38
r=5000 d=[0.0599398 0.596117]; mh=1 n=38
Grow: 0%, 


burn in:
r=1000 d=[0.0713846 0.588595]; n=39
r=2000 d=[0.0747312 0.945185]; n=39

Sampling @ nn=1991 pred locs:
r=1000 d=[0.0780181 1.15879]; mh=1 n=39
r=2000 d=[0.084968 0.818389]; mh=1 n=39
r=3000 d=[0.0835822 1.02835]; mh=1 n=39
r=4000 d=[0.0727982 1.01771]; mh=1 n=39
r=5000 d=[0.0944349 0.974746]; mh=1 n=39
Grow: 0%, 


burn in:
**GROW** @depth 0: [1,0.50017], n=(18,22)
**PRUNE** @depth 0: [1,0.515068]
r=1000 d=[0.0753829 0.715757]; n=40
r=2000 d=[0.0661374 0.678443]; n=40

Sampling @ nn=300 pred locs:
r=1000 d=[0.120674 0.677895]; mh=1 n=40
r=2000 d=[0.0865208 0.949324]; mh=1 n=40
r=3000 d=[0.0992523 1.08747]; mh=1 n=40
r=4000 d=[0.0784151 0.869265]; mh=1 n=40
r=5000 d=[0.083603 0.454599]; mh=1 n=40
Grow: 0.3049%, Prune: 100%, Change: 100%, 

Saved to active_learning_baselines_results.xlsx: RMSE_all=0.0984, RMSE_target=0.0274
Run 2d+10: method=UCB, n_initial=30, repeat=5/30

burn in:
**GROW** @depth 0: [1,0.477467], n=(14,16)
r=1000 d=[0.909057 1.26029] [1.83055 1.19038]; n=(14,16)
r=2000 d=[0.41051 1.06673] [0.699817 0.605301]; n=(14,16)

Sampling @ nn=2000 pred locs:
r=1000 d=[1.03214 0.612388] [0.816904 0.797738]; mh=2 n=(14,16)
r=2000 d=[0.0542736 1.24912] [0.729178 0.628601]; mh=2 n=(14,16)
**PRUNE** @depth 0: [1,0.46682]
r=3000 d=[0.111471 0.768678]; mh=1 n=30
r=4000 d=[0.099296 0.655594]; mh=1 n=30
r=5000 d=[0.100087 0.524331]; mh=1 n=30
Grow: 0.2899%, Prune: 0.5618%, Change: 100%, 


burn in:
r=1000 d=[0.124514 1.33941]; n=31
r=2000 d=[0.110948 0.514438]; n=31

Sampling @ nn=1999 pred locs:
r=1000 d=[0.143501 0.528759]; mh=1 n=31
r=2000 d=[0.0887006 0.678311]; mh=1 n=31
r=3000 d=[0.108709 0.830186]; mh=1 n=31
r=4000 d=[0.102863 0.904597]; mh=1 n=31
r=5000 d=[0.112562 1.1735]; mh=1 n=31
Grow: 0%, 


burn in:
r=1000 d=[0.135377 1.1119]; n=32
r=2000 d=[0.0968286 0.964457]; n=32

Sampling @ nn=1998 pred locs:
r=1000 d=[0.101664 0.691278]; mh=1 n=32
r=2000 d=[0.109807 1.4498]; mh=1 n=32
r=3000 d=[0.127964 1.19072]; mh=1 n=32
r=4000 d=[0.107223 0.86058]; mh=1 n=32
r=5000 d=[0.100739 0.919784]; mh=1 n=32
Grow: 0%, 


burn in:
r=1000 d=[0.0997994 1.07963]; n=33
r=2000 d=[0.0828182 0.856553]; n=33

Sampling @ nn=1997 pred locs:
r=1000 d=[0.0777767 1.04608]; mh=1 n=33
r=2000 d=[0.106131 0.767294]; mh=1 n=33
r=3000 d=[0.10244 0.930459]; mh=1 n=33
r=4000 d=[0.111462 0.785269]; mh=1 n=33
r=5000 d=[0.107558 1.2181]; mh=1 n=33
Grow: 0%, 


burn in:
r=1000 d=[0.108697 0.545752]; n=34
r=2000 d=[0.0693921 0.763897]; n=34

Sampling @ nn=1996 pred locs:
r=1000 d=[0.110409 0.993079]; mh=1 n=34
r=2000 d=[0.122686 0.896833]; mh=1 n=34
r=3000 d=[0.111966 1.29622]; mh=1 n=34
r=4000 d=[0.0861533 0.825689]; mh=1 n=34
r=5000 d=[0.0923973 0.613072]; mh=1 n=34
Grow: 0%, 


burn in:
r=1000 d=[0.0651228 0.669267]; n=35
r=2000 d=[0.106939 0.982802]; n=35

Sampling @ nn=1995 pred locs:
r=1000 d=[0.0943768 0.858546]; mh=1 n=35
r=2000 d=[0.0983287 0.894012]; mh=1 n=35
r=3000 d=[0.0700776 0.68999]; mh=1 n=35
r=4000 d=[0.09412 1.1715]; mh=1 n=35
r=5000 d=[0.0735632 0.556025]; mh=1 n=35
Grow: 0%, 


burn in:
**GROW** @depth 0: [1,0.400243], n=(12,24)
**PRUNE** @depth 0: [1,0.396023]
r=1000 d=[0.0952005 1.01545]; n=36
r=2000 d=[0.0862724 0.832012]; n=36

Sampling @ nn=1994 pred locs:
r=1000 d=[0.0770991 0.528559]; mh=1 n=36
r=2000 d=[0.0967945 1.09187]; mh=1 n=36
r=3000 d=[0.0740815 0.70248]; mh=1 n=36
r=4000 d=[0.0663525 0.449156]; mh=1 n=36
r=5000 d=[0.0882161 0.663032]; mh=1 n=36
Grow: 0.2725%, Prune: 7.143%, Change: 100%, 


burn in:
**GROW** @depth 0: [1,0.424711], n=(13,24)
r=1000 d=[1.00982 1.41698] [1.02285 0.0529433]; n=(13,24)
**PRUNE** @depth 0: [1,0.420503]
r=2000 d=[0.0825196 1.02786]; n=37

Sampling @ nn=1993 pred locs:
r=1000 d=[0.0977867 1.0232]; mh=1 n=37
r=2000 d=[0.092292 0.756823]; mh=1 n=37
r=3000 d=[0.0720493 0.566146]; mh=1 n=37
r=4000 d=[0.0698038 0.492017]; mh=1 n=37
r=5000 d=[0.0673821 0.739896]; mh=1 n=37
Grow: 0.277%, Prune: 1.176%, Change: 100%, 


burn in:
r=1000 d=[0.0862421 0.692959]; n=38
r=2000 d=[0.0633389 0.802323]; n=38

Sampling @ nn=1992 pred locs:
r=1000 d=[0.089114 0.817322]; mh=1 n=38
r=2000 d=[0.0898734 0.642671]; mh=1 n=38
r=3000 d=[0.0596085 1.07862]; mh=1 n=38
r=4000 d=[0.0847685 0.755908]; mh=1 n=38
r=5000 d=[0.0834321 0.761121]; mh=1 n=38
Grow: 0%, 


burn in:
r=1000 d=[0.0681075 0.57752]; n=39
r=2000 d=[0.0699939 0.625672]; n=39

Sampling @ nn=1991 pred locs:
r=1000 d=[0.0663932 0.6702]; mh=1 n=39
r=2000 d=[0.101766 0.791107]; mh=1 n=39
r=3000 d=[0.0733801 0.585502]; mh=1 n=39
r=4000 d=[0.0759518 0.519228]; mh=1 n=39
r=5000 d=[0.0823292 0.801229]; mh=1 n=39
Grow: 0%, 


burn in:
**GROW** @depth 0: [1,0.529522], n=(20,20)
r=1000 d=[0.0697538 0.517133] [0.82571 1.1899]; n=(19,21)
r=2000 d=[0.0658023 0.675589] [1.40764 1.55332]; n=(18,22)

Sampling @ nn=300 pred locs:
r=1000 d=[0.101302 1.0683] [1.11944 1.2102]; mh=2 n=(19,21)
r=2000 d=[0.12013 0.90652] [0.908185 1.22823]; mh=2 n=(19,21)
r=3000 d=[0.102591 1.08092] [0.918595 1.12427]; mh=2 n=(19,21)
r=4000 d=[0.14174 2.08609] [1.23822 1.07587]; mh=2 n=(19,21)
r=5000 d=[0.0768822 0.822267] [1.20358 1.40679]; mh=2 n=(19,21)
Grow: 0.2732%, Prune: 0%, Change: 91.4%, 

Saved to active_learning_baselines_results.xlsx: RMSE_all=0.0395, RMSE_target=0.0075
Run 2d+10: method=IMSE, n_initial=30, repeat=5/30

burn in:
**GROW** @depth 0: [1,0.507749], n=(16,14)
**PRUNE** @depth 0: [1,0.509544]
r=1000 d=[0.0888528 1.10365]; n=30
r=2000 d=[0.122129 0.915261]; n=30

Sampling @ nn=2000 pred locs:
r=1000 d=[0.0953291 0.645532]; mh=1 n=30
r=2000 d=[0.0976231 1.25615]; mh=1 n=30
r=3000 d=[0.105764 0.764575]; mh=1 n=30
r=4000 d=[0.0902285 0.521156]; mh=1 n=30
r=5000 d=[0.096739 0.953114]; mh=1 n=30
Grow: 0.2681%, Prune: 20%, Change: 100%, 


burn in:
r=1000 d=[0.105819 0.970411]; n=31
r=2000 d=[0.110408 0.672222]; n=31

Sampling @ nn=1999 pred locs:
r=1000 d=[0.077725 0.78941]; mh=1 n=31
r=2000 d=[0.0882125 0.512027]; mh=1 n=31
r=3000 d=[0.0840696 0.790119]; mh=1 n=31
r=4000 d=[0.0873265 0.797657]; mh=1 n=31
r=5000 d=[0.116154 0.802375]; mh=1 n=31
Grow: 0%, 


burn in:
**GROW** @depth 0: [1,0.546814], n=(18,14)
r=1000 d=[0.921722 1.32637] [0.810157 0.0309567]; n=(18,14)
**PRUNE** @depth 0: [1,0.542004]
**GROW** @depth 0: [1,0.506336], n=(17,15)
**PRUNE** @depth 0: [1,0.505201]
r=2000 d=[0.0721879 0.617254]; n=32

Sampling @ nn=1998 pred locs:
r=1000 d=[0.0862199 0.882616]; mh=1 n=32
r=2000 d=[0.117083 0.743599]; mh=1 n=32
r=3000 d=[0.119255 0.661917]; mh=1 n=32
r=4000 d=[0.096291 0.901438]; mh=1 n=32
r=5000 d=[0.0883512 0.543889]; mh=1 n=32
Grow: 0.5831%, Prune: 2.985%, Change: 100%, 


burn in:
**GROW** @depth 0: [1,0.49622], n=(16,17)
**PRUNE** @depth 0: [1,0.49622]
r=1000 d=[0.0927769 0.769022]; n=33
r=2000 d=[0.078654 0.589145]; n=33

Sampling @ nn=1997 pred locs:
r=1000 d=[0.0640066 0.826951]; mh=1 n=33
r=2000 d=[0.102872 0.746078]; mh=1 n=33
r=3000 d=[0.0932225 0.993889]; mh=1 n=33
r=4000 d=[0.085357 0.964157]; mh=1 n=33
r=5000 d=[0.072224 0.951251]; mh=1 n=33
Grow: 0.2809%, Prune: 100%, 


burn in:
**GROW** @depth 0: [1,0.582794], n=(20,14)
**PRUNE** @depth 0: [1,0.583312]
r=1000 d=[0.0947861 0.98473]; n=34
r=2000 d=[0.146298 0.816139]; n=34

Sampling @ nn=1996 pred locs:
r=1000 d=[0.115132 1.54365]; mh=1 n=34
r=2000 d=[0.118651 1.07076]; mh=1 n=34
r=3000 d=[0.128261 1.08313]; mh=1 n=34
r=4000 d=[0.102391 0.899404]; mh=1 n=34
r=5000 d=[0.0993027 1.08069]; mh=1 n=34
Grow: 0.3021%, Prune: 50%, Change: 100%, 


burn in:
r=1000 d=[0.0846744 0.602714]; n=35
r=2000 d=[0.121868 1.25448]; n=35

Sampling @ nn=1995 pred locs:
r=1000 d=[0.126518 0.537297]; mh=1 n=35
r=2000 d=[0.0820144 0.9597]; mh=1 n=35
r=3000 d=[0.0947711 0.750998]; mh=1 n=35
r=4000 d=[0.0749071 1.44592]; mh=1 n=35
r=5000 d=[0.136624 0.798962]; mh=1 n=35
Grow: 0%, 


burn in:
r=1000 d=[0.0867886 1.0369]; n=36
r=2000 d=[0.066119 0.739148]; n=36

Sampling @ nn=1994 pred locs:
r=1000 d=[0.0936307 0.796731]; mh=1 n=36
**GROW** @depth 0: [1,0.464038], n=(17,19)
r=2000 d=[0.0912848 1.05812] [0.883615 1.50637]; mh=2 n=(17,19)
r=3000 d=[0.0872101 1.12737] [0.818928 0.963544]; mh=2 n=(17,19)
r=4000 d=[0.0711675 0.967589] [1.20596 0.78023]; mh=2 n=(17,19)
r=5000 d=[0.10542 1.08626] [0.842087 1.18917]; mh=2 n=(17,19)
Grow: 0.2825%, Prune: 0%, Change: 100%, 


burn in:
r=1000 d=[0.0951282 0.605693]; n=37
r=2000 d=[0.101389 0.654051]; n=37

Sampling @ nn=1993 pred locs:
r=1000 d=[0.113302 0.558875]; mh=1 n=37
r=2000 d=[0.102023 1.39707]; mh=1 n=37
r=3000 d=[0.123254 1.04561]; mh=1 n=37
r=4000 d=[0.111008 0.781575]; mh=1 n=37
r=5000 d=[0.122659 0.628594]; mh=1 n=37
Grow: 0%, 


burn in:
r=1000 d=[0.0971752 0.7907]; n=38
r=2000 d=[0.0727893 0.97112]; n=38

Sampling @ nn=1992 pred locs:
r=1000 d=[0.125016 1.54648]; mh=1 n=38
r=2000 d=[0.0830734 0.890922]; mh=1 n=38
r=3000 d=[0.0897716 1.18289]; mh=1 n=38
r=4000 d=[0.0898919 0.72131]; mh=1 n=38
r=5000 d=[0.113938 1.47805]; mh=1 n=38
Grow: 0%, 


burn in:
**GROW** @depth 0: [1,0.631712], n=(25,14)
**PRUNE** @depth 0: [1,0.6311]
r=1000 d=[0.0844997 1.02925]; n=39
r=2000 d=[0.108518 0.741188]; n=39

Sampling @ nn=1991 pred locs:
r=1000 d=[0.0832635 1.03759]; mh=1 n=39
r=2000 d=[0.0861736 0.844252]; mh=1 n=39
r=3000 d=[0.094291 0.811065]; mh=1 n=39
r=4000 d=[0.0921145 0.848278]; mh=1 n=39
r=5000 d=[0.106775 1.085]; mh=1 n=39
Grow: 0.2915%, Prune: 14.29%, Change: 100%, 


burn in:
r=1000 d=[0.113003 1.18398]; n=40
r=2000 d=[0.117323 0.841424]; n=40

Sampling @ nn=300 pred locs:
r=1000 d=[0.113208 0.931166]; mh=1 n=40
r=2000 d=[0.0800429 0.955556]; mh=1 n=40
r=3000 d=[0.0846602 1.50855]; mh=1 n=40
r=4000 d=[0.102846 1.09839]; mh=1 n=40
r=5000 d=[0.108164 1.0316]; mh=1 n=40
Grow: 0%, 

Saved to active_learning_baselines_results.xlsx: RMSE_all=0.0817, RMSE_target=0.0820
Run 2d+10: method=EI, n_initial=30, repeat=6/30

burn in:
**GROW** @depth 0: [1,0.475939], n=(15,15)
**PRUNE** @depth 0: [1,0.474653]
r=1000 d=[0.0790816 1.00818]; n=30
r=2000 d=[0.145591 0.64416]; n=30

Sampling @ nn=2000 pred locs:
r=1000 d=[0.0821153 0.677505]; mh=1 n=30
r=2000 d=[0.0963153 1.23048]; mh=1 n=30
r=3000 d=[0.0900213 0.555398]; mh=1 n=30
r=4000 d=[0.0921484 1.2292]; mh=1 n=30
r=5000 d=[0.0855592 0.927291]; mh=1 n=30
Grow: 0.2755%, Prune: 50%, Change: 100%, 


burn in:
r=1000 d=[0.0791614 0.713232]; n=31
r=2000 d=[0.10409 0.924065]; n=31

Sampling @ nn=1999 pred locs:
r=1000 d=[0.0781939 1.09513]; mh=1 n=31
r=2000 d=[0.0972409 0.566684]; mh=1 n=31
r=3000 d=[0.0685569 0.723318]; mh=1 n=31
r=4000 d=[0.0983101 0.646442]; mh=1 n=31
r=5000 d=[0.102476 1.13897]; mh=1 n=31
Grow: 0%, 


burn in:
**GROW** @depth 0: [1,0.500804], n=(16,16)
**PRUNE** @depth 0: [1,0.497628]
r=1000 d=[0.0561807 0.652682]; n=32
r=2000 d=[0.10131 0.614998]; n=32

Sampling @ nn=1998 pred locs:
r=1000 d=[0.0873234 0.70503]; mh=1 n=32
r=2000 d=[0.0635114 0.852534]; mh=1 n=32
r=3000 d=[0.0903224 0.700339]; mh=1 n=32
r=4000 d=[0.11194 0.733154]; mh=1 n=32
r=5000 d=[0.0826081 0.647389]; mh=1 n=32
Grow: 0.2841%, Prune: 4.545%, Change: 100%, 


burn in:
r=1000 d=[0.0883376 0.871151]; n=33
r=2000 d=[0.0973591 0.667585]; n=33

Sampling @ nn=1997 pred locs:
r=1000 d=[0.0875951 0.890159]; mh=1 n=33
r=2000 d=[0.065902 0.926436]; mh=1 n=33
r=3000 d=[0.101676 0.817108]; mh=1 n=33
r=4000 d=[0.0743134 0.667184]; mh=1 n=33
r=5000 d=[0.0855515 0.731295]; mh=1 n=33
Grow: 0%, 


burn in:
**GROW** @depth 0: [1,0.402187], n=(12,22)
**PRUNE** @depth 0: [1,0.402187]
r=1000 d=[0.0769704 0.764888]; n=34
r=2000 d=[0.085216 1.11683]; n=34

Sampling @ nn=1996 pred locs:
r=1000 d=[0.0759136 0.990249]; mh=1 n=34
r=2000 d=[0.100132 1.38658]; mh=1 n=34
r=3000 d=[0.070271 0.746269]; mh=1 n=34
r=4000 d=[0.0750172 0.804037]; mh=1 n=34
r=5000 d=[0.0925172 1.1066]; mh=1 n=34
Grow: 0.2849%, Prune: 7.692%, Change: 100%, 


burn in:
r=1000 d=[0.0873866 1.16118]; n=35
r=2000 d=[0.0610987 0.625307]; n=35

Sampling @ nn=1995 pred locs:
r=1000 d=[0.0987568 0.987962]; mh=1 n=35
r=2000 d=[0.102824 0.832986]; mh=1 n=35
r=3000 d=[0.0840465 1.30575]; mh=1 n=35
r=4000 d=[0.106256 0.736279]; mh=1 n=35
r=5000 d=[0.103813 1.28717]; mh=1 n=35
Grow: 0%, 


burn in:
r=1000 d=[0.0834795 1.08455]; n=36
r=2000 d=[0.0863521 0.863334]; n=36

Sampling @ nn=1994 pred locs:
r=1000 d=[0.0766715 1.35774]; mh=1 n=36
r=2000 d=[0.0908892 0.990481]; mh=1 n=36
r=3000 d=[0.0803583 0.815231]; mh=1 n=36
r=4000 d=[0.0696881 0.708416]; mh=1 n=36
r=5000 d=[0.062286 0.835645]; mh=1 n=36
Grow: 0%, 


burn in:
**GROW** @depth 0: [1,0.455036], n=(15,22)
**PRUNE** @depth 0: [1,0.457693]
r=1000 d=[0.0907166 1.49905]; n=37
r=2000 d=[0.0686697 0.721904]; n=37

Sampling @ nn=1993 pred locs:
r=1000 d=[0.0726507 1.12246]; mh=1 n=37
r=2000 d=[0.0629275 0.66791]; mh=1 n=37
r=3000 d=[0.108545 0.725502]; mh=1 n=37
r=4000 d=[0.0763705 0.931396]; mh=1 n=37
r=5000 d=[0.081522 0.744129]; mh=1 n=37
Grow: 0.3003%, Prune: 7.692%, Change: 100%, 


burn in:
r=1000 d=[0.0863202 0.875956]; n=38
r=2000 d=[0.091224 0.917709]; n=38

Sampling @ nn=1992 pred locs:
r=1000 d=[0.0902384 1.14827]; mh=1 n=38
r=2000 d=[0.0760774 0.621683]; mh=1 n=38
r=3000 d=[0.0779611 0.858948]; mh=1 n=38
r=4000 d=[0.100603 0.969784]; mh=1 n=38
r=5000 d=[0.0791162 0.812105]; mh=1 n=38
Grow: 0%, 


burn in:
r=1000 d=[0.0726687 0.737927]; n=39
r=2000 d=[0.0823139 1.19203]; n=39

Sampling @ nn=1991 pred locs:
r=1000 d=[0.0905101 0.763916]; mh=1 n=39
r=2000 d=[0.0627844 0.876985]; mh=1 n=39
r=3000 d=[0.0833485 1.23017]; mh=1 n=39
r=4000 d=[0.0684559 0.801764]; mh=1 n=39
r=5000 d=[0.0636548 0.595115]; mh=1 n=39
Grow: 0%, 


burn in:
r=1000 d=[0.0687109 0.63926]; n=40
r=2000 d=[0.0776391 0.746936]; n=40

Sampling @ nn=300 pred locs:
r=1000 d=[0.0792547 0.751622]; mh=1 n=40
r=2000 d=[0.083239 0.599455]; mh=1 n=40
r=3000 d=[0.0761526 1.0487]; mh=1 n=40
r=4000 d=[0.0813189 0.989835]; mh=1 n=40
r=5000 d=[0.0936204 1.07917]; mh=1 n=40
Grow: 0%, 

Saved to active_learning_baselines_results.xlsx: RMSE_all=0.1316, RMSE_target=0.0374
Run 2d+10: method=UCB, n_initial=30, repeat=6/30

burn in:
r=1000 d=[0.118024 0.642108]; n=30
r=2000 d=[0.0656954 0.916461]; n=30

Sampling @ nn=2000 pred locs:
r=1000 d=[0.157373 0.58123]; mh=1 n=30
r=2000 d=[0.118966 0.865662]; mh=1 n=30
r=3000 d=[0.153161 0.991486]; mh=1 n=30
r=4000 d=[0.0665797 0.557361]; mh=1 n=30
r=5000 d=[0.155071 1.18174]; mh=1 n=30
Grow: 0%, 


burn in:
r=1000 d=[0.0605863 0.671782]; n=31
r=2000 d=[0.0476548 0.336461]; n=31

Sampling @ nn=1999 pred locs:
r=1000 d=[0.149782 0.986461]; mh=1 n=31
r=2000 d=[0.095974 1.02672]; mh=1 n=31
r=3000 d=[0.114444 0.694921]; mh=1 n=31
r=4000 d=[0.0852274 0.49558]; mh=1 n=31
r=5000 d=[0.150101 0.910538]; mh=1 n=31
Grow: 0%, 


burn in:
r=1000 d=[0.128473 0.745783]; n=32
r=2000 d=[0.0964472 0.808443]; n=32

Sampling @ nn=1998 pred locs:
r=1000 d=[0.0509391 0.536408]; mh=1 n=32
r=2000 d=[0.0894165 0.793938]; mh=1 n=32
r=3000 d=[0.0704973 0.513081]; mh=1 n=32
r=4000 d=[0.0852069 0.782232]; mh=1 n=32
r=5000 d=[0.0538715 0.750591]; mh=1 n=32
Grow: 0%, 


burn in:
**GROW** @depth 0: [1,0.494339], n=(16,17)
**PRUNE** @depth 0: [1,0.490507]
r=1000 d=[0.10529 1.10396]; n=33
r=2000 d=[0.11287 1.08245]; n=33

Sampling @ nn=1997 pred locs:
r=1000 d=[0.061476 0.678369]; mh=1 n=33
r=2000 d=[0.0562076 0.699569]; mh=1 n=33
r=3000 d=[0.105454 0.575079]; mh=1 n=33
r=4000 d=[0.0615795 0.723352]; mh=1 n=33
r=5000 d=[0.0775223 0.789769]; mh=1 n=33
Grow: 0.2833%, Prune: 12.5%, Change: 100%, 


burn in:
r=1000 d=[0.0718193 0.579355]; n=34
r=2000 d=[0.0614207 0.408567]; n=34

Sampling @ nn=1996 pred locs:
r=1000 d=[0.0388839 0.516894]; mh=1 n=34
r=2000 d=[0.0637702 0.479302]; mh=1 n=34
r=3000 d=[0.0849121 0.843781]; mh=1 n=34
r=4000 d=[0.0741224 0.816863]; mh=1 n=34
r=5000 d=[0.0816234 0.855875]; mh=1 n=34
Grow: 0%, 


burn in:
r=1000 d=[0.0727914 0.97795]; n=35
r=2000 d=[0.0617636 0.501706]; n=35

Sampling @ nn=1995 pred locs:
r=1000 d=[0.0566309 0.757571]; mh=1 n=35
r=2000 d=[0.0773728 0.825262]; mh=1 n=35
r=3000 d=[0.0690286 0.798741]; mh=1 n=35
r=4000 d=[0.0638052 0.778942]; mh=1 n=35
r=5000 d=[0.057632 0.855454]; mh=1 n=35
Grow: 0%, 


burn in:
r=1000 d=[0.0826851 0.962801]; n=36
r=2000 d=[0.0691374 0.813139]; n=36

Sampling @ nn=1994 pred locs:
r=1000 d=[0.0596924 0.821086]; mh=1 n=36
r=2000 d=[0.0767821 0.532926]; mh=1 n=36
r=3000 d=[0.095364 0.451107]; mh=1 n=36
r=4000 d=[0.0954257 0.816883]; mh=1 n=36
r=5000 d=[0.108681 1.15709]; mh=1 n=36
Grow: 0%, 


burn in:
**GROW** @depth 0: [1,0.4968], n=(18,19)
**PRUNE** @depth 0: [1,0.494339]
r=1000 d=[0.06409 0.786961]; n=37
r=2000 d=[0.0647458 0.705124]; n=37

Sampling @ nn=1993 pred locs:
r=1000 d=[0.0690886 0.826538]; mh=1 n=37
r=2000 d=[0.0678254 0.997313]; mh=1 n=37
r=3000 d=[0.0589916 0.97037]; mh=1 n=37
r=4000 d=[0.0894997 1.44297]; mh=1 n=37
r=5000 d=[0.0717383 1.01258]; mh=1 n=37
Grow: 0.3003%, Prune: 4.762%, Change: 100%, 


burn in:
**GROW** @depth 0: [1,0.48693], n=(18,20)
r=1000 d=[0.785378 0.837582] [0.669821 0.746989]; n=(18,20)
r=2000 d=[1.11104 0.749825] [0.937022 1.09636]; n=(18,20)

Sampling @ nn=1992 pred locs:
r=1000 d=[0.0618497 0.823256] [1.14785 1.0501]; mh=2 n=(18,20)
r=2000 d=[0.0454984 0.609948] [1.09408 0.76746]; mh=2 n=(18,20)
r=3000 d=[0.0989853 0.92602] [0.901852 1.13994]; mh=2 n=(18,20)
r=4000 d=[0.129025 0.880592] [0.908386 0.969104]; mh=2 n=(18,20)
r=5000 d=[0.0372017 0.609418] [0.857317 1.04374]; mh=2 n=(18,20)
Grow: 0.2725%, Prune: 0%, Change: 100%, 


burn in:
r=1000 d=[0.0878205 0.930262]; n=39
r=2000 d=[0.061338 0.959647]; n=39

Sampling @ nn=1991 pred locs:
r=1000 d=[0.0619563 1.23003]; mh=1 n=39
r=2000 d=[0.0736505 0.494174]; mh=1 n=39
r=3000 d=[0.0924608 0.843029]; mh=1 n=39
r=4000 d=[0.0817863 0.853567]; mh=1 n=39
r=5000 d=[0.0934169 0.823564]; mh=1 n=39
Grow: 0%, 


burn in:
r=1000 d=[0.0645294 0.761441]; n=40
r=2000 d=[0.0961266 0.884764]; n=40

Sampling @ nn=300 pred locs:
r=1000 d=[0.0874937 1.29541]; mh=1 n=40
r=2000 d=[0.0712958 1.61498]; mh=1 n=40
r=3000 d=[0.0735338 0.983963]; mh=1 n=40
r=4000 d=[0.0717668 0.673839]; mh=1 n=40
r=5000 d=[0.0489098 0.674643]; mh=1 n=40
Grow: 0%, 

Saved to active_learning_baselines_results.xlsx: RMSE_all=0.1320, RMSE_target=0.0389
Run 2d+10: method=IMSE, n_initial=30, repeat=6/30

burn in:
r=1000 d=[0.0584356 0.645683]; n=30
r=2000 d=[0.0904675 0.661883]; n=30

Sampling @ nn=2000 pred locs:
r=1000 d=[0.101577 0.541875]; mh=1 n=30
r=2000 d=[0.0876738 0.837407]; mh=1 n=30
r=3000 d=[0.0995049 0.550613]; mh=1 n=30
r=4000 d=[0.086099 0.806933]; mh=1 n=30
r=5000 d=[0.0619813 0.501561]; mh=1 n=30
Grow: 0%, 


burn in:
r=1000 d=[0.0942853 0.84445]; n=31
r=2000 d=[0.086586 0.633754]; n=31

Sampling @ nn=1999 pred locs:
r=1000 d=[0.0844884 0.657773]; mh=1 n=31
r=2000 d=[0.107341 0.817444]; mh=1 n=31
r=3000 d=[0.0804992 0.781598]; mh=1 n=31
r=4000 d=[0.0891533 0.717758]; mh=1 n=31
r=5000 d=[0.105328 0.718455]; mh=1 n=31
Grow: 0%, 


burn in:
r=1000 d=[0.103177 0.914866]; n=32
r=2000 d=[0.0999865 0.679995]; n=32

Sampling @ nn=1998 pred locs:
r=1000 d=[0.067437 0.770612]; mh=1 n=32
r=2000 d=[0.112532 0.894352]; mh=1 n=32
r=3000 d=[0.0973321 0.488938]; mh=1 n=32
r=4000 d=[0.0973868 0.777155]; mh=1 n=32
r=5000 d=[0.108354 0.819102]; mh=1 n=32
Grow: 0%, 


burn in:
**GROW** @depth 0: [1,0.532996], n=(17,16)
**PRUNE** @depth 0: [1,0.532672]
r=1000 d=[0.100619 0.84726]; n=33
r=2000 d=[0.0857295 0.720416]; n=33

Sampling @ nn=1997 pred locs:
r=1000 d=[0.0892795 0.854055]; mh=1 n=33
r=2000 d=[0.111537 0.840249]; mh=1 n=33
r=3000 d=[0.0811363 0.600235]; mh=1 n=33
r=4000 d=[0.0859091 0.655921]; mh=1 n=33
r=5000 d=[0.0727188 0.753829]; mh=1 n=33
Grow: 0.277%, Prune: 100%, Change: 100%, 


burn in:
r=1000 d=[0.0879504 0.506258]; n=34
r=2000 d=[0.104138 0.688862]; n=34

Sampling @ nn=1996 pred locs:
r=1000 d=[0.0856056 0.684209]; mh=1 n=34
r=2000 d=[0.0847464 0.535926]; mh=1 n=34
r=3000 d=[0.107493 1.10752]; mh=1 n=34
r=4000 d=[0.103249 1.03342]; mh=1 n=34
r=5000 d=[0.0865745 0.683456]; mh=1 n=34
Grow: 0%, 


burn in:
r=1000 d=[0.101247 1.29923]; n=35
r=2000 d=[0.0896238 0.835598]; n=35

Sampling @ nn=1995 pred locs:
r=1000 d=[0.111966 0.505141]; mh=1 n=35
r=2000 d=[0.0971911 0.684219]; mh=1 n=35
r=3000 d=[0.0887206 0.834772]; mh=1 n=35
r=4000 d=[0.123599 0.759073]; mh=1 n=35
r=5000 d=[0.0816653 0.794578]; mh=1 n=35
Grow: 0%, 


burn in:
**GROW** @depth 0: [1,0.409643], n=(14,22)
**PRUNE** @depth 0: [1,0.409132]
r=1000 d=[0.101466 1.30185]; n=36
r=2000 d=[0.117313 0.804615]; n=36

Sampling @ nn=1994 pred locs:
r=1000 d=[0.0966685 0.755617]; mh=1 n=36
r=2000 d=[0.110769 0.895517]; mh=1 n=36
r=3000 d=[0.0949096 0.807162]; mh=1 n=36
r=4000 d=[0.0754188 1.06564]; mh=1 n=36
r=5000 d=[0.0736534 0.554858]; mh=1 n=36
Grow: 0.2732%, Prune: 10%, Change: 100%, 


burn in:
**GROW** @depth 0: [1,0.55104], n=(19,18)
**PRUNE** @depth 0: [1,0.547058]
r=1000 d=[0.0717832 0.790959]; n=37
r=2000 d=[0.144627 1.48713]; n=37

Sampling @ nn=1993 pred locs:
r=1000 d=[0.0864942 1.08321]; mh=1 n=37
r=2000 d=[0.100234 0.642233]; mh=1 n=37
r=3000 d=[0.110875 0.958399]; mh=1 n=37
r=4000 d=[0.0862482 0.759095]; mh=1 n=37
r=5000 d=[0.0793063 0.645445]; mh=1 n=37
Grow: 0.2778%, Prune: 20%, Change: 100%, 


burn in:
**GROW** @depth 0: [1,0.50095], n=(18,20)
**PRUNE** @depth 0: [1,0.501741]
r=1000 d=[0.105436 1.32207]; n=38
r=2000 d=[0.0869517 0.658969]; n=38

Sampling @ nn=1992 pred locs:
r=1000 d=[0.0992002 0.881918]; mh=1 n=38
r=2000 d=[0.1244 0.681494]; mh=1 n=38
r=3000 d=[0.0957598 0.897626]; mh=1 n=38
r=4000 d=[0.091841 0.831479]; mh=1 n=38
r=5000 d=[0.112025 1.09719]; mh=1 n=38
Grow: 0.2681%, Prune: 50%, Change: 100%, 


burn in:
r=1000 d=[0.108012 0.687978]; n=39
r=2000 d=[0.111476 1.08234]; n=39

Sampling @ nn=1991 pred locs:
r=1000 d=[0.0958918 0.643242]; mh=1 n=39
r=2000 d=[0.0901221 0.716656]; mh=1 n=39
r=3000 d=[0.100983 1.02074]; mh=1 n=39
r=4000 d=[0.0852285 0.51971]; mh=1 n=39
r=5000 d=[0.100898 0.878184]; mh=1 n=39
Grow: 0%, 


burn in:
r=1000 d=[0.0937561 0.662683]; n=40
r=2000 d=[0.067562 1.14279]; n=40

Sampling @ nn=300 pred locs:
r=1000 d=[0.100667 1.09291]; mh=1 n=40
r=2000 d=[0.0974642 1.02934]; mh=1 n=40
r=3000 d=[0.0827757 0.581565]; mh=1 n=40
r=4000 d=[0.0699347 1.15198]; mh=1 n=40
r=5000 d=[0.0648332 0.790328]; mh=1 n=40
Grow: 0%, 

Saved to active_learning_baselines_results.xlsx: RMSE_all=0.0865, RMSE_target=0.0869
Run 2d+10: method=EI, n_initial=30, repeat=7/30

burn in:
**GROW** @depth 0: [1,0.644373], n=(19,11)
**PRUNE** @depth 0: [1,0.64569]
r=1000 d=[0.122525 0.533771]; n=30
r=2000 d=[0.106315 0.722422]; n=30

Sampling @ nn=2000 pred locs:
r=1000 d=[0.127261 0.422794]; mh=1 n=30
r=2000 d=[0.0691057 0.73052]; mh=1 n=30
r=3000 d=[0.118796 0.848786]; mh=1 n=30
r=4000 d=[0.107298 0.755558]; mh=1 n=30
r=5000 d=[0.109541 0.734429]; mh=1 n=30
Grow: 0.2849%, Prune: 2.632%, Change: 100%, 


burn in:
r=1000 d=[0.0757145 0.801203]; n=31
r=2000 d=[0.0736646 0.958724]; n=31

Sampling @ nn=1999 pred locs:
r=1000 d=[0.0851262 0.76029]; mh=1 n=31
r=2000 d=[0.103012 0.719349]; mh=1 n=31
r=3000 d=[0.0730573 0.503851]; mh=1 n=31
r=4000 d=[0.0993996 1.26318]; mh=1 n=31
r=5000 d=[0.120359 0.71384]; mh=1 n=31
Grow: 0%, 


burn in:
r=1000 d=[0.0690731 0.887886]; n=32
r=2000 d=[0.0784717 1.04019]; n=32

Sampling @ nn=1998 pred locs:
r=1000 d=[0.0913794 0.787743]; mh=1 n=32
r=2000 d=[0.0766893 0.352723]; mh=1 n=32
r=3000 d=[0.0759703 1.13263]; mh=1 n=32
r=4000 d=[0.0860555 0.816416]; mh=1 n=32
r=5000 d=[0.0729392 1.11501]; mh=1 n=32
Grow: 0%, 


burn in:
**GROW** @depth 0: [1,0.498619], n=(16,17)
r=1000 d=[0.595967 0.903358] [0.449658 0.60667]; n=(16,17)
**PRUNE** @depth 0: [1,0.503482]
r=2000 d=[0.076199 1.43108]; n=33

Sampling @ nn=1997 pred locs:
r=1000 d=[0.0690062 0.933242]; mh=1 n=33
r=2000 d=[0.0607003 0.741791]; mh=1 n=33
r=3000 d=[0.0780828 0.827138]; mh=1 n=33
r=4000 d=[0.085103 0.681346]; mh=1 n=33
r=5000 d=[0.0775796 0.685488]; mh=1 n=33
Grow: 0.2841%, Prune: 1.408%, Change: 100%, 


burn in:
r=1000 d=[0.0730673 0.677356]; n=34
r=2000 d=[0.0820203 0.822164]; n=34

Sampling @ nn=1996 pred locs:
r=1000 d=[0.086479 0.753496]; mh=1 n=34
r=2000 d=[0.0723689 0.832897]; mh=1 n=34
r=3000 d=[0.0825508 0.87102]; mh=1 n=34
r=4000 d=[0.0767913 1.15007]; mh=1 n=34
r=5000 d=[0.0669792 0.521085]; mh=1 n=34
Grow: 0%, 


burn in:
**GROW** @depth 0: [1,0.655488], n=(21,14)
**PRUNE** @depth 0: [1,0.655488]
r=1000 d=[0.0841005 0.838812]; n=35
r=2000 d=[0.0737729 1.04858]; n=35

Sampling @ nn=1995 pred locs:
r=1000 d=[0.0846011 1.0074]; mh=1 n=35
r=2000 d=[0.0821558 0.312327]; mh=1 n=35
r=3000 d=[0.0829513 0.870583]; mh=1 n=35
r=4000 d=[0.0773052 0.567261]; mh=1 n=35
r=5000 d=[0.0928693 0.931472]; mh=1 n=35
Grow: 0.2825%, Prune: 100%, Change: 100%, 


burn in:
r=1000 d=[0.0661664 0.295819]; n=36
r=2000 d=[0.072241 0.878796]; n=36

Sampling @ nn=1994 pred locs:
r=1000 d=[0.0771602 0.77953]; mh=1 n=36
r=2000 d=[0.0803444 1.1007]; mh=1 n=36
r=3000 d=[0.0713692 1.04113]; mh=1 n=36
r=4000 d=[0.0852527 1.07485]; mh=1 n=36
r=5000 d=[0.0898549 0.980124]; mh=1 n=36
Grow: 0%, 


burn in:
r=1000 d=[0.0748148 1.27951]; n=37
r=2000 d=[0.0686424 0.349348]; n=37

Sampling @ nn=1993 pred locs:
r=1000 d=[0.0839437 0.433786]; mh=1 n=37
r=2000 d=[0.0741631 0.525816]; mh=1 n=37
r=3000 d=[0.070325 0.502423]; mh=1 n=37
r=4000 d=[0.0918094 0.511444]; mh=1 n=37
r=5000 d=[0.0941083 1.04446]; mh=1 n=37
Grow: 0%, 


burn in:
r=1000 d=[0.065941 0.49671]; n=38
r=2000 d=[0.0740774 0.651575]; n=38

Sampling @ nn=1992 pred locs:
r=1000 d=[0.0610911 0.923265]; mh=1 n=38
r=2000 d=[0.0795659 0.798318]; mh=1 n=38
r=3000 d=[0.0611375 0.784691]; mh=1 n=38
r=4000 d=[0.0581124 1.23394]; mh=1 n=38
r=5000 d=[0.101271 0.621275]; mh=1 n=38
Grow: 0%, 


burn in:
**GROW** @depth 0: [1,0.424056], n=(15,24)
**PRUNE** @depth 0: [1,0.424461]
r=1000 d=[0.0842294 0.854375]; n=39
r=2000 d=[0.0715158 0.654897]; n=39

Sampling @ nn=1991 pred locs:
r=1000 d=[0.075492 0.953947]; mh=1 n=39
r=2000 d=[0.0671927 0.836024]; mh=1 n=39
r=3000 d=[0.0752161 0.898591]; mh=1 n=39
r=4000 d=[0.0977383 0.737795]; mh=1 n=39
r=5000 d=[0.0729851 1.28132]; mh=1 n=39
Grow: 0.2833%, Prune: 5.882%, Change: 100%, 


burn in:
r=1000 d=[0.0649254 1.20561]; n=40
r=2000 d=[0.0564396 0.583432]; n=40

Sampling @ nn=300 pred locs:
r=1000 d=[0.0755527 0.904364]; mh=1 n=40
r=2000 d=[0.0748899 0.862639]; mh=1 n=40
r=3000 d=[0.0868681 1.18683]; mh=1 n=40
r=4000 d=[0.0720258 0.685885]; mh=1 n=40
r=5000 d=[0.079936 0.649696]; mh=1 n=40
Grow: 0%, 

Saved to active_learning_baselines_results.xlsx: RMSE_all=0.2119, RMSE_target=0.0394
Run 2d+10: method=UCB, n_initial=30, repeat=7/30

burn in:
**GROW** @depth 0: [1,0.613351], n=(18,12)
r=1000 d=[0.833756 1.20635] [0.746192 0.129429]; n=(18,12)
r=2000 d=[0.964621 0.589962] [0.983019 0.189366]; n=(18,12)

Sampling @ nn=2000 pred locs:
**PRUNE** @depth 0: [1,0.608919]
r=1000 d=[0.0617412 0.36948]; mh=1 n=30
r=2000 d=[0.0998135 0.806052]; mh=1 n=30
r=3000 d=[0.0884148 0.637174]; mh=1 n=30
r=4000 d=[0.0499129 0.732467]; mh=1 n=30
r=5000 d=[0.118445 1.02978]; mh=1 n=30
Grow: 0.2793%, Prune: 0.8621%, Change: 100%, 


burn in:
r=1000 d=[0.0599063 1.0591]; n=31
r=2000 d=[0.076145 0.886905]; n=31

Sampling @ nn=1999 pred locs:
r=1000 d=[0.0808785 0.581541]; mh=1 n=31
r=2000 d=[0.0986602 0.595844]; mh=1 n=31
r=3000 d=[0.0444825 0.497366]; mh=1 n=31
r=4000 d=[0.085028 0.612654]; mh=1 n=31
r=5000 d=[0.0588615 0.183086]; mh=1 n=31
Grow: 0%, 


burn in:
**GROW** @depth 0: [1,0.406499], n=(14,18)
**PRUNE** @depth 0: [1,0.407042]
r=1000 d=[0.0742063 0.679264]; n=32
r=2000 d=[0.0808141 0.761275]; n=32

Sampling @ nn=1998 pred locs:
r=1000 d=[0.119209 1.27506]; mh=1 n=32
r=2000 d=[0.0575807 0.651604]; mh=1 n=32
r=3000 d=[0.0901945 0.561962]; mh=1 n=32
r=4000 d=[0.0844915 0.677336]; mh=1 n=32
r=5000 d=[0.11535 1.01429]; mh=1 n=32
Grow: 0.2674%, Prune: 100%, Change: 100%, 


burn in:
r=1000 d=[0.0534069 0.397856]; n=33
r=2000 d=[0.0905912 0.841039]; n=33

Sampling @ nn=1997 pred locs:
r=1000 d=[0.0855672 0.697574]; mh=1 n=33
r=2000 d=[0.0916284 0.668562]; mh=1 n=33
r=3000 d=[0.0960389 0.671341]; mh=1 n=33
r=4000 d=[0.0655557 0.561038]; mh=1 n=33
r=5000 d=[0.0842071 0.926296]; mh=1 n=33
Grow: 0%, 


burn in:
r=1000 d=[0.0766434 0.905944]; n=34
r=2000 d=[0.0684379 0.54807]; n=34

Sampling @ nn=1996 pred locs:
r=1000 d=[0.109887 1.12018]; mh=1 n=34
r=2000 d=[0.103607 0.630046]; mh=1 n=34
r=3000 d=[0.101566 0.721625]; mh=1 n=34
r=4000 d=[0.087491 0.731913]; mh=1 n=34
r=5000 d=[0.0954254 1.00262]; mh=1 n=34
Grow: 0%, 


burn in:
r=1000 d=[0.101098 0.655093]; n=35
r=2000 d=[0.0979438 0.768374]; n=35

Sampling @ nn=1995 pred locs:
r=1000 d=[0.108748 0.801488]; mh=1 n=35
r=2000 d=[0.0736971 0.601026]; mh=1 n=35
r=3000 d=[0.084331 0.686181]; mh=1 n=35
r=4000 d=[0.0505275 1.04811]; mh=1 n=35
r=5000 d=[0.0877982 0.675023]; mh=1 n=35
Grow: 0%, 


burn in:
r=1000 d=[0.0765719 0.950002]; n=36
r=2000 d=[0.0561582 0.602657]; n=36

Sampling @ nn=1994 pred locs:
r=1000 d=[0.115643 1.33036]; mh=1 n=36
r=2000 d=[0.0796989 0.975785]; mh=1 n=36
r=3000 d=[0.0821239 0.373884]; mh=1 n=36
r=4000 d=[0.0752327 0.732338]; mh=1 n=36
r=5000 d=[0.128629 0.824157]; mh=1 n=36
Grow: 0%, 


burn in:
r=1000 d=[0.0654951 0.701353]; n=37
r=2000 d=[0.0578198 0.901559]; n=37

Sampling @ nn=1993 pred locs:
r=1000 d=[0.0810287 0.547997]; mh=1 n=37
r=2000 d=[0.0768205 1.01271]; mh=1 n=37
r=3000 d=[0.0894209 0.69001]; mh=1 n=37
r=4000 d=[0.103393 0.955941]; mh=1 n=37
r=5000 d=[0.0930126 0.964012]; mh=1 n=37
Grow: 0%, 


burn in:
r=1000 d=[0.0759212 0.908766]; n=38
r=2000 d=[0.0890718 0.541661]; n=38

Sampling @ nn=1992 pred locs:
r=1000 d=[0.0712109 0.972029]; mh=1 n=38
r=2000 d=[0.0669476 1.28879]; mh=1 n=38
r=3000 d=[0.0725552 0.570896]; mh=1 n=38
r=4000 d=[0.0944656 0.652279]; mh=1 n=38
r=5000 d=[0.064661 0.723014]; mh=1 n=38
Grow: 0%, 


burn in:
**GROW** @depth 0: [1,0.504109], n=(18,21)
**PRUNE** @depth 0: [1,0.504109]
r=1000 d=[0.0786962 0.857358]; n=39
r=2000 d=[0.0858044 0.482421]; n=39

Sampling @ nn=1991 pred locs:
r=1000 d=[0.105339 0.6908]; mh=1 n=39
r=2000 d=[0.0865115 0.78122]; mh=1 n=39
r=3000 d=[0.0842262 0.543937]; mh=1 n=39
r=4000 d=[0.0889792 1.3417]; mh=1 n=39
r=5000 d=[0.0794498 0.706614]; mh=1 n=39
Grow: 0.304%, Prune: 5.263%, Change: 100%, 


burn in:
**GROW** @depth 0: [1,0.504791], n=(18,22)
**PRUNE** @depth 0: [1,0.510041]
r=1000 d=[0.0838307 0.66659]; n=40
r=2000 d=[0.0473107 0.629806]; n=40

Sampling @ nn=300 pred locs:
r=1000 d=[0.0910042 0.51529]; mh=1 n=40
r=2000 d=[0.056667 0.539269]; mh=1 n=40
r=3000 d=[0.0419736 0.882072]; mh=1 n=40
r=4000 d=[0.086921 0.70743]; mh=1 n=40
r=5000 d=[0.0931305 1.18188]; mh=1 n=40
Grow: 0.2667%, Prune: 14.29%, Change: 100%, 

Saved to active_learning_baselines_results.xlsx: RMSE_all=0.2011, RMSE_target=0.0533
Run 2d+10: method=IMSE, n_initial=30, repeat=7/30

burn in:
**GROW** @depth 0: [1,0.484404], n=(14,16)
**PRUNE** @depth 0: [1,0.484404]
r=1000 d=[0.0768468 0.527789]; n=30
r=2000 d=[0.0939726 0.688884]; n=30

Sampling @ nn=2000 pred locs:
r=1000 d=[0.0658058 0.640741]; mh=1 n=30
r=2000 d=[0.0833208 0.935366]; mh=1 n=30
r=3000 d=[0.081745 0.673221]; mh=1 n=30
r=4000 d=[0.0717343 0.761495]; mh=1 n=30
r=5000 d=[0.075044 0.618933]; mh=1 n=30
Grow: 0.2817%, Prune: 20%, Change: 100%, 


burn in:
r=1000 d=[0.0742016 0.609615]; n=31
r=2000 d=[0.0562725 0.76945]; n=31

Sampling @ nn=1999 pred locs:
r=1000 d=[0.0762062 0.657197]; mh=1 n=31
r=2000 d=[0.0820015 0.73153]; mh=1 n=31
r=3000 d=[0.101537 0.942884]; mh=1 n=31
r=4000 d=[0.104041 0.851423]; mh=1 n=31
r=5000 d=[0.0841526 0.728323]; mh=1 n=31
Grow: 0%, 


burn in:
**GROW** @depth 0: [1,0.431843], n=(14,18)
r=1000 d=[0.974017 0.888955] [1.11082 0.0966634]; n=(14,18)
r=2000 d=[0.997769 0.851436] [0.64424 0.110566]; n=(14,18)

Sampling @ nn=1998 pred locs:
r=1000 d=[1.15001 0.838604] [0.531307 0.805409]; mh=2 n=(14,18)
**PRUNE** @depth 0: [1,0.432327]
r=2000 d=[0.107357 1.08424]; mh=1 n=32
r=3000 d=[0.073561 0.765508]; mh=1 n=32
r=4000 d=[0.101072 0.669327]; mh=1 n=32
r=5000 d=[0.0715909 0.877177]; mh=1 n=32
Grow: 0.2933%, Prune: 0.5587%, Change: 100%, 


burn in:
r=1000 d=[0.0882278 1.00993]; n=33
r=2000 d=[0.0939295 0.576914]; n=33

Sampling @ nn=1997 pred locs:
r=1000 d=[0.0672073 0.697833]; mh=1 n=33
r=2000 d=[0.0644924 0.721768]; mh=1 n=33
r=3000 d=[0.0711387 0.684851]; mh=1 n=33
r=4000 d=[0.0844547 0.915048]; mh=1 n=33
r=5000 d=[0.108326 0.742382]; mh=1 n=33
Grow: 0%, 


burn in:
r=1000 d=[0.0793258 0.757179]; n=34
r=2000 d=[0.0835301 0.810577]; n=34

Sampling @ nn=1996 pred locs:
r=1000 d=[0.0770922 0.289412]; mh=1 n=34
r=2000 d=[0.11148 0.607508]; mh=1 n=34
r=3000 d=[0.079632 0.73573]; mh=1 n=34
r=4000 d=[0.0871343 0.950203]; mh=1 n=34
r=5000 d=[0.0937733 0.88744]; mh=1 n=34
Grow: 0%, 


burn in:
r=1000 d=[0.0883085 0.959965]; n=35
r=2000 d=[0.0884868 0.946627]; n=35

Sampling @ nn=1995 pred locs:
r=1000 d=[0.0923168 0.845915]; mh=1 n=35
r=2000 d=[0.0941286 1.24871]; mh=1 n=35
r=3000 d=[0.0852688 1.17828]; mh=1 n=35
r=4000 d=[0.0962656 0.648355]; mh=1 n=35
r=5000 d=[0.0712946 0.984228]; mh=1 n=35
Grow: 0%, 


burn in:
r=1000 d=[0.086282 0.962131]; n=36
r=2000 d=[0.0690825 0.796371]; n=36

Sampling @ nn=1994 pred locs:
r=1000 d=[0.0989262 0.969049]; mh=1 n=36
r=2000 d=[0.0806144 0.640413]; mh=1 n=36
r=3000 d=[0.0727648 0.9098]; mh=1 n=36
r=4000 d=[0.0891846 0.942283]; mh=1 n=36
r=5000 d=[0.0670122 0.818268]; mh=1 n=36
Grow: 0%, 


burn in:
r=1000 d=[0.0952216 0.562356]; n=37
r=2000 d=[0.0710916 0.925245]; n=37

Sampling @ nn=1993 pred locs:
r=1000 d=[0.0885138 0.727266]; mh=1 n=37
r=2000 d=[0.094537 1.61697]; mh=1 n=37
r=3000 d=[0.0863932 0.702374]; mh=1 n=37
r=4000 d=[0.0828988 0.982705]; mh=1 n=37
r=5000 d=[0.107319 0.925271]; mh=1 n=37
Grow: 0%, 


burn in:
r=1000 d=[0.0873983 0.872477]; n=38
r=2000 d=[0.0773346 0.930888]; n=38

Sampling @ nn=1992 pred locs:
r=1000 d=[0.0766982 1.31789]; mh=1 n=38
r=2000 d=[0.0978618 0.972731]; mh=1 n=38
r=3000 d=[0.0802621 1.20443]; mh=1 n=38
r=4000 d=[0.0943331 1.02585]; mh=1 n=38
r=5000 d=[0.0945796 1.19955]; mh=1 n=38
Grow: 0%, 


burn in:
r=1000 d=[0.076269 0.681128]; n=39
r=2000 d=[0.0759455 0.389636]; n=39

Sampling @ nn=1991 pred locs:
r=1000 d=[0.0932179 0.775614]; mh=1 n=39
r=2000 d=[0.0837327 1.20145]; mh=1 n=39
r=3000 d=[0.0814448 0.963328]; mh=1 n=39
r=4000 d=[0.0972095 0.651904]; mh=1 n=39
r=5000 d=[0.0769103 0.754945]; mh=1 n=39
Grow: 0%, 


burn in:
**GROW** @depth 0: [1,0.518994], n=(20,20)
**PRUNE** @depth 0: [1,0.504791]
r=1000 d=[0.083683 0.939788]; n=40
r=2000 d=[0.0806317 0.933632]; n=40

Sampling @ nn=300 pred locs:
r=1000 d=[0.0846831 0.783234]; mh=1 n=40
r=2000 d=[0.0803789 0.886964]; mh=1 n=40
r=3000 d=[0.0847947 1.2922]; mh=1 n=40
r=4000 d=[0.0710558 0.581083]; mh=1 n=40
r=5000 d=[0.113569 0.929575]; mh=1 n=40
Grow: 0.3205%, Prune: 100%, Change: 100%, 

Saved to active_learning_baselines_results.xlsx: RMSE_all=0.0662, RMSE_target=0.0640
Run 2d+10: method=EI, n_initial=30, repeat=8/30

burn in:
r=1000 d=[0.0820405 0.822591]; n=30
r=2000 d=[0.0755064 0.769947]; n=30

Sampling @ nn=2000 pred locs:
r=1000 d=[0.124508 1.13575]; mh=1 n=30
r=2000 d=[0.0822394 0.22948]; mh=1 n=30
r=3000 d=[0.103147 0.620328]; mh=1 n=30
**GROW** @depth 0: [1,0.469656], n=(14,16)
**PRUNE** @depth 0: [1,0.470459]
r=4000 d=[0.138626 1.31359]; mh=1 n=30
r=5000 d=[0.0847697 0.499622]; mh=1 n=30
Grow: 0.3077%, Prune: 16.67%, Change: 100%, 


burn in:
r=1000 d=[0.0826258 0.816578]; n=31
r=2000 d=[0.0712272 0.831946]; n=31

Sampling @ nn=1999 pred locs:
r=1000 d=[0.105973 0.940004]; mh=1 n=31
r=2000 d=[0.0632766 0.782901]; mh=1 n=31
r=3000 d=[0.0819644 1.18307]; mh=1 n=31
r=4000 d=[0.0715007 0.892764]; mh=1 n=31
r=5000 d=[0.0864556 0.821088]; mh=1 n=31
Grow: 0%, 


burn in:
r=1000 d=[0.0821652 0.746726]; n=32
r=2000 d=[0.0770457 0.82688]; n=32

Sampling @ nn=1998 pred locs:
r=1000 d=[0.0684775 0.762664]; mh=1 n=32
r=2000 d=[0.0869323 0.86235]; mh=1 n=32
r=3000 d=[0.110872 0.741502]; mh=1 n=32
r=4000 d=[0.0846494 0.453747]; mh=1 n=32
r=5000 d=[0.0612215 0.684847]; mh=1 n=32
Grow: 0%, 


burn in:
r=1000 d=[0.0878014 0.708618]; n=33
r=2000 d=[0.0612647 0.758403]; n=33

Sampling @ nn=1997 pred locs:
r=1000 d=[0.0660989 0.831499]; mh=1 n=33
r=2000 d=[0.0814695 0.731285]; mh=1 n=33
r=3000 d=[0.0915113 0.922306]; mh=1 n=33
r=4000 d=[0.0723724 0.718048]; mh=1 n=33
r=5000 d=[0.0831771 0.71306]; mh=1 n=33
Grow: 0%, 


burn in:
r=1000 d=[0.0881715 1.22204]; n=34
r=2000 d=[0.0878233 0.546063]; n=34

Sampling @ nn=1996 pred locs:
r=1000 d=[0.0854144 0.507038]; mh=1 n=34
r=2000 d=[0.0919093 0.951545]; mh=1 n=34
r=3000 d=[0.0632632 0.77632]; mh=1 n=34
r=4000 d=[0.0563087 0.509094]; mh=1 n=34
r=5000 d=[0.0611964 0.825947]; mh=1 n=34
Grow: 0%, 


burn in:
r=1000 d=[0.0856676 0.91923]; n=35
r=2000 d=[0.0555897 0.681578]; n=35

Sampling @ nn=1995 pred locs:
r=1000 d=[0.0502874 0.59835]; mh=1 n=35
r=2000 d=[0.0826777 0.776031]; mh=1 n=35
r=3000 d=[0.0641062 0.656443]; mh=1 n=35
r=4000 d=[0.0792087 0.791928]; mh=1 n=35
r=5000 d=[0.0839736 0.796707]; mh=1 n=35
Grow: 0%, 


burn in:
r=1000 d=[0.0571097 0.916643]; n=36
r=2000 d=[0.0562452 0.727555]; n=36

Sampling @ nn=1994 pred locs:
r=1000 d=[0.057453 0.27183]; mh=1 n=36
r=2000 d=[0.0905461 0.844861]; mh=1 n=36
r=3000 d=[0.0578892 0.585142]; mh=1 n=36
r=4000 d=[0.0537213 1.43381]; mh=1 n=36
r=5000 d=[0.0772256 1.0142]; mh=1 n=36
Grow: 0%, 


burn in:
r=1000 d=[0.078191 0.531995]; n=37
r=2000 d=[0.0678942 0.919614]; n=37

Sampling @ nn=1993 pred locs:
r=1000 d=[0.0541436 0.62896]; mh=1 n=37
r=2000 d=[0.0648101 0.538259]; mh=1 n=37
r=3000 d=[0.0632133 0.442651]; mh=1 n=37
r=4000 d=[0.0621061 1.35813]; mh=1 n=37
r=5000 d=[0.0774752 1.33209]; mh=1 n=37
Grow: 0%, 


burn in:
r=1000 d=[0.0676465 0.815405]; n=38
r=2000 d=[0.0746243 1.01933]; n=38

Sampling @ nn=1992 pred locs:
r=1000 d=[0.0586749 0.812694]; mh=1 n=38
r=2000 d=[0.066786 1.1042]; mh=1 n=38
r=3000 d=[0.05767 1.15895]; mh=1 n=38
r=4000 d=[0.0610759 1.36071]; mh=1 n=38
r=5000 d=[0.0940098 1.11756]; mh=1 n=38
Grow: 0%, 


burn in:
r=1000 d=[0.0551445 0.770707]; n=39
r=2000 d=[0.0684742 0.452577]; n=39

Sampling @ nn=1991 pred locs:
r=1000 d=[0.0594995 0.823033]; mh=1 n=39
r=2000 d=[0.0527196 0.441209]; mh=1 n=39
r=3000 d=[0.0559608 0.572378]; mh=1 n=39
r=4000 d=[0.058757 0.748827]; mh=1 n=39
r=5000 d=[0.0757064 0.957565]; mh=1 n=39
Grow: 0%, 


burn in:
r=1000 d=[0.0675374 0.920101]; n=40
r=2000 d=[0.056927 0.866221]; n=40

Sampling @ nn=300 pred locs:
r=1000 d=[0.0605253 0.600824]; mh=1 n=40
r=2000 d=[0.0930122 1.00357]; mh=1 n=40
r=3000 d=[0.0572978 0.67238]; mh=1 n=40
r=4000 d=[0.0662726 0.761497]; mh=1 n=40
r=5000 d=[0.0670987 1.12837]; mh=1 n=40
Grow: 0%, 

Saved to active_learning_baselines_results.xlsx: RMSE_all=0.0859, RMSE_target=0.0311
Run 2d+10: method=UCB, n_initial=30, repeat=8/30

burn in:
r=1000 d=[0.096889 0.590329]; n=30
r=2000 d=[0.0921339 0.704047]; n=30

Sampling @ nn=2000 pred locs:
r=1000 d=[0.123447 0.890008]; mh=1 n=30
r=2000 d=[0.106214 0.640935]; mh=1 n=30
r=3000 d=[0.0992878 0.948181]; mh=1 n=30
r=4000 d=[0.0900735 0.516929]; mh=1 n=30
r=5000 d=[0.10353 1.31617]; mh=1 n=30
Grow: 0%, 


burn in:
r=1000 d=[0.0842153 0.543697]; n=31
r=2000 d=[0.10339 0.510868]; n=31

Sampling @ nn=1999 pred locs:
r=1000 d=[0.101231 0.650733]; mh=1 n=31
r=2000 d=[0.103048 0.580876]; mh=1 n=31
r=3000 d=[0.138419 1.11846]; mh=1 n=31
r=4000 d=[0.101691 0.940091]; mh=1 n=31
r=5000 d=[0.0996661 0.833395]; mh=1 n=31
Grow: 0%, 


burn in:
r=1000 d=[0.0837514 0.724567]; n=32
r=2000 d=[0.100869 0.918485]; n=32

Sampling @ nn=1998 pred locs:
r=1000 d=[0.0889061 0.624896]; mh=1 n=32
r=2000 d=[0.0962437 0.607694]; mh=1 n=32
r=3000 d=[0.0999685 0.665192]; mh=1 n=32
r=4000 d=[0.0898899 0.62488]; mh=1 n=32
r=5000 d=[0.122454 0.797103]; mh=1 n=32
Grow: 0%, 


burn in:
r=1000 d=[0.0805139 0.578105]; n=33
r=2000 d=[0.100757 0.785079]; n=33

Sampling @ nn=1997 pred locs:
r=1000 d=[0.0860319 1.34808]; mh=1 n=33
r=2000 d=[0.0941035 0.726613]; mh=1 n=33
r=3000 d=[0.10177 0.568683]; mh=1 n=33
r=4000 d=[0.0674002 0.431259]; mh=1 n=33
r=5000 d=[0.0829548 0.888476]; mh=1 n=33
Grow: 0%, 


burn in:
r=1000 d=[0.0842472 0.863672]; n=34
r=2000 d=[0.0613219 0.875327]; n=34

Sampling @ nn=1996 pred locs:
r=1000 d=[0.0756561 1.01147]; mh=1 n=34
r=2000 d=[0.0900333 0.852288]; mh=1 n=34
r=3000 d=[0.0747358 0.741417]; mh=1 n=34
r=4000 d=[0.100882 0.667506]; mh=1 n=34
r=5000 d=[0.090551 0.662674]; mh=1 n=34
Grow: 0%, 


burn in:
r=1000 d=[0.0815889 0.860243]; n=35
r=2000 d=[0.107444 0.781807]; n=35

Sampling @ nn=1995 pred locs:
r=1000 d=[0.0660374 0.577168]; mh=1 n=35
r=2000 d=[0.116663 0.47039]; mh=1 n=35
r=3000 d=[0.0890714 0.683107]; mh=1 n=35
r=4000 d=[0.0697921 0.727558]; mh=1 n=35
r=5000 d=[0.0781002 0.810285]; mh=1 n=35
Grow: 0%, 


burn in:
r=1000 d=[0.0797851 0.795805]; n=36
r=2000 d=[0.0906552 0.907768]; n=36

Sampling @ nn=1994 pred locs:
r=1000 d=[0.0546905 0.619007]; mh=1 n=36
r=2000 d=[0.0923173 0.763553]; mh=1 n=36
r=3000 d=[0.087527 0.787274]; mh=1 n=36
r=4000 d=[0.0684964 0.862328]; mh=1 n=36
r=5000 d=[0.108152 0.946043]; mh=1 n=36
Grow: 0%, 


burn in:
r=1000 d=[0.0802498 0.772005]; n=37
r=2000 d=[0.095435 0.646111]; n=37

Sampling @ nn=1993 pred locs:
r=1000 d=[0.104251 0.543775]; mh=1 n=37
r=2000 d=[0.0655198 0.536442]; mh=1 n=37
r=3000 d=[0.0779148 0.858097]; mh=1 n=37
r=4000 d=[0.0929445 0.65523]; mh=1 n=37
r=5000 d=[0.0806024 0.733574]; mh=1 n=37
Grow: 0%, 


burn in:
r=1000 d=[0.10007 0.996325]; n=38
r=2000 d=[0.0691114 0.77728]; n=38

Sampling @ nn=1992 pred locs:
r=1000 d=[0.0863708 0.594996]; mh=1 n=38
r=2000 d=[0.0921743 0.707907]; mh=1 n=38
r=3000 d=[0.0898446 0.934829]; mh=1 n=38
r=4000 d=[0.0854099 0.579543]; mh=1 n=38
r=5000 d=[0.0988394 1.08086]; mh=1 n=38
Grow: 0%, 


burn in:
r=1000 d=[0.0691183 0.820653]; n=39
r=2000 d=[0.0804296 0.801868]; n=39

Sampling @ nn=1991 pred locs:
r=1000 d=[0.067932 0.826566]; mh=1 n=39
r=2000 d=[0.097311 1.06306]; mh=1 n=39
r=3000 d=[0.0843388 1.14425]; mh=1 n=39
r=4000 d=[0.100769 0.857643]; mh=1 n=39
r=5000 d=[0.0726755 0.969143]; mh=1 n=39
Grow: 0%, 


burn in:
r=1000 d=[0.133091 0.878561]; n=40
r=2000 d=[0.070626 0.629592]; n=40

Sampling @ nn=300 pred locs:
r=1000 d=[0.0904332 0.598191]; mh=1 n=40
r=2000 d=[0.0651739 0.993498]; mh=1 n=40
r=3000 d=[0.0404637 1.03815]; mh=1 n=40
r=4000 d=[0.0495611 0.674089]; mh=1 n=40
r=5000 d=[0.0562092 0.841171]; mh=1 n=40
Grow: 0%, 

Saved to active_learning_baselines_results.xlsx: RMSE_all=0.1282, RMSE_target=0.0331
Run 2d+10: method=IMSE, n_initial=30, repeat=8/30

burn in:
r=1000 d=[0.116933 0.566959]; n=30
r=2000 d=[0.131655 0.94987]; n=30

Sampling @ nn=2000 pred locs:
r=1000 d=[0.0856628 0.597666]; mh=1 n=30
r=2000 d=[0.106429 1.24414]; mh=1 n=30
r=3000 d=[0.123845 0.706799]; mh=1 n=30
r=4000 d=[0.0980298 0.702095]; mh=1 n=30
r=5000 d=[0.0922631 0.880459]; mh=1 n=30
Grow: 0%, 


burn in:
r=1000 d=[0.0854285 0.657927]; n=31
r=2000 d=[0.105089 0.772]; n=31

Sampling @ nn=1999 pred locs:
r=1000 d=[0.102698 0.87598]; mh=1 n=31
r=2000 d=[0.0850094 1.04443]; mh=1 n=31
r=3000 d=[0.089341 0.699324]; mh=1 n=31
r=4000 d=[0.0816729 0.611166]; mh=1 n=31
r=5000 d=[0.121684 0.613061]; mh=1 n=31
Grow: 0%, 


burn in:
r=1000 d=[0.0981721 0.659848]; n=32
r=2000 d=[0.0988404 0.660833]; n=32

Sampling @ nn=1998 pred locs:
r=1000 d=[0.0788957 0.815137]; mh=1 n=32
r=2000 d=[0.0889989 0.637717]; mh=1 n=32
r=3000 d=[0.0803667 0.576309]; mh=1 n=32
r=4000 d=[0.115311 0.850506]; mh=1 n=32
r=5000 d=[0.067773 0.586518]; mh=1 n=32
Grow: 0%, 


burn in:
r=1000 d=[0.111957 1.17626]; n=33
r=2000 d=[0.0865823 0.617322]; n=33

Sampling @ nn=1997 pred locs:
r=1000 d=[0.0954678 0.718101]; mh=1 n=33
r=2000 d=[0.0763105 0.663868]; mh=1 n=33
r=3000 d=[0.0969342 0.906341]; mh=1 n=33
r=4000 d=[0.0982003 0.629689]; mh=1 n=33
r=5000 d=[0.110261 0.936568]; mh=1 n=33
Grow: 0%, 


burn in:
r=1000 d=[0.119351 1.07083]; n=34
r=2000 d=[0.0772093 0.618126]; n=34

Sampling @ nn=1996 pred locs:
r=1000 d=[0.0598515 0.743423]; mh=1 n=34
r=2000 d=[0.0596995 0.55139]; mh=1 n=34
r=3000 d=[0.0610793 0.474873]; mh=1 n=34
r=4000 d=[0.10595 1.229]; mh=1 n=34
r=5000 d=[0.0628878 0.617849]; mh=1 n=34
Grow: 0%, 


burn in:
r=1000 d=[0.074302 1.06245]; n=35
r=2000 d=[0.0921091 0.747009]; n=35

Sampling @ nn=1995 pred locs:
r=1000 d=[0.0814894 1.04845]; mh=1 n=35
r=2000 d=[0.11788 0.811254]; mh=1 n=35
r=3000 d=[0.118197 1.01329]; mh=1 n=35
r=4000 d=[0.104303 1.0502]; mh=1 n=35
r=5000 d=[0.0753525 0.820007]; mh=1 n=35
Grow: 0%, 


burn in:
r=1000 d=[0.113188 0.813669]; n=36
r=2000 d=[0.0944278 0.649137]; n=36

Sampling @ nn=1994 pred locs:
r=1000 d=[0.0903216 0.900768]; mh=1 n=36
r=2000 d=[0.121877 1.12977]; mh=1 n=36
r=3000 d=[0.106471 1.0137]; mh=1 n=36
r=4000 d=[0.0799177 0.916142]; mh=1 n=36
r=5000 d=[0.0908227 0.942197]; mh=1 n=36
Grow: 0%, 


burn in:
**GROW** @depth 0: [1,0.539662], n=(18,19)
**PRUNE** @depth 0: [1,0.541063]
r=1000 d=[0.083446 0.50186]; n=37
r=2000 d=[0.111077 1.12743]; n=37

Sampling @ nn=1993 pred locs:
r=1000 d=[0.0608864 0.550603]; mh=1 n=37
r=2000 d=[0.0656796 0.55717]; mh=1 n=37
r=3000 d=[0.100102 0.785068]; mh=1 n=37
r=4000 d=[0.127208 1.39534]; mh=1 n=37
r=5000 d=[0.0888153 0.726622]; mh=1 n=37
Grow: 0.2703%, Prune: 4.762%, Change: 97.37%, 


burn in:
r=1000 d=[0.102429 0.753181]; n=38
r=2000 d=[0.0905792 0.858608]; n=38

Sampling @ nn=1992 pred locs:
r=1000 d=[0.0662585 0.453381]; mh=1 n=38
r=2000 d=[0.0681055 0.813594]; mh=1 n=38
r=3000 d=[0.129219 1.14368]; mh=1 n=38
r=4000 d=[0.0766902 0.811955]; mh=1 n=38
r=5000 d=[0.101223 0.741333]; mh=1 n=38
Grow: 0%, 


burn in:
r=1000 d=[0.09849 1.10305]; n=39
r=2000 d=[0.0906874 0.709165]; n=39

Sampling @ nn=1991 pred locs:
r=1000 d=[0.0645529 0.765748]; mh=1 n=39
**GROW** @depth 0: [1,0.49825], n=(17,22)
r=2000 d=[0.0659839 0.597769] [0.950351 0.982503]; mh=2 n=(17,22)
r=3000 d=[0.0514206 0.656314] [0.696665 1.40237]; mh=2 n=(17,22)
r=4000 d=[0.153999 1.06983] [1.26012 1.52181]; mh=2 n=(17,22)
r=5000 d=[0.178769 1.18378] [0.763277 1.0745]; mh=2 n=(17,22)
Grow: 0.2778%, Prune: 0%, Change: 94.15%, 


burn in:
**GROW** @depth 0: [1,0.499846], n=(19,21)
**PRUNE** @depth 0: [1,0.499846]
r=1000 d=[0.121428 0.792547]; n=40
r=2000 d=[0.0848531 0.778437]; n=40

Sampling @ nn=300 pred locs:
r=1000 d=[0.0777207 1.10558]; mh=1 n=40
r=2000 d=[0.0845821 0.758816]; mh=1 n=40
r=3000 d=[0.0853509 1.03993]; mh=1 n=40
r=4000 d=[0.0825101 1.13499]; mh=1 n=40
r=5000 d=[0.0944228 1.04697]; mh=1 n=40
Grow: 0.2841%, Prune: 2.703%, Change: 98.88%, 

Saved to active_learning_baselines_results.xlsx: RMSE_all=0.0859, RMSE_target=0.0808
Run 2d+10: method=EI, n_initial=30, repeat=9/30

burn in:
r=1000 d=[0.107408 1.03891]; n=30
r=2000 d=[0.0835151 1.02244]; n=30

Sampling @ nn=2000 pred locs:
r=1000 d=[0.093544 0.459979]; mh=1 n=30
r=2000 d=[0.0723095 0.836228]; mh=1 n=30
r=3000 d=[0.0935724 0.785828]; mh=1 n=30
r=4000 d=[0.107086 0.829288]; mh=1 n=30
r=5000 d=[0.109202 0.858134]; mh=1 n=30
Grow: 0%, 


burn in:
**GROW** @depth 0: [1,0.38413], n=(12,19)
**PRUNE** @depth 0: [1,0.383461]
r=1000 d=[0.104809 0.609068]; n=31
r=2000 d=[0.0926229 0.943831]; n=31

Sampling @ nn=1999 pred locs:
r=1000 d=[0.0803707 0.583367]; mh=1 n=31
r=2000 d=[0.0872876 0.556842]; mh=1 n=31
r=3000 d=[0.121384 0.679625]; mh=1 n=31
r=4000 d=[0.102562 0.850614]; mh=1 n=31
r=5000 d=[0.0922914 0.575697]; mh=1 n=31
Grow: 0.2809%, Prune: 100%, Change: 100%, 


burn in:
r=1000 d=[0.106324 0.93354]; n=32
r=2000 d=[0.12721 0.578192]; n=32

Sampling @ nn=1998 pred locs:
r=1000 d=[0.0969743 0.771099]; mh=1 n=32
r=2000 d=[0.0941191 0.554718]; mh=1 n=32
r=3000 d=[0.110372 0.773848]; mh=1 n=32
r=4000 d=[0.0640897 0.580006]; mh=1 n=32
r=5000 d=[0.0935913 1.05712]; mh=1 n=32
Grow: 0%, 


burn in:
r=1000 d=[0.0990813 0.443489]; n=33
r=2000 d=[0.0878724 0.479524]; n=33

Sampling @ nn=1997 pred locs:
r=1000 d=[0.0907873 0.735449]; mh=1 n=33
r=2000 d=[0.119426 0.579982]; mh=1 n=33
r=3000 d=[0.11706 1.18024]; mh=1 n=33
r=4000 d=[0.0921792 0.676551]; mh=1 n=33
r=5000 d=[0.106666 0.93871]; mh=1 n=33
Grow: 0%, 


burn in:
r=1000 d=[0.085655 0.785027]; n=34
r=2000 d=[0.0877979 0.690027]; n=34

Sampling @ nn=1996 pred locs:
r=1000 d=[0.0845973 0.746635]; mh=1 n=34
r=2000 d=[0.0805737 0.674229]; mh=1 n=34
r=3000 d=[0.117203 0.911787]; mh=1 n=34
r=4000 d=[0.0683231 0.743977]; mh=1 n=34
r=5000 d=[0.102844 1.3662]; mh=1 n=34
Grow: 0%, 


burn in:
**GROW** @depth 0: [1,0.523042], n=(18,17)
**PRUNE** @depth 0: [1,0.524283]
r=1000 d=[0.100609 0.541499]; n=35
r=2000 d=[0.0932012 0.946123]; n=35

Sampling @ nn=1995 pred locs:
r=1000 d=[0.060962 0.581618]; mh=1 n=35
r=2000 d=[0.0821053 0.428071]; mh=1 n=35
r=3000 d=[0.0940945 1.02674]; mh=1 n=35
r=4000 d=[0.0672086 0.76951]; mh=1 n=35
r=5000 d=[0.101519 0.783636]; mh=1 n=35
Grow: 0.2825%, Prune: 100%, Change: 100%, 


burn in:
r=1000 d=[0.0942318 0.611149]; n=36
r=2000 d=[0.0647062 0.544477]; n=36

Sampling @ nn=1994 pred locs:
r=1000 d=[0.0819281 0.608689]; mh=1 n=36
r=2000 d=[0.0927277 0.745993]; mh=1 n=36
