nohup: 忽略输入
2d+10 shared data already exists: /home/kkkk24/桌面/attention-GP/py project/2d+10/generated_data/shared_data.xlsx
2d+10: run 1680 pending tasks with 12 workers
R callback write-console: 此外:   
R callback write-console: 警告信息:
  
R callback write-console: 程序包‘tgp’是用R版本4.4.3 来建造的 
  
R callback write-console: 此外:   
R callback write-console: 警告信息:
  
R callback write-console: 程序包‘tgp’是用R版本4.4.3 来建造的 
  
R callback write-console: 此外:   
R callback write-console: 警告信息:
  
R callback write-console: 程序包‘tgp’是用R版本4.4.3 来建造的 
  
R callback write-console: 此外:   
R callback write-console: 警告信息:
  
R callback write-console: 程序包‘tgp’是用R版本4.4.3 来建造的 
  
R callback write-console: 此外:   
R callback write-console: 警告信息:
  
R callback write-console: 程序包‘tgp’是用R版本4.4.3 来建造的 
  
R callback write-console: 此外:   
R callback write-console: 警告信息:
  
R callback write-console: 程序包‘tgp’是用R版本4.4.3 来建造的 
  
R callback write-console: 此外:   
R callback write-console: 警告信息:
  
R callback write-console: 程序包‘tgp’是用R版本4.4.3 来建造的 
  
R callback write-console: 此外:   
R callback write-console: 警告信息:
  
R callback write-console: 程序包‘tgp’是用R版本4.4.3 来建造的 
  
R callback write-console: 此外:   
R callback write-console: 警告信息:
  
R callback write-console: 程序包‘tgp’是用R版本4.4.3 来建造的 
  
R callback write-console: 此外:   
R callback write-console: 警告信息:
  
R callback write-console: 程序包‘tgp’是用R版本4.4.3 来建造的 
  
R callback write-console: 此外:   
R callback write-console: 警告信息:
  
R callback write-console: 程序包‘tgp’是用R版本4.4.3 来建造的 
  
R callback write-console: 此外:   
R callback write-console: 警告信息:
  
R callback write-console: 程序包‘tgp’是用R版本4.4.3 来建造的 
  
Saved 2d+10: method=D_opt, n_initial=30, repeat=1/30, RMSE_all=0.1155, RMSE_target=0.1033
Saved 2d+10: method=K_means, n_initial=30, repeat=1/30, RMSE_all=0.0739, RMSE_target=0.0457
Saved 2d+10: method=LHS, n_initial=30, repeat=1/30, RMSE_all=0.0945, RMSE_target=0.1026
Saved 2d+10: method=LHS, n_initial=30, repeat=2/30, RMSE_all=0.1636, RMSE_target=0.0937
Saved 2d+10: method=D_opt, n_initial=30, repeat=2/30, RMSE_all=0.1111, RMSE_target=0.0686
Saved 2d+10: method=K_means, n_initial=30, repeat=2/30, RMSE_all=0.1165, RMSE_target=0.0685
Saved 2d+10: method=LHS, n_initial=30, repeat=3/30, RMSE_all=0.0958, RMSE_target=0.0531
Saved 2d+10: method=UCB, n_initial=30, repeat=1/30, RMSE_all=0.1652, RMSE_target=0.0548
Saved 2d+10: method=UCB, n_initial=30, repeat=2/30, RMSE_all=0.1715, RMSE_target=0.0454
Saved 2d+10: method=EI, n_initial=30, repeat=2/30, RMSE_all=0.1774, RMSE_target=0.0554
Saved 2d+10: method=PM, n_initial=30, repeat=3/30, RMSE_all=0.1394, RMSE_target=0.0430
Saved 2d+10: method=D_opt, n_initial=30, repeat=3/30, RMSE_all=0.0895, RMSE_target=0.0559
Saved 2d+10: method=K_means, n_initial=30, repeat=3/30, RMSE_all=0.1154, RMSE_target=0.0516
Saved 2d+10: method=PM, n_initial=30, repeat=1/30, RMSE_all=0.1839, RMSE_target=0.0400
Saved 2d+10: method=EI, n_initial=30, repeat=1/30, RMSE_all=0.2941, RMSE_target=0.0551
Saved 2d+10: method=G_opt, n_initial=30, repeat=3/30, RMSE_all=0.0680, RMSE_target=0.0557
Saved 2d+10: method=IMSE, n_initial=30, repeat=1/30, RMSE_all=0.0892, RMSE_target=0.1002
Saved 2d+10: method=LHS, n_initial=30, repeat=4/30, RMSE_all=0.1619, RMSE_target=0.1697
Saved 2d+10: method=D_opt, n_initial=30, repeat=4/30, RMSE_all=0.1409, RMSE_target=0.1739
Saved 2d+10: method=G_opt, n_initial=30, repeat=1/30, RMSE_all=0.1166, RMSE_target=0.1371
Saved 2d+10: method=PM, n_initial=30, repeat=2/30, RMSE_all=0.2093, RMSE_target=0.0421
Saved 2d+10: method=G_opt, n_initial=30, repeat=2/30, RMSE_all=0.0977, RMSE_target=0.1275
Saved 2d+10: method=K_means, n_initial=30, repeat=4/30, RMSE_all=0.1105, RMSE_target=0.0449
Saved 2d+10: method=IMSE, n_initial=30, repeat=2/30, RMSE_all=0.0785, RMSE_target=0.0869
Saved 2d+10: method=LHS, n_initial=30, repeat=5/30, RMSE_all=0.2140, RMSE_target=0.0819
Saved 2d+10: method=D_opt, n_initial=30, repeat=5/30, RMSE_all=0.1430, RMSE_target=0.1110
Saved 2d+10: method=K_means, n_initial=30, repeat=5/30, RMSE_all=0.1356, RMSE_target=0.0796
Saved 2d+10: method=PM, n_initial=30, repeat=4/30, RMSE_all=0.1785, RMSE_target=0.1121
Saved 2d+10: method=IMSE, n_initial=30, repeat=3/30, RMSE_all=0.0606, RMSE_target=0.0608
Saved 2d+10: method=UCB, n_initial=30, repeat=3/30, RMSE_all=0.1257, RMSE_target=0.0449
Saved 2d+10: method=EI, n_initial=30, repeat=3/30, RMSE_all=0.1200, RMSE_target=0.0447
Saved 2d+10: method=LHS, n_initial=30, repeat=6/30, RMSE_all=0.1451, RMSE_target=0.0583
Saved 2d+10: method=G_opt, n_initial=30, repeat=4/30, RMSE_all=0.0827, RMSE_target=0.1279
Saved 2d+10: method=PM, n_initial=30, repeat=5/30, RMSE_all=0.0464, RMSE_target=0.0112
Saved 2d+10: method=K_means, n_initial=30, repeat=6/30, RMSE_all=0.0857, RMSE_target=0.0607
Saved 2d+10: method=D_opt, n_initial=30, repeat=6/30, RMSE_all=0.0886, RMSE_target=0.0387
Saved 2d+10: method=EI, n_initial=30, repeat=4/30, RMSE_all=0.1664, RMSE_target=0.0435
Saved 2d+10: method=UCB, n_initial=30, repeat=4/30, RMSE_all=0.1651, RMSE_target=0.0398
Saved 2d+10: method=IMSE, n_initial=30, repeat=5/30, RMSE_all=0.0686, RMSE_target=0.0748
Saved 2d+10: method=IMSE, n_initial=30, repeat=4/30, RMSE_all=0.0719, RMSE_target=0.0781
Saved 2d+10: method=G_opt, n_initial=30, repeat=5/30, RMSE_all=0.0804, RMSE_target=0.0854
Saved 2d+10: method=LHS, n_initial=30, repeat=7/30, RMSE_all=0.1495, RMSE_target=0.0767
Saved 2d+10: method=PM, n_initial=30, repeat=6/30, RMSE_all=0.1100, RMSE_target=0.0489
Saved 2d+10: method=D_opt, n_initial=30, repeat=7/30, RMSE_all=0.1201, RMSE_target=0.0964
Saved 2d+10: method=K_means, n_initial=30, repeat=7/30, RMSE_all=0.1740, RMSE_target=0.0757
Saved 2d+10: method=UCB, n_initial=30, repeat=5/30, RMSE_all=0.1197, RMSE_target=0.0529
Saved 2d+10: method=EI, n_initial=30, repeat=5/30, RMSE_all=0.1532, RMSE_target=0.0344
Saved 2d+10: method=EI, n_initial=30, repeat=6/30, RMSE_all=0.1065, RMSE_target=0.0718
Saved 2d+10: method=LHS, n_initial=30, repeat=8/30, RMSE_all=0.0970, RMSE_target=0.0720
Saved 2d+10: method=UCB, n_initial=30, repeat=6/30, RMSE_all=0.1613, RMSE_target=0.0468
Saved 2d+10: method=D_opt, n_initial=30, repeat=8/30, RMSE_all=0.1556, RMSE_target=0.1088
Saved 2d+10: method=K_means, n_initial=30, repeat=8/30, RMSE_all=0.1853, RMSE_target=0.1365
Saved 2d+10: method=G_opt, n_initial=30, repeat=6/30, RMSE_all=0.1065, RMSE_target=0.1122
Saved 2d+10: method=G_opt, n_initial=30, repeat=7/30, RMSE_all=0.0978, RMSE_target=0.1170
Saved 2d+10: method=PM, n_initial=30, repeat=7/30, RMSE_all=0.1674, RMSE_target=0.0891
Saved 2d+10: method=LHS, n_initial=30, repeat=9/30, RMSE_all=0.1012, RMSE_target=0.0559
Saved 2d+10: method=IMSE, n_initial=30, repeat=6/30, RMSE_all=0.0735, RMSE_target=0.0846
Saved 2d+10: method=UCB, n_initial=30, repeat=7/30, RMSE_all=0.1521, RMSE_target=0.0539
Saved 2d+10: method=D_opt, n_initial=30, repeat=9/30, RMSE_all=0.1343, RMSE_target=0.0934
Saved 2d+10: method=K_means, n_initial=30, repeat=9/30, RMSE_all=0.1460, RMSE_target=0.0817
Saved 2d+10: method=EI, n_initial=30, repeat=8/30, RMSE_all=0.1725, RMSE_target=0.0501
Saved 2d+10: method=G_opt, n_initial=30, repeat=8/30, RMSE_all=0.0785, RMSE_target=0.1015
Saved 2d+10: method=LHS, n_initial=30, repeat=10/30, RMSE_all=0.0827, RMSE_target=0.0497
Saved 2d+10: method=EI, n_initial=30, repeat=7/30, RMSE_all=0.1536, RMSE_target=0.0486
Saved 2d+10: method=IMSE, n_initial=30, repeat=7/30, RMSE_all=0.0731, RMSE_target=0.0638
Saved 2d+10: method=PM, n_initial=30, repeat=8/30, RMSE_all=0.1989, RMSE_target=0.0399
Saved 2d+10: method=D_opt, n_initial=30, repeat=10/30, RMSE_all=0.1354, RMSE_target=0.0989
Saved 2d+10: method=K_means, n_initial=30, repeat=10/30, RMSE_all=0.1361, RMSE_target=0.0867
Saved 2d+10: method=G_opt, n_initial=30, repeat=9/30, RMSE_all=0.0887, RMSE_target=0.0807
Saved 2d+10: method=UCB, n_initial=30, repeat=8/30, RMSE_all=0.1562, RMSE_target=0.0389
Saved 2d+10: method=EI, n_initial=30, repeat=9/30, RMSE_all=0.1183, RMSE_target=0.0445
Saved 2d+10: method=IMSE, n_initial=30, repeat=8/30, RMSE_all=0.0863, RMSE_target=0.1013
Saved 2d+10: method=LHS, n_initial=30, repeat=11/30, RMSE_all=0.1459, RMSE_target=0.0751
Saved 2d+10: method=D_opt, n_initial=30, repeat=11/30, RMSE_all=0.1255, RMSE_target=0.1170
Saved 2d+10: method=PM, n_initial=30, repeat=10/30, RMSE_all=0.1120, RMSE_target=0.0391
Saved 2d+10: method=PM, n_initial=30, repeat=9/30, RMSE_all=0.1638, RMSE_target=0.0362
Saved 2d+10: method=K_means, n_initial=30, repeat=11/30, RMSE_all=0.1349, RMSE_target=0.0951
Saved 2d+10: method=UCB, n_initial=30, repeat=9/30, RMSE_all=0.1834, RMSE_target=0.0729
Saved 2d+10: method=G_opt, n_initial=30, repeat=10/30, RMSE_all=0.0817, RMSE_target=0.0894
Saved 2d+10: method=LHS, n_initial=30, repeat=12/30, RMSE_all=0.1251, RMSE_target=0.1137
Saved 2d+10: method=IMSE, n_initial=30, repeat=9/30, RMSE_all=0.0925, RMSE_target=0.0909
Saved 2d+10: method=D_opt, n_initial=30, repeat=12/30, RMSE_all=0.0883, RMSE_target=0.1181
Saved 2d+10: method=K_means, n_initial=30, repeat=12/30, RMSE_all=0.1658, RMSE_target=0.1465
Saved 2d+10: method=EI, n_initial=30, repeat=10/30, RMSE_all=0.0919, RMSE_target=0.0347
Saved 2d+10: method=UCB, n_initial=30, repeat=11/30, RMSE_all=0.1196, RMSE_target=0.0460
Saved 2d+10: method=PM, n_initial=30, repeat=11/30, RMSE_all=0.1390, RMSE_target=0.0512
Saved 2d+10: method=EI, n_initial=30, repeat=11/30, RMSE_all=0.1201, RMSE_target=0.0538
Saved 2d+10: method=UCB, n_initial=30, repeat=10/30, RMSE_all=0.0984, RMSE_target=0.0370
Saved 2d+10: method=LHS, n_initial=30, repeat=13/30, RMSE_all=0.0735, RMSE_target=0.0645
Saved 2d+10: method=IMSE, n_initial=30, repeat=10/30, RMSE_all=0.0650, RMSE_target=0.0570
Saved 2d+10: method=G_opt, n_initial=30, repeat=12/30, RMSE_all=0.0743, RMSE_target=0.0829
Saved 2d+10: method=D_opt, n_initial=30, repeat=13/30, RMSE_all=0.0795, RMSE_target=0.0622
Saved 2d+10: method=K_means, n_initial=30, repeat=13/30, RMSE_all=0.1358, RMSE_target=0.0619
Saved 2d+10: method=G_opt, n_initial=30, repeat=11/30, RMSE_all=0.0818, RMSE_target=0.0919
Saved 2d+10: method=PM, n_initial=30, repeat=12/30, RMSE_all=0.1288, RMSE_target=0.0464
Saved 2d+10: method=LHS, n_initial=30, repeat=14/30, RMSE_all=0.1711, RMSE_target=0.0751
Saved 2d+10: method=IMSE, n_initial=30, repeat=11/30, RMSE_all=0.0791, RMSE_target=0.0723
Saved 2d+10: method=D_opt, n_initial=30, repeat=14/30, RMSE_all=0.1483, RMSE_target=0.0764
Saved 2d+10: method=K_means, n_initial=30, repeat=14/30, RMSE_all=0.0928, RMSE_target=0.0681
Saved 2d+10: method=IMSE, n_initial=30, repeat=12/30, RMSE_all=0.0748, RMSE_target=0.0994
Saved 2d+10: method=EI, n_initial=30, repeat=12/30, RMSE_all=0.1313, RMSE_target=0.0389
Saved 2d+10: method=UCB, n_initial=30, repeat=12/30, RMSE_all=0.1336, RMSE_target=0.0404
Saved 2d+10: method=PM, n_initial=30, repeat=13/30, RMSE_all=0.1446, RMSE_target=0.0486
Saved 2d+10: method=LHS, n_initial=30, repeat=15/30, RMSE_all=0.1381, RMSE_target=0.0497
Saved 2d+10: method=D_opt, n_initial=30, repeat=15/30, RMSE_all=0.1006, RMSE_target=0.0496
Saved 2d+10: method=K_means, n_initial=30, repeat=15/30, RMSE_all=0.1221, RMSE_target=0.0549
Saved 2d+10: method=PM, n_initial=30, repeat=14/30, RMSE_all=0.1467, RMSE_target=0.0443
Saved 2d+10: method=EI, n_initial=30, repeat=13/30, RMSE_all=0.1527, RMSE_target=0.0460
Saved 2d+10: method=G_opt, n_initial=30, repeat=13/30, RMSE_all=0.0776, RMSE_target=0.0857
Saved 2d+10: method=UCB, n_initial=30, repeat=13/30, RMSE_all=0.1504, RMSE_target=0.0469
Saved 2d+10: method=LHS, n_initial=30, repeat=16/30, RMSE_all=0.1041, RMSE_target=0.0712
Saved 2d+10: method=IMSE, n_initial=30, repeat=13/30, RMSE_all=0.0670, RMSE_target=0.0607
Saved 2d+10: method=EI, n_initial=30, repeat=14/30, RMSE_all=0.1112, RMSE_target=0.0356
Saved 2d+10: method=K_means, n_initial=30, repeat=16/30, RMSE_all=0.0879, RMSE_target=0.0519
Saved 2d+10: method=D_opt, n_initial=30, repeat=16/30, RMSE_all=0.0974, RMSE_target=0.0805
Saved 2d+10: method=G_opt, n_initial=30, repeat=14/30, RMSE_all=0.0684, RMSE_target=0.0668
Saved 2d+10: method=PM, n_initial=30, repeat=15/30, RMSE_all=0.2505, RMSE_target=0.0426
Saved 2d+10: method=UCB, n_initial=30, repeat=14/30, RMSE_all=0.1253, RMSE_target=0.0221
Saved 2d+10: method=IMSE, n_initial=30, repeat=14/30, RMSE_all=0.0729, RMSE_target=0.0641
Saved 2d+10: method=LHS, n_initial=30, repeat=17/30, RMSE_all=0.1006, RMSE_target=0.0635
Saved 2d+10: method=D_opt, n_initial=30, repeat=17/30, RMSE_all=0.1473, RMSE_target=0.1849
Saved 2d+10: method=UCB, n_initial=30, repeat=15/30, RMSE_all=0.2183, RMSE_target=0.0456
Saved 2d+10: method=EI, n_initial=30, repeat=15/30, RMSE_all=0.2579, RMSE_target=0.0344
Saved 2d+10: method=K_means, n_initial=30, repeat=17/30, RMSE_all=0.1324, RMSE_target=0.0856
Saved 2d+10: method=G_opt, n_initial=30, repeat=15/30, RMSE_all=0.0697, RMSE_target=0.0555
Saved 2d+10: method=G_opt, n_initial=30, repeat=16/30, RMSE_all=0.0724, RMSE_target=0.0809
Saved 2d+10: method=IMSE, n_initial=30, repeat=15/30, RMSE_all=0.0734, RMSE_target=0.0688
Saved 2d+10: method=LHS, n_initial=30, repeat=18/30, RMSE_all=0.0736, RMSE_target=0.0493
Saved 2d+10: method=PM, n_initial=30, repeat=16/30, RMSE_all=0.1319, RMSE_target=0.1166
Saved 2d+10: method=D_opt, n_initial=30, repeat=18/30, RMSE_all=0.0837, RMSE_target=0.0594
Saved 2d+10: method=K_means, n_initial=30, repeat=18/30, RMSE_all=0.0760, RMSE_target=0.0357
Saved 2d+10: method=EI, n_initial=30, repeat=16/30, RMSE_all=0.1144, RMSE_target=0.0547
Saved 2d+10: method=PM, n_initial=30, repeat=17/30, RMSE_all=0.1671, RMSE_target=0.0965
Saved 2d+10: method=UCB, n_initial=30, repeat=16/30, RMSE_all=0.1031, RMSE_target=0.0651
Saved 2d+10: method=IMSE, n_initial=30, repeat=16/30, RMSE_all=0.0681, RMSE_target=0.0584
Saved 2d+10: method=LHS, n_initial=30, repeat=19/30, RMSE_all=0.1564, RMSE_target=0.0711
Saved 2d+10: method=PM, n_initial=30, repeat=18/30, RMSE_all=0.1064, RMSE_target=0.0478
Saved 2d+10: method=K_means, n_initial=30, repeat=19/30, RMSE_all=0.1186, RMSE_target=0.0552
Saved 2d+10: method=D_opt, n_initial=30, repeat=19/30, RMSE_all=0.1099, RMSE_target=0.0913
Saved 2d+10: method=G_opt, n_initial=30, repeat=17/30, RMSE_all=0.0470, RMSE_target=0.0486
Saved 2d+10: method=EI, n_initial=30, repeat=17/30, RMSE_all=0.1359, RMSE_target=0.0433
Saved 2d+10: method=EI, n_initial=30, repeat=18/30, RMSE_all=0.1058, RMSE_target=0.0375
Saved 2d+10: method=IMSE, n_initial=30, repeat=17/30, RMSE_all=0.0888, RMSE_target=0.0895
Saved 2d+10: method=UCB, n_initial=30, repeat=18/30, RMSE_all=0.0729, RMSE_target=0.0232
Saved 2d+10: method=UCB, n_initial=30, repeat=17/30, RMSE_all=0.1149, RMSE_target=0.0501
Saved 2d+10: method=LHS, n_initial=30, repeat=20/30, RMSE_all=0.0804, RMSE_target=0.0617
Saved 2d+10: method=D_opt, n_initial=30, repeat=20/30, RMSE_all=0.1173, RMSE_target=0.1020
Saved 2d+10: method=K_means, n_initial=30, repeat=20/30, RMSE_all=0.1429, RMSE_target=0.0874
Saved 2d+10: method=G_opt, n_initial=30, repeat=18/30, RMSE_all=0.0733, RMSE_target=0.0768
Saved 2d+10: method=G_opt, n_initial=30, repeat=19/30, RMSE_all=0.0862, RMSE_target=0.0766
Saved 2d+10: method=LHS, n_initial=30, repeat=21/30, RMSE_all=0.1608, RMSE_target=0.1954
Saved 2d+10: method=EI, n_initial=30, repeat=19/30, RMSE_all=0.1615, RMSE_target=0.0436
Saved 2d+10: method=D_opt, n_initial=30, repeat=21/30, RMSE_all=0.1059, RMSE_target=0.1525
Saved 2d+10: method=IMSE, n_initial=30, repeat=18/30, RMSE_all=0.0748, RMSE_target=0.0720
Saved 2d+10: method=K_means, n_initial=30, repeat=21/30, RMSE_all=0.1226, RMSE_target=0.0596
Saved 2d+10: method=PM, n_initial=30, repeat=19/30, RMSE_all=0.1410, RMSE_target=0.0550
Saved 2d+10: method=UCB, n_initial=30, repeat=20/30, RMSE_all=0.0933, RMSE_target=0.0620
Saved 2d+10: method=UCB, n_initial=30, repeat=19/30, RMSE_all=0.1593, RMSE_target=0.0497
Saved 2d+10: method=LHS, n_initial=30, repeat=22/30, RMSE_all=0.1738, RMSE_target=0.0416
Saved 2d+10: method=IMSE, n_initial=30, repeat=19/30, RMSE_all=0.0729, RMSE_target=0.0661
Saved 2d+10: method=EI, n_initial=30, repeat=20/30, RMSE_all=0.1258, RMSE_target=0.0429
Saved 2d+10: method=G_opt, n_initial=30, repeat=21/30, RMSE_all=0.0702, RMSE_target=0.0726
Saved 2d+10: method=D_opt, n_initial=30, repeat=22/30, RMSE_all=0.1077, RMSE_target=0.0497
Saved 2d+10: method=K_means, n_initial=30, repeat=22/30, RMSE_all=0.1452, RMSE_target=0.0611
Saved 2d+10: method=PM, n_initial=30, repeat=20/30, RMSE_all=0.1461, RMSE_target=0.1000
Saved 2d+10: method=G_opt, n_initial=30, repeat=20/30, RMSE_all=0.0825, RMSE_target=0.0845
Saved 2d+10: method=UCB, n_initial=30, repeat=21/30, RMSE_all=0.0489, RMSE_target=0.0123
Saved 2d+10: method=EI, n_initial=30, repeat=21/30, RMSE_all=0.1363, RMSE_target=0.0317
Saved 2d+10: method=IMSE, n_initial=30, repeat=20/30, RMSE_all=0.0751, RMSE_target=0.0834
Saved 2d+10: method=D_opt, n_initial=30, repeat=23/30, RMSE_all=0.0905, RMSE_target=0.1149
Saved 2d+10: method=LHS, n_initial=30, repeat=23/30, RMSE_all=0.1202, RMSE_target=0.0654
Saved 2d+10: method=PM, n_initial=30, repeat=21/30, RMSE_all=0.1471, RMSE_target=0.0289
Saved 2d+10: method=K_means, n_initial=30, repeat=23/30, RMSE_all=0.1225, RMSE_target=0.0724
Saved 2d+10: method=PM, n_initial=30, repeat=22/30, RMSE_all=0.1547, RMSE_target=0.0415
Saved 2d+10: method=LHS, n_initial=30, repeat=24/30, RMSE_all=0.1285, RMSE_target=0.0556
Saved 2d+10: method=EI, n_initial=30, repeat=22/30, RMSE_all=0.1180, RMSE_target=0.0415
Saved 2d+10: method=IMSE, n_initial=30, repeat=21/30, RMSE_all=0.0924, RMSE_target=0.1008
Saved 2d+10: method=D_opt, n_initial=30, repeat=24/30, RMSE_all=0.0775, RMSE_target=0.0746
Saved 2d+10: method=K_means, n_initial=30, repeat=24/30, RMSE_all=0.1209, RMSE_target=0.0638
Saved 2d+10: method=G_opt, n_initial=30, repeat=23/30, RMSE_all=0.0985, RMSE_target=0.1264
Saved 2d+10: method=UCB, n_initial=30, repeat=23/30, RMSE_all=0.1204, RMSE_target=0.0328
Saved 2d+10: method=G_opt, n_initial=30, repeat=22/30, RMSE_all=0.0925, RMSE_target=0.1040
Saved 2d+10: method=EI, n_initial=30, repeat=23/30, RMSE_all=0.1142, RMSE_target=0.0283
Saved 2d+10: method=LHS, n_initial=30, repeat=25/30, RMSE_all=0.1168, RMSE_target=0.0694
Saved 2d+10: method=UCB, n_initial=30, repeat=22/30, RMSE_all=0.1229, RMSE_target=0.0370
Saved 2d+10: method=IMSE, n_initial=30, repeat=22/30, RMSE_all=0.0805, RMSE_target=0.0700
Saved 2d+10: method=PM, n_initial=30, repeat=23/30, RMSE_all=0.1394, RMSE_target=0.0765
Saved 2d+10: method=PM, n_initial=30, repeat=24/30, RMSE_all=0.1271, RMSE_target=0.0373
Saved 2d+10: method=D_opt, n_initial=30, repeat=25/30, RMSE_all=0.1652, RMSE_target=0.0888
Saved 2d+10: method=K_means, n_initial=30, repeat=25/30, RMSE_all=0.0912, RMSE_target=0.0536
Saved 2d+10: method=LHS, n_initial=30, repeat=26/30, RMSE_all=0.1069, RMSE_target=0.0751
Saved 2d+10: method=EI, n_initial=30, repeat=24/30, RMSE_all=0.1281, RMSE_target=0.0483
Saved 2d+10: method=IMSE, n_initial=30, repeat=23/30, RMSE_all=0.0906, RMSE_target=0.1189
Saved 2d+10: method=D_opt, n_initial=30, repeat=26/30, RMSE_all=0.0843, RMSE_target=0.0810
Saved 2d+10: method=IMSE, n_initial=30, repeat=24/30, RMSE_all=0.0697, RMSE_target=0.0686
Saved 2d+10: method=K_means, n_initial=30, repeat=26/30, RMSE_all=0.1080, RMSE_target=0.0623
Saved 2d+10: method=G_opt, n_initial=30, repeat=24/30, RMSE_all=0.0701, RMSE_target=0.0664
Saved 2d+10: method=PM, n_initial=30, repeat=25/30, RMSE_all=0.2202, RMSE_target=0.0689
Saved 2d+10: method=G_opt, n_initial=30, repeat=25/30, RMSE_all=0.1027, RMSE_target=0.0721
Saved 2d+10: method=LHS, n_initial=30, repeat=27/30, RMSE_all=0.1125, RMSE_target=0.0708
Saved 2d+10: method=D_opt, n_initial=30, repeat=27/30, RMSE_all=0.1085, RMSE_target=0.0821
Saved 2d+10: method=UCB, n_initial=30, repeat=24/30, RMSE_all=0.1213, RMSE_target=0.0399
Saved 2d+10: method=K_means, n_initial=30, repeat=27/30, RMSE_all=0.1262, RMSE_target=0.0564
Saved 2d+10: method=EI, n_initial=30, repeat=26/30, RMSE_all=0.1116, RMSE_target=0.0414
Saved 2d+10: method=UCB, n_initial=30, repeat=26/30, RMSE_all=0.1068, RMSE_target=0.0397
Saved 2d+10: method=EI, n_initial=30, repeat=25/30, RMSE_all=0.1389, RMSE_target=0.0493
Saved 2d+10: method=PM, n_initial=30, repeat=26/30, RMSE_all=0.1401, RMSE_target=0.0727
Saved 2d+10: method=UCB, n_initial=30, repeat=25/30, RMSE_all=0.1693, RMSE_target=0.0356
Saved 2d+10: method=IMSE, n_initial=30, repeat=25/30, RMSE_all=0.0743, RMSE_target=0.0656
Saved 2d+10: method=LHS, n_initial=30, repeat=28/30, RMSE_all=0.0683, RMSE_target=0.0621
Saved 2d+10: method=D_opt, n_initial=30, repeat=28/30, RMSE_all=0.0806, RMSE_target=0.0761
Saved 2d+10: method=K_means, n_initial=30, repeat=28/30, RMSE_all=0.0986, RMSE_target=0.0511
Saved 2d+10: method=G_opt, n_initial=30, repeat=26/30, RMSE_all=0.1016, RMSE_target=0.0825
Saved 2d+10: method=EI, n_initial=30, repeat=27/30, RMSE_all=0.1526, RMSE_target=0.0580
Saved 2d+10: method=UCB, n_initial=30, repeat=27/30, RMSE_all=0.1010, RMSE_target=0.0484
Saved 2d+10: method=LHS, n_initial=30, repeat=29/30, RMSE_all=0.0801, RMSE_target=0.0940
Saved 2d+10: method=IMSE, n_initial=30, repeat=26/30, RMSE_all=0.0836, RMSE_target=0.0813
Saved 2d+10: method=D_opt, n_initial=30, repeat=29/30, RMSE_all=0.0651, RMSE_target=0.0942
Saved 2d+10: method=PM, n_initial=30, repeat=27/30, RMSE_all=0.1558, RMSE_target=0.0528
Saved 2d+10: method=G_opt, n_initial=30, repeat=27/30, RMSE_all=0.1118, RMSE_target=0.1058
Saved 2d+10: method=K_means, n_initial=30, repeat=29/30, RMSE_all=0.0963, RMSE_target=0.0679
Saved 2d+10: method=PM, n_initial=30, repeat=28/30, RMSE_all=0.0774, RMSE_target=0.0533
Saved 2d+10: method=IMSE, n_initial=30, repeat=27/30, RMSE_all=0.0903, RMSE_target=0.0654
Saved 2d+10: method=LHS, n_initial=30, repeat=30/30, RMSE_all=0.2522, RMSE_target=0.1390
Saved 2d+10: method=D_opt, n_initial=30, repeat=30/30, RMSE_all=0.1419, RMSE_target=0.1603
Saved 2d+10: method=K_means, n_initial=30, repeat=30/30, RMSE_all=0.1626, RMSE_target=0.1669
Saved 2d+10: method=G_opt, n_initial=30, repeat=29/30, RMSE_all=0.1169, RMSE_target=0.1692
Saved 2d+10: method=PM, n_initial=30, repeat=29/30, RMSE_all=0.1418, RMSE_target=0.0809
Saved 2d+10: method=G_opt, n_initial=30, repeat=28/30, RMSE_all=0.0693, RMSE_target=0.0814
Saved 2d+10: method=EI, n_initial=30, repeat=28/30, RMSE_all=0.0824, RMSE_target=0.0453
Saved 2d+10: method=UCB, n_initial=30, repeat=28/30, RMSE_all=0.0893, RMSE_target=0.0479
Saved 2d+10: method=G_opt, n_initial=30, repeat=30/30, RMSE_all=0.0945, RMSE_target=0.0720
Saved 2d+10: method=IMSE, n_initial=30, repeat=28/30, RMSE_all=0.0552, RMSE_target=0.0592
Saved 2d+10: method=D_opt, n_initial=40, repeat=1/30, RMSE_all=0.0915, RMSE_target=0.0708
Saved 2d+10: method=LHS, n_initial=40, repeat=1/30, RMSE_all=0.0805, RMSE_target=0.0611
Saved 2d+10: method=EI, n_initial=30, repeat=29/30, RMSE_all=0.1179, RMSE_target=0.0352
Saved 2d+10: method=K_means, n_initial=40, repeat=1/30, RMSE_all=0.0897, RMSE_target=0.0385
Saved 2d+10: method=EI, n_initial=30, repeat=30/30, RMSE_all=0.2001, RMSE_target=0.0698
Saved 2d+10: method=LHS, n_initial=40, repeat=2/30, RMSE_all=0.0559, RMSE_target=0.0581
Saved 2d+10: method=UCB, n_initial=30, repeat=29/30, RMSE_all=0.1286, RMSE_target=0.0371
Saved 2d+10: method=IMSE, n_initial=30, repeat=29/30, RMSE_all=0.0528, RMSE_target=0.0677
Saved 2d+10: method=PM, n_initial=30, repeat=30/30, RMSE_all=0.2346, RMSE_target=0.0508
Saved 2d+10: method=UCB, n_initial=30, repeat=30/30, RMSE_all=0.1649, RMSE_target=0.0491
Saved 2d+10: method=D_opt, n_initial=40, repeat=2/30, RMSE_all=0.0628, RMSE_target=0.0786
Saved 2d+10: method=K_means, n_initial=40, repeat=2/30, RMSE_all=0.0646, RMSE_target=0.0599
Saved 2d+10: method=IMSE, n_initial=30, repeat=30/30, RMSE_all=0.0687, RMSE_target=0.0620
Saved 2d+10: method=LHS, n_initial=40, repeat=3/30, RMSE_all=0.1268, RMSE_target=0.0576
Saved 2d+10: method=EI, n_initial=40, repeat=1/30, RMSE_all=0.1037, RMSE_target=0.0226
Saved 2d+10: method=D_opt, n_initial=40, repeat=3/30, RMSE_all=0.0639, RMSE_target=0.0925
Saved 2d+10: method=K_means, n_initial=40, repeat=3/30, RMSE_all=0.0256, RMSE_target=0.0112
Saved 2d+10: method=G_opt, n_initial=40, repeat=2/30, RMSE_all=0.0509, RMSE_target=0.0649
Saved 2d+10: method=UCB, n_initial=40, repeat=2/30, RMSE_all=0.0665, RMSE_target=0.0454
Saved 2d+10: method=PM, n_initial=40, repeat=1/30, RMSE_all=0.0987, RMSE_target=0.0204
Saved 2d+10: method=G_opt, n_initial=40, repeat=1/30, RMSE_all=0.0606, RMSE_target=0.0574
Saved 2d+10: method=G_opt, n_initial=40, repeat=3/30, RMSE_all=0.0489, RMSE_target=0.0849
Saved 2d+10: method=LHS, n_initial=40, repeat=4/30, RMSE_all=0.0190, RMSE_target=0.0087
Saved 2d+10: method=UCB, n_initial=40, repeat=1/30, RMSE_all=0.1143, RMSE_target=0.0230
Saved 2d+10: method=IMSE, n_initial=40, repeat=1/30, RMSE_all=0.0548, RMSE_target=0.0521
Saved 2d+10: method=PM, n_initial=40, repeat=2/30, RMSE_all=0.0625, RMSE_target=0.0446
Saved 2d+10: method=D_opt, n_initial=40, repeat=4/30, RMSE_all=0.0675, RMSE_target=0.0467
Saved 2d+10: method=K_means, n_initial=40, repeat=4/30, RMSE_all=0.0806, RMSE_target=0.0402
Saved 2d+10: method=EI, n_initial=40, repeat=2/30, RMSE_all=0.0598, RMSE_target=0.0487
Saved 2d+10: method=IMSE, n_initial=40, repeat=2/30, RMSE_all=0.0577, RMSE_target=0.0679
Saved 2d+10: method=PM, n_initial=40, repeat=3/30, RMSE_all=0.0734, RMSE_target=0.0382
Saved 2d+10: method=LHS, n_initial=40, repeat=5/30, RMSE_all=0.0969, RMSE_target=0.0416
Saved 2d+10: method=D_opt, n_initial=40, repeat=5/30, RMSE_all=0.0917, RMSE_target=0.0630
Saved 2d+10: method=K_means, n_initial=40, repeat=5/30, RMSE_all=0.0881, RMSE_target=0.0576
Saved 2d+10: method=EI, n_initial=40, repeat=3/30, RMSE_all=0.0798, RMSE_target=0.0274
Saved 2d+10: method=UCB, n_initial=40, repeat=3/30, RMSE_all=0.0760, RMSE_target=0.0366
Saved 2d+10: method=G_opt, n_initial=40, repeat=4/30, RMSE_all=0.0567, RMSE_target=0.0513
Saved 2d+10: method=IMSE, n_initial=40, repeat=3/30, RMSE_all=0.0479, RMSE_target=0.0799
Saved 2d+10: method=LHS, n_initial=40, repeat=6/30, RMSE_all=0.0759, RMSE_target=0.0510
Saved 2d+10: method=D_opt, n_initial=40, repeat=6/30, RMSE_all=0.0572, RMSE_target=0.0622
Saved 2d+10: method=PM, n_initial=40, repeat=4/30, RMSE_all=0.0765, RMSE_target=0.0397
Saved 2d+10: method=K_means, n_initial=40, repeat=6/30, RMSE_all=0.0587, RMSE_target=0.0475
Saved 2d+10: method=IMSE, n_initial=40, repeat=4/30, RMSE_all=0.0515, RMSE_target=0.0458
Saved 2d+10: method=EI, n_initial=40, repeat=4/30, RMSE_all=0.0692, RMSE_target=0.0420
Saved 2d+10: method=IMSE, n_initial=40, repeat=5/30, RMSE_all=0.0141, RMSE_target=0.0056
Saved 2d+10: method=PM, n_initial=40, repeat=5/30, RMSE_all=0.1342, RMSE_target=0.0317
Saved 2d+10: method=PM, n_initial=40, repeat=6/30, RMSE_all=0.0766, RMSE_target=0.0378
Saved 2d+10: method=UCB, n_initial=40, repeat=4/30, RMSE_all=0.0791, RMSE_target=0.0403
Saved 2d+10: method=LHS, n_initial=40, repeat=7/30, RMSE_all=0.0679, RMSE_target=0.0417
Saved 2d+10: method=D_opt, n_initial=40, repeat=7/30, RMSE_all=0.0697, RMSE_target=0.0540
Saved 2d+10: method=K_means, n_initial=40, repeat=7/30, RMSE_all=0.0835, RMSE_target=0.0383
Saved 2d+10: method=G_opt, n_initial=40, repeat=5/30, RMSE_all=0.0706, RMSE_target=0.0920
Saved 2d+10: method=EI, n_initial=40, repeat=5/30, RMSE_all=0.1473, RMSE_target=0.0393
Saved 2d+10: method=UCB, n_initial=40, repeat=5/30, RMSE_all=0.1322, RMSE_target=0.0340
Saved 2d+10: method=UCB, n_initial=40, repeat=6/30, RMSE_all=0.0931, RMSE_target=0.0277
Saved 2d+10: method=LHS, n_initial=40, repeat=8/30, RMSE_all=0.0697, RMSE_target=0.0394
Saved 2d+10: method=D_opt, n_initial=40, repeat=8/30, RMSE_all=0.0731, RMSE_target=0.0464
Saved 2d+10: method=K_means, n_initial=40, repeat=8/30, RMSE_all=0.1375, RMSE_target=0.0582
Saved 2d+10: method=IMSE, n_initial=40, repeat=6/30, RMSE_all=0.0531, RMSE_target=0.0635
Saved 2d+10: method=G_opt, n_initial=40, repeat=6/30, RMSE_all=0.0599, RMSE_target=0.0762
Saved 2d+10: method=EI, n_initial=40, repeat=6/30, RMSE_all=0.0998, RMSE_target=0.0252
Saved 2d+10: method=EI, n_initial=40, repeat=7/30, RMSE_all=0.0781, RMSE_target=0.0368
Saved 2d+10: method=UCB, n_initial=40, repeat=7/30, RMSE_all=0.1207, RMSE_target=0.0330
Saved 2d+10: method=LHS, n_initial=40, repeat=9/30, RMSE_all=0.0866, RMSE_target=0.0699
Saved 2d+10: method=D_opt, n_initial=40, repeat=9/30, RMSE_all=0.0765, RMSE_target=0.0853
Saved 2d+10: method=K_means, n_initial=40, repeat=9/30, RMSE_all=0.0939, RMSE_target=0.0770
Saved 2d+10: method=PM, n_initial=40, repeat=7/30, RMSE_all=0.1169, RMSE_target=0.0289
Saved 2d+10: method=G_opt, n_initial=40, repeat=7/30, RMSE_all=0.0526, RMSE_target=0.0606
Saved 2d+10: method=EI, n_initial=40, repeat=8/30, RMSE_all=0.1038, RMSE_target=0.0308
Saved 2d+10: method=IMSE, n_initial=40, repeat=7/30, RMSE_all=0.0469, RMSE_target=0.0505
Saved 2d+10: method=IMSE, n_initial=40, repeat=8/30, RMSE_all=0.0545, RMSE_target=0.0418
Saved 2d+10: method=LHS, n_initial=40, repeat=10/30, RMSE_all=0.0780, RMSE_target=0.0699
Saved 2d+10: method=PM, n_initial=40, repeat=8/30, RMSE_all=0.1013, RMSE_target=0.0288
Saved 2d+10: method=D_opt, n_initial=40, repeat=10/30, RMSE_all=0.0969, RMSE_target=0.0944
Saved 2d+10: method=K_means, n_initial=40, repeat=10/30, RMSE_all=0.1211, RMSE_target=0.0760
Saved 2d+10: method=G_opt, n_initial=40, repeat=8/30, RMSE_all=0.0519, RMSE_target=0.0373
Saved 2d+10: method=G_opt, n_initial=40, repeat=9/30, RMSE_all=0.0617, RMSE_target=0.0838
Saved 2d+10: method=LHS, n_initial=40, repeat=11/30, RMSE_all=0.0875, RMSE_target=0.0434
Saved 2d+10: method=EI, n_initial=40, repeat=9/30, RMSE_all=0.1073, RMSE_target=0.0451
Saved 2d+10: method=UCB, n_initial=40, repeat=8/30, RMSE_all=0.0956, RMSE_target=0.0290
Saved 2d+10: method=D_opt, n_initial=40, repeat=11/30, RMSE_all=0.1060, RMSE_target=0.0456
Saved 2d+10: method=PM, n_initial=40, repeat=9/30, RMSE_all=0.1186, RMSE_target=0.0408
Saved 2d+10: method=K_means, n_initial=40, repeat=11/30, RMSE_all=0.0820, RMSE_target=0.0429
Saved 2d+10: method=UCB, n_initial=40, repeat=10/30, RMSE_all=0.1843, RMSE_target=0.0366
Saved 2d+10: method=IMSE, n_initial=40, repeat=10/30, RMSE_all=0.0513, RMSE_target=0.0551
Saved 2d+10: method=UCB, n_initial=40, repeat=9/30, RMSE_all=0.1034, RMSE_target=0.0451
Saved 2d+10: method=G_opt, n_initial=40, repeat=10/30, RMSE_all=0.0582, RMSE_target=0.0689
Saved 2d+10: method=LHS, n_initial=40, repeat=12/30, RMSE_all=0.1033, RMSE_target=0.0581
Saved 2d+10: method=D_opt, n_initial=40, repeat=12/30, RMSE_all=0.0631, RMSE_target=0.0891
Saved 2d+10: method=IMSE, n_initial=40, repeat=9/30, RMSE_all=0.0579, RMSE_target=0.0804
Saved 2d+10: method=K_means, n_initial=40, repeat=12/30, RMSE_all=0.0844, RMSE_target=0.0748
Saved 2d+10: method=PM, n_initial=40, repeat=10/30, RMSE_all=0.1849, RMSE_target=0.0379
Saved 2d+10: method=G_opt, n_initial=40, repeat=11/30, RMSE_all=0.0454, RMSE_target=0.0492
Saved 2d+10: method=LHS, n_initial=40, repeat=13/30, RMSE_all=0.0827, RMSE_target=0.0679
Saved 2d+10: method=EI, n_initial=40, repeat=10/30, RMSE_all=0.1618, RMSE_target=0.0362
Saved 2d+10: method=D_opt, n_initial=40, repeat=13/30, RMSE_all=0.0867, RMSE_target=0.0687
Saved 2d+10: method=PM, n_initial=40, repeat=11/30, RMSE_all=0.1400, RMSE_target=0.0351
Saved 2d+10: method=K_means, n_initial=40, repeat=13/30, RMSE_all=0.0693, RMSE_target=0.0447
Saved 2d+10: method=EI, n_initial=40, repeat=11/30, RMSE_all=0.1678, RMSE_target=0.0423
Saved 2d+10: method=PM, n_initial=40, repeat=12/30, RMSE_all=0.1125, RMSE_target=0.0313
Saved 2d+10: method=UCB, n_initial=40, repeat=11/30, RMSE_all=0.1686, RMSE_target=0.0421
Saved 2d+10: method=IMSE, n_initial=40, repeat=11/30, RMSE_all=0.0511, RMSE_target=0.0427
Saved 2d+10: method=EI, n_initial=40, repeat=12/30, RMSE_all=0.1121, RMSE_target=0.0299
Saved 2d+10: method=LHS, n_initial=40, repeat=14/30, RMSE_all=0.0791, RMSE_target=0.0729
Saved 2d+10: method=IMSE, n_initial=40, repeat=12/30, RMSE_all=0.0637, RMSE_target=0.0916
Saved 2d+10: method=D_opt, n_initial=40, repeat=14/30, RMSE_all=0.1017, RMSE_target=0.0818
Saved 2d+10: method=K_means, n_initial=40, repeat=14/30, RMSE_all=0.0676, RMSE_target=0.0554
Saved 2d+10: method=G_opt, n_initial=40, repeat=13/30, RMSE_all=0.0677, RMSE_target=0.0700
Saved 2d+10: method=G_opt, n_initial=40, repeat=12/30, RMSE_all=0.0654, RMSE_target=0.0913
Saved 2d+10: method=LHS, n_initial=40, repeat=15/30, RMSE_all=0.0666, RMSE_target=0.0547
Saved 2d+10: method=PM, n_initial=40, repeat=13/30, RMSE_all=0.1110, RMSE_target=0.0364
Saved 2d+10: method=UCB, n_initial=40, repeat=12/30, RMSE_all=0.1278, RMSE_target=0.0310
Saved 2d+10: method=D_opt, n_initial=40, repeat=15/30, RMSE_all=0.0680, RMSE_target=0.0609
Saved 2d+10: method=K_means, n_initial=40, repeat=15/30, RMSE_all=0.0866, RMSE_target=0.0588
Saved 2d+10: method=PM, n_initial=40, repeat=14/30, RMSE_all=0.1067, RMSE_target=0.0249
Saved 2d+10: method=UCB, n_initial=40, repeat=13/30, RMSE_all=0.0992, RMSE_target=0.0344
Saved 2d+10: method=UCB, n_initial=40, repeat=14/30, RMSE_all=0.0777, RMSE_target=0.0339
Saved 2d+10: method=EI, n_initial=40, repeat=13/30, RMSE_all=0.0928, RMSE_target=0.0415
Saved 2d+10: method=LHS, n_initial=40, repeat=16/30, RMSE_all=0.0643, RMSE_target=0.0501
Saved 2d+10: method=IMSE, n_initial=40, repeat=13/30, RMSE_all=0.0566, RMSE_target=0.0613
Saved 2d+10: method=EI, n_initial=40, repeat=14/30, RMSE_all=0.0935, RMSE_target=0.0298
Saved 2d+10: method=D_opt, n_initial=40, repeat=16/30, RMSE_all=0.0905, RMSE_target=0.0785
Saved 2d+10: method=G_opt, n_initial=40, repeat=14/30, RMSE_all=0.0507, RMSE_target=0.0545
Saved 2d+10: method=K_means, n_initial=40, repeat=16/30, RMSE_all=0.1082, RMSE_target=0.0424
Saved 2d+10: method=EI, n_initial=40, repeat=15/30, RMSE_all=0.0751, RMSE_target=0.0378
Saved 2d+10: method=IMSE, n_initial=40, repeat=14/30, RMSE_all=0.0518, RMSE_target=0.0580
Saved 2d+10: method=PM, n_initial=40, repeat=15/30, RMSE_all=0.0749, RMSE_target=0.0403
Saved 2d+10: method=IMSE, n_initial=40, repeat=15/30, RMSE_all=0.0577, RMSE_target=0.0591
Saved 2d+10: method=LHS, n_initial=40, repeat=17/30, RMSE_all=0.0776, RMSE_target=0.0456
Saved 2d+10: method=K_means, n_initial=40, repeat=17/30, RMSE_all=0.0724, RMSE_target=0.0396
Saved 2d+10: method=D_opt, n_initial=40, repeat=17/30, RMSE_all=0.0849, RMSE_target=0.0454
Saved 2d+10: method=G_opt, n_initial=40, repeat=15/30, RMSE_all=0.0575, RMSE_target=0.0612
Saved 2d+10: method=EI, n_initial=40, repeat=16/30, RMSE_all=0.1050, RMSE_target=0.0367
Saved 2d+10: method=UCB, n_initial=40, repeat=16/30, RMSE_all=0.1188, RMSE_target=0.0340
Saved 2d+10: method=UCB, n_initial=40, repeat=15/30, RMSE_all=0.0767, RMSE_target=0.0387
Saved 2d+10: method=LHS, n_initial=40, repeat=18/30, RMSE_all=0.0849, RMSE_target=0.0569
Saved 2d+10: method=D_opt, n_initial=40, repeat=18/30, RMSE_all=0.0737, RMSE_target=0.0822
Saved 2d+10: method=K_means, n_initial=40, repeat=18/30, RMSE_all=0.0705, RMSE_target=0.0480
Saved 2d+10: method=PM, n_initial=40, repeat=16/30, RMSE_all=0.0974, RMSE_target=0.0429
Saved 2d+10: method=G_opt, n_initial=40, repeat=16/30, RMSE_all=0.0567, RMSE_target=0.0611
Saved 2d+10: method=EI, n_initial=40, repeat=17/30, RMSE_all=0.0876, RMSE_target=0.0310
Saved 2d+10: method=PM, n_initial=40, repeat=17/30, RMSE_all=0.0791, RMSE_target=0.0354
Saved 2d+10: method=UCB, n_initial=40, repeat=17/30, RMSE_all=0.0860, RMSE_target=0.0317
Saved 2d+10: method=IMSE, n_initial=40, repeat=16/30, RMSE_all=0.0689, RMSE_target=0.0876
Saved 2d+10: method=LHS, n_initial=40, repeat=19/30, RMSE_all=0.0905, RMSE_target=0.0579
Saved 2d+10: method=D_opt, n_initial=40, repeat=19/30, RMSE_all=0.0675, RMSE_target=0.0586
Saved 2d+10: method=K_means, n_initial=40, repeat=19/30, RMSE_all=0.1235, RMSE_target=0.0620
Saved 2d+10: method=G_opt, n_initial=40, repeat=17/30, RMSE_all=0.0646, RMSE_target=0.0705
Saved 2d+10: method=G_opt, n_initial=40, repeat=18/30, RMSE_all=0.0629, RMSE_target=0.0759
Saved 2d+10: method=LHS, n_initial=40, repeat=20/30, RMSE_all=0.1032, RMSE_target=0.0508
Saved 2d+10: method=UCB, n_initial=40, repeat=18/30, RMSE_all=0.0812, RMSE_target=0.0409
Saved 2d+10: method=IMSE, n_initial=40, repeat=17/30, RMSE_all=0.0609, RMSE_target=0.0568
Saved 2d+10: method=D_opt, n_initial=40, repeat=20/30, RMSE_all=0.0796, RMSE_target=0.0538
Saved 2d+10: method=K_means, n_initial=40, repeat=20/30, RMSE_all=0.1214, RMSE_target=0.0712
Saved 2d+10: method=PM, n_initial=40, repeat=18/30, RMSE_all=0.0949, RMSE_target=0.0694
Saved 2d+10: method=EI, n_initial=40, repeat=19/30, RMSE_all=0.0906, RMSE_target=0.0512
Saved 2d+10: method=EI, n_initial=40, repeat=18/30, RMSE_all=0.0912, RMSE_target=0.0424
Saved 2d+10: method=UCB, n_initial=40, repeat=19/30, RMSE_all=0.0894, RMSE_target=0.0509
Saved 2d+10: method=IMSE, n_initial=40, repeat=18/30, RMSE_all=0.0484, RMSE_target=0.0539
Saved 2d+10: method=LHS, n_initial=40, repeat=21/30, RMSE_all=0.0658, RMSE_target=0.0516
Saved 2d+10: method=PM, n_initial=40, repeat=19/30, RMSE_all=0.1408, RMSE_target=0.0511
Saved 2d+10: method=D_opt, n_initial=40, repeat=21/30, RMSE_all=0.0898, RMSE_target=0.0500
Saved 2d+10: method=G_opt, n_initial=40, repeat=19/30, RMSE_all=0.0523, RMSE_target=0.0627
Saved 2d+10: method=K_means, n_initial=40, repeat=21/30, RMSE_all=0.1069, RMSE_target=0.0470
Saved 2d+10: method=G_opt, n_initial=40, repeat=20/30, RMSE_all=0.0631, RMSE_target=0.0508
Saved 2d+10: method=EI, n_initial=40, repeat=20/30, RMSE_all=0.1078, RMSE_target=0.0393
Saved 2d+10: method=LHS, n_initial=40, repeat=22/30, RMSE_all=0.1185, RMSE_target=0.0435
Saved 2d+10: method=PM, n_initial=40, repeat=20/30, RMSE_all=0.1098, RMSE_target=0.0590
Saved 2d+10: method=IMSE, n_initial=40, repeat=19/30, RMSE_all=0.0561, RMSE_target=0.0640
Saved 2d+10: method=D_opt, n_initial=40, repeat=22/30, RMSE_all=0.0797, RMSE_target=0.0545
Saved 2d+10: method=K_means, n_initial=40, repeat=22/30, RMSE_all=0.0943, RMSE_target=0.0551
Saved 2d+10: method=PM, n_initial=40, repeat=21/30, RMSE_all=0.0868, RMSE_target=0.0380
Saved 2d+10: method=G_opt, n_initial=40, repeat=21/30, RMSE_all=0.0580, RMSE_target=0.0688
Saved 2d+10: method=LHS, n_initial=40, repeat=23/30, RMSE_all=0.1118, RMSE_target=0.0350
Saved 2d+10: method=UCB, n_initial=40, repeat=20/30, RMSE_all=0.1053, RMSE_target=0.0383
Saved 2d+10: method=IMSE, n_initial=40, repeat=20/30, RMSE_all=0.0417, RMSE_target=0.0357
Saved 2d+10: method=D_opt, n_initial=40, repeat=23/30, RMSE_all=0.1016, RMSE_target=0.0424
Saved 2d+10: method=K_means, n_initial=40, repeat=23/30, RMSE_all=0.1358, RMSE_target=0.0383
Saved 2d+10: method=PM, n_initial=40, repeat=22/30, RMSE_all=0.1116, RMSE_target=0.0339
Saved 2d+10: method=EI, n_initial=40, repeat=21/30, RMSE_all=0.0919, RMSE_target=0.0488
Saved 2d+10: method=UCB, n_initial=40, repeat=21/30, RMSE_all=0.0932, RMSE_target=0.0417
Saved 2d+10: method=EI, n_initial=40, repeat=22/30, RMSE_all=0.1077, RMSE_target=0.0378
Saved 2d+10: method=G_opt, n_initial=40, repeat=22/30, RMSE_all=0.0290, RMSE_target=0.0365
Saved 2d+10: method=UCB, n_initial=40, repeat=22/30, RMSE_all=0.1040, RMSE_target=0.0372
Saved 2d+10: method=IMSE, n_initial=40, repeat=21/30, RMSE_all=0.0516, RMSE_target=0.0572
Saved 2d+10: method=LHS, n_initial=40, repeat=24/30, RMSE_all=0.0886, RMSE_target=0.0863
Saved 2d+10: method=D_opt, n_initial=40, repeat=24/30, RMSE_all=0.0971, RMSE_target=0.0897
Saved 2d+10: method=PM, n_initial=40, repeat=23/30, RMSE_all=0.1888, RMSE_target=0.0360
Saved 2d+10: method=K_means, n_initial=40, repeat=24/30, RMSE_all=0.1374, RMSE_target=0.0832
Saved 2d+10: method=G_opt, n_initial=40, repeat=23/30, RMSE_all=0.0666, RMSE_target=0.0786
Saved 2d+10: method=LHS, n_initial=40, repeat=25/30, RMSE_all=0.1327, RMSE_target=0.0542
Saved 2d+10: method=D_opt, n_initial=40, repeat=25/30, RMSE_all=0.0682, RMSE_target=0.0534
Saved 2d+10: method=IMSE, n_initial=40, repeat=22/30, RMSE_all=0.0502, RMSE_target=0.0602
Saved 2d+10: method=K_means, n_initial=40, repeat=25/30, RMSE_all=0.1139, RMSE_target=0.0847
Saved 2d+10: method=IMSE, n_initial=40, repeat=23/30, RMSE_all=0.0609, RMSE_target=0.0745
Saved 2d+10: method=EI, n_initial=40, repeat=23/30, RMSE_all=0.0791, RMSE_target=0.0419
Saved 2d+10: method=UCB, n_initial=40, repeat=23/30, RMSE_all=0.0890, RMSE_target=0.0312
Saved 2d+10: method=PM, n_initial=40, repeat=25/30, RMSE_all=0.1395, RMSE_target=0.0405
Saved 2d+10: method=LHS, n_initial=40, repeat=26/30, RMSE_all=0.0846, RMSE_target=0.0465
Saved 2d+10: method=IMSE, n_initial=40, repeat=24/30, RMSE_all=0.0722, RMSE_target=0.0984
Saved 2d+10: method=G_opt, n_initial=40, repeat=25/30, RMSE_all=0.0624, RMSE_target=0.0577
Saved 2d+10: method=G_opt, n_initial=40, repeat=24/30, RMSE_all=0.0724, RMSE_target=0.0913
Saved 2d+10: method=K_means, n_initial=40, repeat=26/30, RMSE_all=0.0749, RMSE_target=0.0607
Saved 2d+10: method=D_opt, n_initial=40, repeat=26/30, RMSE_all=0.0626, RMSE_target=0.0515
Saved 2d+10: method=PM, n_initial=40, repeat=24/30, RMSE_all=0.1261, RMSE_target=0.0543
Saved 2d+10: method=EI, n_initial=40, repeat=24/30, RMSE_all=0.1295, RMSE_target=0.0548
Saved 2d+10: method=LHS, n_initial=40, repeat=27/30, RMSE_all=0.0684, RMSE_target=0.0742
Saved 2d+10: method=UCB, n_initial=40, repeat=24/30, RMSE_all=0.1176, RMSE_target=0.0423
Saved 2d+10: method=UCB, n_initial=40, repeat=25/30, RMSE_all=0.1395, RMSE_target=0.0368
Saved 2d+10: method=D_opt, n_initial=40, repeat=27/30, RMSE_all=0.0694, RMSE_target=0.0779
Saved 2d+10: method=K_means, n_initial=40, repeat=27/30, RMSE_all=0.0495, RMSE_target=0.0488
Saved 2d+10: method=EI, n_initial=40, repeat=25/30, RMSE_all=0.0116, RMSE_target=0.0032
Saved 2d+10: method=G_opt, n_initial=40, repeat=26/30, RMSE_all=0.0592, RMSE_target=0.0521
Saved 2d+10: method=LHS, n_initial=40, repeat=28/30, RMSE_all=0.1252, RMSE_target=0.0682
Saved 2d+10: method=EI, n_initial=40, repeat=26/30, RMSE_all=0.1406, RMSE_target=0.0312
Saved 2d+10: method=IMSE, n_initial=40, repeat=26/30, RMSE_all=0.0630, RMSE_target=0.0576
Saved 2d+10: method=D_opt, n_initial=40, repeat=28/30, RMSE_all=0.0747, RMSE_target=0.0643
Saved 2d+10: method=IMSE, n_initial=40, repeat=25/30, RMSE_all=0.0517, RMSE_target=0.0474
Saved 2d+10: method=PM, n_initial=40, repeat=26/30, RMSE_all=0.1092, RMSE_target=0.0444
Saved 2d+10: method=K_means, n_initial=40, repeat=28/30, RMSE_all=0.1025, RMSE_target=0.0492
Saved 2d+10: method=UCB, n_initial=40, repeat=26/30, RMSE_all=0.1433, RMSE_target=0.0331
Saved 2d+10: method=PM, n_initial=40, repeat=27/30, RMSE_all=0.0640, RMSE_target=0.0359
Saved 2d+10: method=LHS, n_initial=40, repeat=29/30, RMSE_all=0.1236, RMSE_target=0.0449
Saved 2d+10: method=EI, n_initial=40, repeat=27/30, RMSE_all=0.0674, RMSE_target=0.0415
Saved 2d+10: method=G_opt, n_initial=40, repeat=27/30, RMSE_all=0.0596, RMSE_target=0.0692
Saved 2d+10: method=D_opt, n_initial=40, repeat=29/30, RMSE_all=0.0555, RMSE_target=0.0375
Saved 2d+10: method=K_means, n_initial=40, repeat=29/30, RMSE_all=0.1264, RMSE_target=0.0447
Saved 2d+10: method=G_opt, n_initial=40, repeat=28/30, RMSE_all=0.0461, RMSE_target=0.0652
Saved 2d+10: method=UCB, n_initial=40, repeat=27/30, RMSE_all=0.0626, RMSE_target=0.0423
Saved 2d+10: method=IMSE, n_initial=40, repeat=27/30, RMSE_all=0.0588, RMSE_target=0.0628
Saved 2d+10: method=PM, n_initial=40, repeat=28/30, RMSE_all=0.0281, RMSE_target=0.0135
Saved 2d+10: method=EI, n_initial=40, repeat=28/30, RMSE_all=0.1227, RMSE_target=0.0503
Saved 2d+10: method=IMSE, n_initial=40, repeat=28/30, RMSE_all=0.0510, RMSE_target=0.0559
Saved 2d+10: method=PM, n_initial=40, repeat=29/30, RMSE_all=0.1106, RMSE_target=0.0302
Saved 2d+10: method=LHS, n_initial=40, repeat=30/30, RMSE_all=0.1730, RMSE_target=0.0496
Saved 2d+10: method=K_means, n_initial=40, repeat=30/30, RMSE_all=0.1504, RMSE_target=0.0523
Saved 2d+10: method=D_opt, n_initial=40, repeat=30/30, RMSE_all=0.0695, RMSE_target=0.0620
Saved 2d+10: method=LHS, n_initial=50, repeat=1/30, RMSE_all=0.0888, RMSE_target=0.0592
Saved 2d+10: method=UCB, n_initial=40, repeat=28/30, RMSE_all=0.1270, RMSE_target=0.0475
Saved 2d+10: method=D_opt, n_initial=50, repeat=1/30, RMSE_all=0.0893, RMSE_target=0.0488
Saved 2d+10: method=K_means, n_initial=50, repeat=1/30, RMSE_all=0.0981, RMSE_target=0.0440
Saved 2d+10: method=PM, n_initial=40, repeat=30/30, RMSE_all=0.1488, RMSE_target=0.0533
Saved 2d+10: method=EI, n_initial=40, repeat=30/30, RMSE_all=0.1498, RMSE_target=0.0475
Saved 2d+10: method=G_opt, n_initial=40, repeat=29/30, RMSE_all=0.0414, RMSE_target=0.0463
Saved 2d+10: method=UCB, n_initial=40, repeat=30/30, RMSE_all=0.1363, RMSE_target=0.0471
Saved 2d+10: method=LHS, n_initial=50, repeat=2/30, RMSE_all=0.0568, RMSE_target=0.0558
Saved 2d+10: method=PM, n_initial=50, repeat=1/30, RMSE_all=0.0868, RMSE_target=0.0342
Saved 2d+10: method=UCB, n_initial=40, repeat=29/30, RMSE_all=0.1125, RMSE_target=0.0309
Saved 2d+10: method=EI, n_initial=40, repeat=29/30, RMSE_all=0.1077, RMSE_target=0.0360
Saved 2d+10: method=D_opt, n_initial=50, repeat=2/30, RMSE_all=0.0405, RMSE_target=0.0472
Saved 2d+10: method=IMSE, n_initial=40, repeat=29/30, RMSE_all=0.0403, RMSE_target=0.0416
Saved 2d+10: method=K_means, n_initial=50, repeat=2/30, RMSE_all=0.1067, RMSE_target=0.0494
Saved 2d+10: method=G_opt, n_initial=40, repeat=30/30, RMSE_all=0.0621, RMSE_target=0.0827
Saved 2d+10: method=IMSE, n_initial=40, repeat=30/30, RMSE_all=0.0547, RMSE_target=0.0672
Saved 2d+10: method=LHS, n_initial=50, repeat=3/30, RMSE_all=0.0643, RMSE_target=0.0518
Saved 2d+10: method=D_opt, n_initial=50, repeat=3/30, RMSE_all=0.0564, RMSE_target=0.0620
Saved 2d+10: method=K_means, n_initial=50, repeat=3/30, RMSE_all=0.0838, RMSE_target=0.0473
Saved 2d+10: method=G_opt, n_initial=50, repeat=1/30, RMSE_all=0.0592, RMSE_target=0.0482
Saved 2d+10: method=UCB, n_initial=50, repeat=1/30, RMSE_all=0.0876, RMSE_target=0.0293
Saved 2d+10: method=EI, n_initial=50, repeat=1/30, RMSE_all=0.0866, RMSE_target=0.0306
Saved 2d+10: method=UCB, n_initial=50, repeat=2/30, RMSE_all=0.0997, RMSE_target=0.0265
Saved 2d+10: method=PM, n_initial=50, repeat=3/30, RMSE_all=0.0700, RMSE_target=0.0456
Saved 2d+10: method=LHS, n_initial=50, repeat=4/30, RMSE_all=0.0643, RMSE_target=0.0294
Saved 2d+10: method=IMSE, n_initial=50, repeat=1/30, RMSE_all=0.0382, RMSE_target=0.0423
Saved 2d+10: method=D_opt, n_initial=50, repeat=4/30, RMSE_all=0.0716, RMSE_target=0.0466
Saved 2d+10: method=PM, n_initial=50, repeat=2/30, RMSE_all=0.2271, RMSE_target=0.0287
Saved 2d+10: method=G_opt, n_initial=50, repeat=2/30, RMSE_all=0.0385, RMSE_target=0.0484
Saved 2d+10: method=K_means, n_initial=50, repeat=4/30, RMSE_all=0.0646, RMSE_target=0.0333
Saved 2d+10: method=EI, n_initial=50, repeat=2/30, RMSE_all=0.0117, RMSE_target=0.0055
Saved 2d+10: method=LHS, n_initial=50, repeat=5/30, RMSE_all=0.0536, RMSE_target=0.0393
Saved 2d+10: method=IMSE, n_initial=50, repeat=2/30, RMSE_all=0.0374, RMSE_target=0.0477
Saved 2d+10: method=D_opt, n_initial=50, repeat=5/30, RMSE_all=0.0747, RMSE_target=0.0693
Saved 2d+10: method=G_opt, n_initial=50, repeat=3/30, RMSE_all=0.0401, RMSE_target=0.0504
Saved 2d+10: method=IMSE, n_initial=50, repeat=3/30, RMSE_all=0.0432, RMSE_target=0.0549
Saved 2d+10: method=PM, n_initial=50, repeat=4/30, RMSE_all=0.1029, RMSE_target=0.0189
Saved 2d+10: method=K_means, n_initial=50, repeat=5/30, RMSE_all=0.0801, RMSE_target=0.0676
Saved 2d+10: method=EI, n_initial=50, repeat=3/30, RMSE_all=0.0711, RMSE_target=0.0406
Saved 2d+10: method=G_opt, n_initial=50, repeat=4/30, RMSE_all=0.0519, RMSE_target=0.0385
Saved 2d+10: method=LHS, n_initial=50, repeat=6/30, RMSE_all=0.0941, RMSE_target=0.0280
Saved 2d+10: method=UCB, n_initial=50, repeat=3/30, RMSE_all=0.0706, RMSE_target=0.0386
Saved 2d+10: method=EI, n_initial=50, repeat=4/30, RMSE_all=0.0997, RMSE_target=0.0192
Saved 2d+10: method=D_opt, n_initial=50, repeat=6/30, RMSE_all=0.0434, RMSE_target=0.0257
Saved 2d+10: method=K_means, n_initial=50, repeat=6/30, RMSE_all=0.0888, RMSE_target=0.0276
Saved 2d+10: method=PM, n_initial=50, repeat=5/30, RMSE_all=0.0684, RMSE_target=0.0382
Saved 2d+10: method=IMSE, n_initial=50, repeat=5/30, RMSE_all=0.0498, RMSE_target=0.0410
Saved 2d+10: method=UCB, n_initial=50, repeat=5/30, RMSE_all=0.0705, RMSE_target=0.0429
Saved 2d+10: method=UCB, n_initial=50, repeat=4/30, RMSE_all=0.1016, RMSE_target=0.0186
Saved 2d+10: method=LHS, n_initial=50, repeat=7/30, RMSE_all=0.0632, RMSE_target=0.0498
Saved 2d+10: method=IMSE, n_initial=50, repeat=4/30, RMSE_all=0.0404, RMSE_target=0.0260
Saved 2d+10: method=K_means, n_initial=50, repeat=7/30, RMSE_all=0.0525, RMSE_target=0.0407
Saved 2d+10: method=D_opt, n_initial=50, repeat=7/30, RMSE_all=0.0483, RMSE_target=0.0535
Saved 2d+10: method=G_opt, n_initial=50, repeat=5/30, RMSE_all=0.0656, RMSE_target=0.0661
Saved 2d+10: method=EI, n_initial=50, repeat=5/30, RMSE_all=0.0715, RMSE_target=0.0440
Saved 2d+10: method=EI, n_initial=50, repeat=6/30, RMSE_all=0.1341, RMSE_target=0.0216
Saved 2d+10: method=PM, n_initial=50, repeat=6/30, RMSE_all=0.1333, RMSE_target=0.0199
Saved 2d+10: method=LHS, n_initial=50, repeat=8/30, RMSE_all=0.0622, RMSE_target=0.0360
Saved 2d+10: method=D_opt, n_initial=50, repeat=8/30, RMSE_all=0.0587, RMSE_target=0.0476
Saved 2d+10: method=K_means, n_initial=50, repeat=8/30, RMSE_all=0.0548, RMSE_target=0.0516
Saved 2d+10: method=PM, n_initial=50, repeat=7/30, RMSE_all=0.0672, RMSE_target=0.0323
Saved 2d+10: method=G_opt, n_initial=50, repeat=6/30, RMSE_all=0.0394, RMSE_target=0.0379
Saved 2d+10: method=G_opt, n_initial=50, repeat=7/30, RMSE_all=0.0405, RMSE_target=0.0500
Saved 2d+10: method=IMSE, n_initial=50, repeat=6/30, RMSE_all=0.0415, RMSE_target=0.0388
Saved 2d+10: method=UCB, n_initial=50, repeat=6/30, RMSE_all=0.1348, RMSE_target=0.0201
Saved 2d+10: method=LHS, n_initial=50, repeat=9/30, RMSE_all=0.0669, RMSE_target=0.0446
Saved 2d+10: method=K_means, n_initial=50, repeat=9/30, RMSE_all=0.1274, RMSE_target=0.0387
Saved 2d+10: method=D_opt, n_initial=50, repeat=9/30, RMSE_all=0.0732, RMSE_target=0.0482
Saved 2d+10: method=UCB, n_initial=50, repeat=7/30, RMSE_all=0.0607, RMSE_target=0.0374
Saved 2d+10: method=G_opt, n_initial=50, repeat=8/30, RMSE_all=0.0403, RMSE_target=0.0603
Saved 2d+10: method=EI, n_initial=50, repeat=7/30, RMSE_all=0.0723, RMSE_target=0.0342
Saved 2d+10: method=IMSE, n_initial=50, repeat=7/30, RMSE_all=0.0373, RMSE_target=0.0490
Saved 2d+10: method=PM, n_initial=50, repeat=8/30, RMSE_all=0.0689, RMSE_target=0.0321
Saved 2d+10: method=LHS, n_initial=50, repeat=10/30, RMSE_all=0.1205, RMSE_target=0.0498
Saved 2d+10: method=PM, n_initial=50, repeat=9/30, RMSE_all=0.0719, RMSE_target=0.0379
Saved 2d+10: method=D_opt, n_initial=50, repeat=10/30, RMSE_all=0.0950, RMSE_target=0.0559
Saved 2d+10: method=K_means, n_initial=50, repeat=10/30, RMSE_all=0.1030, RMSE_target=0.0476
Saved 2d+10: method=EI, n_initial=50, repeat=8/30, RMSE_all=0.0689, RMSE_target=0.0302
Saved 2d+10: method=UCB, n_initial=50, repeat=8/30, RMSE_all=0.0681, RMSE_target=0.0315
Saved 2d+10: method=EI, n_initial=50, repeat=9/30, RMSE_all=0.0729, RMSE_target=0.0373
Saved 2d+10: method=IMSE, n_initial=50, repeat=9/30, RMSE_all=0.0397, RMSE_target=0.0458
Saved 2d+10: method=IMSE, n_initial=50, repeat=8/30, RMSE_all=0.0426, RMSE_target=0.0553
Saved 2d+10: method=LHS, n_initial=50, repeat=11/30, RMSE_all=0.0948, RMSE_target=0.0413
Saved 2d+10: method=D_opt, n_initial=50, repeat=11/30, RMSE_all=0.0595, RMSE_target=0.0431
Saved 2d+10: method=K_means, n_initial=50, repeat=11/30, RMSE_all=0.0662, RMSE_target=0.0454
Saved 2d+10: method=PM, n_initial=50, repeat=10/30, RMSE_all=0.1139, RMSE_target=0.0312
Saved 2d+10: method=G_opt, n_initial=50, repeat=9/30, RMSE_all=0.0410, RMSE_target=0.0463
Saved 2d+10: method=LHS, n_initial=50, repeat=12/30, RMSE_all=0.0676, RMSE_target=0.0309
Saved 2d+10: method=UCB, n_initial=50, repeat=9/30, RMSE_all=0.0726, RMSE_target=0.0367
Saved 2d+10: method=D_opt, n_initial=50, repeat=12/30, RMSE_all=0.0540, RMSE_target=0.0230
Saved 2d+10: method=IMSE, n_initial=50, repeat=10/30, RMSE_all=0.0597, RMSE_target=0.0572
Saved 2d+10: method=K_means, n_initial=50, repeat=12/30, RMSE_all=0.0989, RMSE_target=0.0328
Saved 2d+10: method=G_opt, n_initial=50, repeat=10/30, RMSE_all=0.0510, RMSE_target=0.0496
Saved 2d+10: method=G_opt, n_initial=50, repeat=11/30, RMSE_all=0.0453, RMSE_target=0.0424
Saved 2d+10: method=EI, n_initial=50, repeat=10/30, RMSE_all=0.1053, RMSE_target=0.0332
Saved 2d+10: method=UCB, n_initial=50, repeat=10/30, RMSE_all=0.1219, RMSE_target=0.0311
Saved 2d+10: method=UCB, n_initial=50, repeat=11/30, RMSE_all=0.1336, RMSE_target=0.0300
Saved 2d+10: method=LHS, n_initial=50, repeat=13/30, RMSE_all=0.0416, RMSE_target=0.0395
Saved 2d+10: method=D_opt, n_initial=50, repeat=13/30, RMSE_all=0.0402, RMSE_target=0.0423
Saved 2d+10: method=PM, n_initial=50, repeat=12/30, RMSE_all=0.1129, RMSE_target=0.0322
Saved 2d+10: method=K_means, n_initial=50, repeat=13/30, RMSE_all=0.0398, RMSE_target=0.0341
Saved 2d+10: method=PM, n_initial=50, repeat=11/30, RMSE_all=0.1061, RMSE_target=0.0337
Saved 2d+10: method=EI, n_initial=50, repeat=11/30, RMSE_all=0.1533, RMSE_target=0.0362
Saved 2d+10: method=EI, n_initial=50, repeat=12/30, RMSE_all=0.1233, RMSE_target=0.0360
Saved 2d+10: method=IMSE, n_initial=50, repeat=11/30, RMSE_all=0.0492, RMSE_target=0.0456
Saved 2d+10: method=G_opt, n_initial=50, repeat=12/30, RMSE_all=0.0444, RMSE_target=0.0397
Saved 2d+10: method=LHS, n_initial=50, repeat=14/30, RMSE_all=0.1127, RMSE_target=0.0828
Saved 2d+10: method=D_opt, n_initial=50, repeat=14/30, RMSE_all=0.1174, RMSE_target=0.0821
Saved 2d+10: method=K_means, n_initial=50, repeat=14/30, RMSE_all=0.0688, RMSE_target=0.0497
Saved 2d+10: method=IMSE, n_initial=50, repeat=12/30, RMSE_all=0.0200, RMSE_target=0.0228
Saved 2d+10: method=PM, n_initial=50, repeat=13/30, RMSE_all=0.0461, RMSE_target=0.0351
Saved 2d+10: method=LHS, n_initial=50, repeat=15/30, RMSE_all=0.0509, RMSE_target=0.0479
Saved 2d+10: method=UCB, n_initial=50, repeat=12/30, RMSE_all=0.1235, RMSE_target=0.0359
Saved 2d+10: method=G_opt, n_initial=50, repeat=13/30, RMSE_all=0.0382, RMSE_target=0.0453
Saved 2d+10: method=K_means, n_initial=50, repeat=15/30, RMSE_all=0.0908, RMSE_target=0.0355
Saved 2d+10: method=D_opt, n_initial=50, repeat=15/30, RMSE_all=0.0529, RMSE_target=0.0458
Saved 2d+10: method=EI, n_initial=50, repeat=13/30, RMSE_all=0.0510, RMSE_target=0.0401
Saved 2d+10: method=UCB, n_initial=50, repeat=13/30, RMSE_all=0.0422, RMSE_target=0.0337
Saved 2d+10: method=IMSE, n_initial=50, repeat=13/30, RMSE_all=0.0396, RMSE_target=0.0457
Saved 2d+10: method=LHS, n_initial=50, repeat=16/30, RMSE_all=0.0776, RMSE_target=0.0432
Saved 2d+10: method=G_opt, n_initial=50, repeat=14/30, RMSE_all=0.0346, RMSE_target=0.0481
Saved 2d+10: method=PM, n_initial=50, repeat=14/30, RMSE_all=0.0567, RMSE_target=0.0323
Saved 2d+10: method=IMSE, n_initial=50, repeat=14/30, RMSE_all=0.0382, RMSE_target=0.0517
Saved 2d+10: method=D_opt, n_initial=50, repeat=16/30, RMSE_all=0.0786, RMSE_target=0.0453
Saved 2d+10: method=K_means, n_initial=50, repeat=16/30, RMSE_all=0.0655, RMSE_target=0.0381
Saved 2d+10: method=PM, n_initial=50, repeat=15/30, RMSE_all=0.0891, RMSE_target=0.0351
Saved 2d+10: method=EI, n_initial=50, repeat=14/30, RMSE_all=0.0634, RMSE_target=0.0348
Saved 2d+10: method=UCB, n_initial=50, repeat=14/30, RMSE_all=0.0686, RMSE_target=0.0358
Saved 2d+10: method=LHS, n_initial=50, repeat=17/30, RMSE_all=0.0608, RMSE_target=0.0432
Saved 2d+10: method=D_opt, n_initial=50, repeat=17/30, RMSE_all=0.0548, RMSE_target=0.0508
Saved 2d+10: method=G_opt, n_initial=50, repeat=15/30, RMSE_all=0.0434, RMSE_target=0.0536
Saved 2d+10: method=IMSE, n_initial=50, repeat=15/30, RMSE_all=0.0495, RMSE_target=0.0509
Saved 2d+10: method=EI, n_initial=50, repeat=15/30, RMSE_all=0.0863, RMSE_target=0.0359
Saved 2d+10: method=PM, n_initial=50, repeat=16/30, RMSE_all=0.0876, RMSE_target=0.0337
Saved 2d+10: method=K_means, n_initial=50, repeat=17/30, RMSE_all=0.0647, RMSE_target=0.0483
Saved 2d+10: method=LHS, n_initial=50, repeat=18/30, RMSE_all=0.0880, RMSE_target=0.0599
Saved 2d+10: method=UCB, n_initial=50, repeat=15/30, RMSE_all=0.0985, RMSE_target=0.0315
Saved 2d+10: method=G_opt, n_initial=50, repeat=16/30, RMSE_all=0.0475, RMSE_target=0.0439
Saved 2d+10: method=D_opt, n_initial=50, repeat=18/30, RMSE_all=0.0593, RMSE_target=0.0760
Saved 2d+10: method=K_means, n_initial=50, repeat=18/30, RMSE_all=0.0707, RMSE_target=0.0613
Saved 2d+10: method=PM, n_initial=50, repeat=17/30, RMSE_all=0.0108, RMSE_target=0.0042
Saved 2d+10: method=UCB, n_initial=50, repeat=16/30, RMSE_all=0.0902, RMSE_target=0.0430
Saved 2d+10: method=EI, n_initial=50, repeat=16/30, RMSE_all=0.0897, RMSE_target=0.0434
Saved 2d+10: method=IMSE, n_initial=50, repeat=16/30, RMSE_all=0.0422, RMSE_target=0.0416
Saved 2d+10: method=LHS, n_initial=50, repeat=19/30, RMSE_all=0.0453, RMSE_target=0.0477
Saved 2d+10: method=D_opt, n_initial=50, repeat=19/30, RMSE_all=0.0551, RMSE_target=0.0521
Saved 2d+10: method=PM, n_initial=50, repeat=18/30, RMSE_all=0.0781, RMSE_target=0.0416
Saved 2d+10: method=G_opt, n_initial=50, repeat=17/30, RMSE_all=0.0378, RMSE_target=0.0539
Saved 2d+10: method=K_means, n_initial=50, repeat=19/30, RMSE_all=0.0491, RMSE_target=0.0471
Saved 2d+10: method=IMSE, n_initial=50, repeat=17/30, RMSE_all=0.0361, RMSE_target=0.0510
Saved 2d+10: method=EI, n_initial=50, repeat=17/30, RMSE_all=0.0940, RMSE_target=0.0312
Saved 2d+10: method=UCB, n_initial=50, repeat=17/30, RMSE_all=0.0813, RMSE_target=0.0330
Saved 2d+10: method=UCB, n_initial=50, repeat=18/30, RMSE_all=0.0887, RMSE_target=0.0469
Saved 2d+10: method=LHS, n_initial=50, repeat=20/30, RMSE_all=0.0485, RMSE_target=0.0410
Saved 2d+10: method=G_opt, n_initial=50, repeat=18/30, RMSE_all=0.0472, RMSE_target=0.0720
Saved 2d+10: method=IMSE, n_initial=50, repeat=18/30, RMSE_all=0.0429, RMSE_target=0.0680
Saved 2d+10: method=D_opt, n_initial=50, repeat=20/30, RMSE_all=0.0493, RMSE_target=0.0441
Saved 2d+10: method=K_means, n_initial=50, repeat=20/30, RMSE_all=0.0657, RMSE_target=0.0444
Saved 2d+10: method=EI, n_initial=50, repeat=18/30, RMSE_all=0.0817, RMSE_target=0.0374
Saved 2d+10: method=LHS, n_initial=50, repeat=21/30, RMSE_all=0.0600, RMSE_target=0.0357
Saved 2d+10: method=G_opt, n_initial=50, repeat=19/30, RMSE_all=0.0403, RMSE_target=0.0442
Saved 2d+10: method=PM, n_initial=50, repeat=19/30, RMSE_all=0.0492, RMSE_target=0.0363
Saved 2d+10: method=D_opt, n_initial=50, repeat=21/30, RMSE_all=0.0588, RMSE_target=0.0352
Saved 2d+10: method=K_means, n_initial=50, repeat=21/30, RMSE_all=0.1067, RMSE_target=0.0371
Saved 2d+10: method=IMSE, n_initial=50, repeat=19/30, RMSE_all=0.0438, RMSE_target=0.0491
Saved 2d+10: method=EI, n_initial=50, repeat=19/30, RMSE_all=0.0492, RMSE_target=0.0367
Saved 2d+10: method=PM, n_initial=50, repeat=20/30, RMSE_all=0.0591, RMSE_target=0.0395
Saved 2d+10: method=UCB, n_initial=50, repeat=19/30, RMSE_all=0.0473, RMSE_target=0.0351
Saved 2d+10: method=UCB, n_initial=50, repeat=20/30, RMSE_all=0.0681, RMSE_target=0.0429
Saved 2d+10: method=LHS, n_initial=50, repeat=22/30, RMSE_all=0.0761, RMSE_target=0.0334
Saved 2d+10: method=G_opt, n_initial=50, repeat=20/30, RMSE_all=0.0400, RMSE_target=0.0449
Saved 2d+10: method=D_opt, n_initial=50, repeat=22/30, RMSE_all=0.0730, RMSE_target=0.0352
Saved 2d+10: method=IMSE, n_initial=50, repeat=20/30, RMSE_all=0.0450, RMSE_target=0.0478
Saved 2d+10: method=K_means, n_initial=50, repeat=22/30, RMSE_all=0.0539, RMSE_target=0.0383
Saved 2d+10: method=EI, n_initial=50, repeat=20/30, RMSE_all=0.0617, RMSE_target=0.0383
Saved 2d+10: method=LHS, n_initial=50, repeat=23/30, RMSE_all=0.0650, RMSE_target=0.0699
Saved 2d+10: method=PM, n_initial=50, repeat=21/30, RMSE_all=0.0801, RMSE_target=0.0309
Saved 2d+10: method=D_opt, n_initial=50, repeat=23/30, RMSE_all=0.0484, RMSE_target=0.0561
Saved 2d+10: method=UCB, n_initial=50, repeat=21/30, RMSE_all=0.0782, RMSE_target=0.0326
Saved 2d+10: method=K_means, n_initial=50, repeat=23/30, RMSE_all=0.0766, RMSE_target=0.0536
Saved 2d+10: method=G_opt, n_initial=50, repeat=21/30, RMSE_all=0.0390, RMSE_target=0.0400
Saved 2d+10: method=EI, n_initial=50, repeat=21/30, RMSE_all=0.0817, RMSE_target=0.0347
Saved 2d+10: method=PM, n_initial=50, repeat=22/30, RMSE_all=0.0814, RMSE_target=0.0326
Saved 2d+10: method=LHS, n_initial=50, repeat=24/30, RMSE_all=0.0771, RMSE_target=0.0453
Saved 2d+10: method=IMSE, n_initial=50, repeat=21/30, RMSE_all=0.0380, RMSE_target=0.0372
Saved 2d+10: method=UCB, n_initial=50, repeat=22/30, RMSE_all=0.0775, RMSE_target=0.0354
Saved 2d+10: method=K_means, n_initial=50, repeat=24/30, RMSE_all=0.0551, RMSE_target=0.0550
Saved 2d+10: method=PM, n_initial=50, repeat=23/30, RMSE_all=0.0541, RMSE_target=0.0327
Saved 2d+10: method=D_opt, n_initial=50, repeat=24/30, RMSE_all=0.0476, RMSE_target=0.0399
Saved 2d+10: method=G_opt, n_initial=50, repeat=22/30, RMSE_all=0.0483, RMSE_target=0.0475
Saved 2d+10: method=IMSE, n_initial=50, repeat=22/30, RMSE_all=0.0494, RMSE_target=0.0547
Saved 2d+10: method=EI, n_initial=50, repeat=22/30, RMSE_all=0.0748, RMSE_target=0.0365
Saved 2d+10: method=LHS, n_initial=50, repeat=25/30, RMSE_all=0.1034, RMSE_target=0.0476
Saved 2d+10: method=D_opt, n_initial=50, repeat=25/30, RMSE_all=0.0862, RMSE_target=0.0546
Saved 2d+10: method=EI, n_initial=50, repeat=23/30, RMSE_all=0.0523, RMSE_target=0.0340
Saved 2d+10: method=K_means, n_initial=50, repeat=25/30, RMSE_all=0.1118, RMSE_target=0.0488
Saved 2d+10: method=G_opt, n_initial=50, repeat=23/30, RMSE_all=0.0434, RMSE_target=0.0564
Saved 2d+10: method=IMSE, n_initial=50, repeat=24/30, RMSE_all=0.0376, RMSE_target=0.0423
Saved 2d+10: method=UCB, n_initial=50, repeat=23/30, RMSE_all=0.0563, RMSE_target=0.0305
Saved 2d+10: method=IMSE, n_initial=50, repeat=23/30, RMSE_all=0.0380, RMSE_target=0.0407
Saved 2d+10: method=PM, n_initial=50, repeat=24/30, RMSE_all=0.0750, RMSE_target=0.0294
Saved 2d+10: method=G_opt, n_initial=50, repeat=24/30, RMSE_all=0.0356, RMSE_target=0.0331
Saved 2d+10: method=LHS, n_initial=50, repeat=26/30, RMSE_all=0.0747, RMSE_target=0.0428
Saved 2d+10: method=D_opt, n_initial=50, repeat=26/30, RMSE_all=0.0783, RMSE_target=0.0316
Saved 2d+10: method=UCB, n_initial=50, repeat=24/30, RMSE_all=0.0929, RMSE_target=0.0308
Saved 2d+10: method=K_means, n_initial=50, repeat=26/30, RMSE_all=0.0758, RMSE_target=0.0407
Saved 2d+10: method=G_opt, n_initial=50, repeat=25/30, RMSE_all=0.0496, RMSE_target=0.0519
Saved 2d+10: method=EI, n_initial=50, repeat=24/30, RMSE_all=0.0957, RMSE_target=0.0346
Saved 2d+10: method=LHS, n_initial=50, repeat=27/30, RMSE_all=0.0379, RMSE_target=0.0527
Saved 2d+10: method=EI, n_initial=50, repeat=25/30, RMSE_all=0.0363, RMSE_target=0.0103
Saved 2d+10: method=UCB, n_initial=50, repeat=25/30, RMSE_all=0.1169, RMSE_target=0.0372
Saved 2d+10: method=D_opt, n_initial=50, repeat=27/30, RMSE_all=0.0422, RMSE_target=0.0597
Saved 2d+10: method=PM, n_initial=50, repeat=25/30, RMSE_all=0.1009, RMSE_target=0.0346
Saved 2d+10: method=K_means, n_initial=50, repeat=27/30, RMSE_all=0.0673, RMSE_target=0.0587
Saved 2d+10: method=PM, n_initial=50, repeat=26/30, RMSE_all=0.0885, RMSE_target=0.0327
Saved 2d+10: method=G_opt, n_initial=50, repeat=26/30, RMSE_all=0.0379, RMSE_target=0.0342
Saved 2d+10: method=IMSE, n_initial=50, repeat=25/30, RMSE_all=0.0526, RMSE_target=0.0501
Saved 2d+10: method=LHS, n_initial=50, repeat=28/30, RMSE_all=0.0826, RMSE_target=0.0398
Saved 2d+10: method=IMSE, n_initial=50, repeat=26/30, RMSE_all=0.0492, RMSE_target=0.0287
Saved 2d+10: method=K_means, n_initial=50, repeat=28/30, RMSE_all=0.0826, RMSE_target=0.0361
Saved 2d+10: method=D_opt, n_initial=50, repeat=28/30, RMSE_all=0.0840, RMSE_target=0.0391
Saved 2d+10: method=PM, n_initial=50, repeat=27/30, RMSE_all=0.0669, RMSE_target=0.0433
Saved 2d+10: method=UCB, n_initial=50, repeat=26/30, RMSE_all=0.0885, RMSE_target=0.0296
Saved 2d+10: method=UCB, n_initial=50, repeat=27/30, RMSE_all=0.0703, RMSE_target=0.0324
Saved 2d+10: method=LHS, n_initial=50, repeat=29/30, RMSE_all=0.0683, RMSE_target=0.0505
Saved 2d+10: method=EI, n_initial=50, repeat=26/30, RMSE_all=0.0830, RMSE_target=0.0303
Saved 2d+10: method=G_opt, n_initial=50, repeat=27/30, RMSE_all=0.0468, RMSE_target=0.0614
Saved 2d+10: method=D_opt, n_initial=50, repeat=29/30, RMSE_all=0.0717, RMSE_target=0.0482
Saved 2d+10: method=K_means, n_initial=50, repeat=29/30, RMSE_all=0.0850, RMSE_target=0.0409
Saved 2d+10: method=IMSE, n_initial=50, repeat=27/30, RMSE_all=0.0250, RMSE_target=0.0382
Saved 2d+10: method=EI, n_initial=50, repeat=27/30, RMSE_all=0.0678, RMSE_target=0.0322
Saved 2d+10: method=PM, n_initial=50, repeat=28/30, RMSE_all=0.0999, RMSE_target=0.0309
Saved 2d+10: method=G_opt, n_initial=50, repeat=28/30, RMSE_all=0.0368, RMSE_target=0.0419
Saved 2d+10: method=LHS, n_initial=50, repeat=30/30, RMSE_all=0.0878, RMSE_target=0.0381
Saved 2d+10: method=EI, n_initial=50, repeat=28/30, RMSE_all=0.0829, RMSE_target=0.0344
Saved 2d+10: method=D_opt, n_initial=50, repeat=30/30, RMSE_all=0.0467, RMSE_target=0.0483
Saved 2d+10: method=K_means, n_initial=50, repeat=30/30, RMSE_all=0.1127, RMSE_target=0.0515
Saved 2d+10: method=G_opt, n_initial=50, repeat=29/30, RMSE_all=0.0447, RMSE_target=0.0464
Saved 2d+10: method=EI, n_initial=50, repeat=29/30, RMSE_all=0.0738, RMSE_target=0.0281
Saved 2d+10: method=LHS, n_initial=60, repeat=1/30, RMSE_all=0.0387, RMSE_target=0.0330
Saved 2d+10: method=UCB, n_initial=50, repeat=28/30, RMSE_all=0.0811, RMSE_target=0.0339
Saved 2d+10: method=IMSE, n_initial=50, repeat=28/30, RMSE_all=0.0363, RMSE_target=0.0427
Saved 2d+10: method=PM, n_initial=50, repeat=29/30, RMSE_all=0.0766, RMSE_target=0.0295
Saved 2d+10: method=D_opt, n_initial=60, repeat=1/30, RMSE_all=0.0388, RMSE_target=0.0273
Saved 2d+10: method=K_means, n_initial=60, repeat=1/30, RMSE_all=0.0454, RMSE_target=0.0232
Saved 2d+10: method=IMSE, n_initial=50, repeat=29/30, RMSE_all=0.0155, RMSE_target=0.0200
Saved 2d+10: method=UCB, n_initial=50, repeat=29/30, RMSE_all=0.0783, RMSE_target=0.0301
Saved 2d+10: method=EI, n_initial=50, repeat=30/30, RMSE_all=0.0914, RMSE_target=0.0398
Saved 2d+10: method=UCB, n_initial=50, repeat=30/30, RMSE_all=0.0927, RMSE_target=0.0405
Saved 2d+10: method=D_opt, n_initial=60, repeat=2/30, RMSE_all=0.1048, RMSE_target=0.0230
Saved 2d+10: method=LHS, n_initial=60, repeat=2/30, RMSE_all=0.0948, RMSE_target=0.0250
Saved 2d+10: method=PM, n_initial=50, repeat=30/30, RMSE_all=0.1054, RMSE_target=0.0395
Saved 2d+10: method=K_means, n_initial=60, repeat=2/30, RMSE_all=0.0690, RMSE_target=0.0188
Saved 2d+10: method=G_opt, n_initial=50, repeat=30/30, RMSE_all=0.0360, RMSE_target=0.0488
Saved 2d+10: method=PM, n_initial=60, repeat=1/30, RMSE_all=0.0536, RMSE_target=0.0220
Saved 2d+10: method=IMSE, n_initial=50, repeat=30/30, RMSE_all=0.0347, RMSE_target=0.0403
Saved 2d+10: method=LHS, n_initial=60, repeat=3/30, RMSE_all=0.0372, RMSE_target=0.0434
Saved 2d+10: method=D_opt, n_initial=60, repeat=3/30, RMSE_all=0.0365, RMSE_target=0.0388
Saved 2d+10: method=G_opt, n_initial=60, repeat=1/30, RMSE_all=0.0317, RMSE_target=0.0309
Saved 2d+10: method=K_means, n_initial=60, repeat=3/30, RMSE_all=0.0436, RMSE_target=0.0404
Saved 2d+10: method=EI, n_initial=60, repeat=1/30, RMSE_all=0.0519, RMSE_target=0.0219
Saved 2d+10: method=UCB, n_initial=60, repeat=1/30, RMSE_all=0.0528, RMSE_target=0.0215
Saved 2d+10: method=IMSE, n_initial=60, repeat=1/30, RMSE_all=0.0322, RMSE_target=0.0293
Saved 2d+10: method=G_opt, n_initial=60, repeat=2/30, RMSE_all=0.0374, RMSE_target=0.0267
Saved 2d+10: method=LHS, n_initial=60, repeat=4/30, RMSE_all=0.0377, RMSE_target=0.0391