nohup: 忽略输入
R callback write-console: 此外:   
R callback write-console: 警告信息:
  
R callback write-console: 程序包‘tgp’是用R版本4.4.3 来建造的 
  
Run 2d+20: method=EI, n_initial=20, repeat=1/30

burn in:
r=1000 d=[0.151468 0.938987]; n=20
r=2000 d=[0.132955 0.767518]; n=20

Sampling @ nn=2000 pred locs:
r=1000 d=[0.0491457 0.712314]; mh=1 n=20
r=2000 d=[0.0818191 0.649563]; mh=1 n=20
r=3000 d=[0.0594726 0.496779]; mh=1 n=20
r=4000 d=[0.0888755 0.446502]; mh=1 n=20
r=5000 d=[0.109167 0.4124]; mh=1 n=20
Grow: 0%, 


burn in:
r=1000 d=[0.113921 0.588625]; n=21
r=2000 d=[0.12591 0.645312]; n=21

Sampling @ nn=1999 pred locs:
r=1000 d=[0.124771 0.835038]; mh=1 n=21
r=2000 d=[0.0646235 0.528705]; mh=1 n=21
r=3000 d=[0.0885708 0.7081]; mh=1 n=21
r=4000 d=[0.0854407 0.1464]; mh=1 n=21
r=5000 d=[0.0577916 0.59057]; mh=1 n=21
Grow: 0%, 


burn in:
r=1000 d=[0.0850668 0.58451]; n=22
r=2000 d=[0.0760655 0.632274]; n=22

Sampling @ nn=1998 pred locs:
r=1000 d=[0.0696606 0.569742]; mh=1 n=22
r=2000 d=[0.11887 0.275222]; mh=1 n=22
r=3000 d=[0.0829279 0.374497]; mh=1 n=22
r=4000 d=[0.111997 0.3536]; mh=1 n=22
r=5000 d=[0.10557 0.679339]; mh=1 n=22
Grow: 0%, 


burn in:
**GROW** @depth 0: [1,0.571863], n=(12,11)
**PRUNE** @depth 0: [1,0.572538]
r=1000 d=[0.0990755 0.525609]; n=23
r=2000 d=[0.111717 1.08118]; n=23

Sampling @ nn=1997 pred locs:
r=1000 d=[0.0961584 0.498251]; mh=1 n=23
r=2000 d=[0.0729431 0.206244]; mh=1 n=23
r=3000 d=[0.134904 0.760728]; mh=1 n=23
r=4000 d=[0.108596 0.468999]; mh=1 n=23
r=5000 d=[0.0867073 0.786007]; mh=1 n=23
Grow: 0.2841%, Prune: 100%, Change: 100%, 


burn in:
**GROW** @depth 0: [1,0.542729], n=(13,11)
**PRUNE** @depth 0: [1,0.543338]
r=1000 d=[0.121121 1.13691]; n=24
r=2000 d=[0.0993764 0.825418]; n=24

Sampling @ nn=1996 pred locs:
r=1000 d=[0.0541848 0.436445]; mh=1 n=24
r=2000 d=[0.0832467 0.71943]; mh=1 n=24
r=3000 d=[0.0823528 1.0299]; mh=1 n=24
r=4000 d=[0.0848802 0.767592]; mh=1 n=24
r=5000 d=[0.10159 0.560329]; mh=1 n=24
Grow: 0.2933%, Prune: 50%, Change: 100%, 


burn in:
r=1000 d=[0.102598 0.835163]; n=25
r=2000 d=[0.0672891 0.55762]; n=25

Sampling @ nn=1995 pred locs:
r=1000 d=[0.131553 1.56854]; mh=1 n=25
r=2000 d=[0.105408 0.943277]; mh=1 n=25
r=3000 d=[0.0671918 0.744056]; mh=1 n=25
r=4000 d=[0.0987987 0.515834]; mh=1 n=25
r=5000 d=[0.0929132 1.06253]; mh=1 n=25
Grow: 0%, 


burn in:
r=1000 d=[0.107777 1.00484]; n=26
r=2000 d=[0.157073 1.12113]; n=26

Sampling @ nn=1994 pred locs:
r=1000 d=[0.0988281 0.671563]; mh=1 n=26
r=2000 d=[0.128097 0.702235]; mh=1 n=26
r=3000 d=[0.089946 0.471644]; mh=1 n=26
r=4000 d=[0.0875981 0.749598]; mh=1 n=26
r=5000 d=[0.0680174 0.621599]; mh=1 n=26
Grow: 0%, 


burn in:
**GROW** @depth 0: [1,0.531035], n=(13,14)
**PRUNE** @depth 0: [1,0.529614]
r=1000 d=[0.0977326 0.739852]; n=27
r=2000 d=[0.0912929 0.567308]; n=27

Sampling @ nn=1993 pred locs:
r=1000 d=[0.0728588 0.721095]; mh=1 n=27
r=2000 d=[0.0783901 0.535325]; mh=1 n=27
r=3000 d=[0.0735313 0.706272]; mh=1 n=27
r=4000 d=[0.0868685 0.755546]; mh=1 n=27
r=5000 d=[0.0885949 0.657799]; mh=1 n=27
Grow: 0.2717%, Prune: 16.67%, Change: 100%, 


burn in:
r=1000 d=[0.0707372 0.720647]; n=28
r=2000 d=[0.0939343 0.632528]; n=28

Sampling @ nn=1992 pred locs:
r=1000 d=[0.0873957 0.720506]; mh=1 n=28
r=2000 d=[0.078922 0.633232]; mh=1 n=28
r=3000 d=[0.106273 0.866018]; mh=1 n=28
r=4000 d=[0.0661015 0.779554]; mh=1 n=28
r=5000 d=[0.134687 0.625986]; mh=1 n=28
Grow: 0%, 


burn in:
r=1000 d=[0.0973798 1.05901]; n=29
r=2000 d=[0.101305 0.980407]; n=29

Sampling @ nn=1991 pred locs:
r=1000 d=[0.081138 0.939522]; mh=1 n=29
r=2000 d=[0.0695823 0.443837]; mh=1 n=29
r=3000 d=[0.0924419 0.613365]; mh=1 n=29
r=4000 d=[0.0832421 0.666141]; mh=1 n=29
r=5000 d=[0.0862158 0.594306]; mh=1 n=29
Grow: 0%, 


burn in:
r=1000 d=[0.0891003 0.951742]; n=30
r=2000 d=[0.091416 0.865133]; n=30

Sampling @ nn=1990 pred locs:
r=1000 d=[0.0748811 0.766144]; mh=1 n=30
r=2000 d=[0.0950832 0.572363]; mh=1 n=30
r=3000 d=[0.0785712 0.996778]; mh=1 n=30
r=4000 d=[0.0857759 0.538847]; mh=1 n=30
r=5000 d=[0.059859 0.643624]; mh=1 n=30
Grow: 0%, 


burn in:
r=1000 d=[0.0442444 0.398731]; n=31
r=2000 d=[0.0766477 1.17175]; n=31

Sampling @ nn=1989 pred locs:
r=1000 d=[0.0618924 0.525031]; mh=1 n=31
r=2000 d=[0.0519796 0.761451]; mh=1 n=31
r=3000 d=[0.0846001 0.622206]; mh=1 n=31
r=4000 d=[0.0732966 0.755631]; mh=1 n=31
r=5000 d=[0.049007 0.961167]; mh=1 n=31
Grow: 0%, 


burn in:
r=1000 d=[0.0652803 0.330036]; n=32
r=2000 d=[0.0683154 0.901979]; n=32

Sampling @ nn=1988 pred locs:
r=1000 d=[0.104605 0.873063]; mh=1 n=32
r=2000 d=[0.0966014 0.815404]; mh=1 n=32
r=3000 d=[0.0728088 0.545072]; mh=1 n=32
r=4000 d=[0.0933944 0.793005]; mh=1 n=32
r=5000 d=[0.0823108 0.911103]; mh=1 n=32
Grow: 0%, 


burn in:
r=1000 d=[0.0667824 0.782032]; n=33
